Archive member included to satisfy reference by file (symbol)

d:/gcc-arm-none-eabi-10.3-2021.10/bin/../lib/gcc/arm-none-eabi/10.3.1/thumb/v6-m/nofp\libgcc.a(_udivsi3.o)
                              CMakeFiles/code.elf.dir/Drivers/STM32G0xx_HAL_Driver/Src/stm32g0xx_hal.c.obj (__aeabi_uidiv)
d:/gcc-arm-none-eabi-10.3-2021.10/bin/../lib/gcc/arm-none-eabi/10.3.1/thumb/v6-m/nofp\libgcc.a(_dvmd_tls.o)
                              d:/gcc-arm-none-eabi-10.3-2021.10/bin/../lib/gcc/arm-none-eabi/10.3.1/thumb/v6-m/nofp\libgcc.a(_udivsi3.o) (__aeabi_idiv0)
d:/gcc-arm-none-eabi-10.3-2021.10/bin/../lib/gcc/arm-none-eabi/10.3.1/../../../../arm-none-eabi/lib/thumb/v6-m/nofp\libg.a(lib_a-errno.o)
                              CMakeFiles/code.elf.dir/system/syscalls.c.obj (__errno)
d:/gcc-arm-none-eabi-10.3-2021.10/bin/../lib/gcc/arm-none-eabi/10.3.1/../../../../arm-none-eabi/lib/thumb/v6-m/nofp\libg.a(lib_a-exit.o)
                              d:/gcc-arm-none-eabi-10.3-2021.10/bin/../lib/gcc/arm-none-eabi/10.3.1/../../../../arm-none-eabi/lib/thumb/v6-m/nofp/crt0.o (exit)
d:/gcc-arm-none-eabi-10.3-2021.10/bin/../lib/gcc/arm-none-eabi/10.3.1/../../../../arm-none-eabi/lib/thumb/v6-m/nofp\libg.a(lib_a-impure.o)
                              d:/gcc-arm-none-eabi-10.3-2021.10/bin/../lib/gcc/arm-none-eabi/10.3.1/../../../../arm-none-eabi/lib/thumb/v6-m/nofp\libg.a(lib_a-exit.o) (_global_impure_ptr)
d:/gcc-arm-none-eabi-10.3-2021.10/bin/../lib/gcc/arm-none-eabi/10.3.1/../../../../arm-none-eabi/lib/thumb/v6-m/nofp\libg.a(lib_a-init.o)
                              d:/gcc-arm-none-eabi-10.3-2021.10/bin/../lib/gcc/arm-none-eabi/10.3.1/../../../../arm-none-eabi/lib/thumb/v6-m/nofp/crt0.o (__libc_init_array)
d:/gcc-arm-none-eabi-10.3-2021.10/bin/../lib/gcc/arm-none-eabi/10.3.1/../../../../arm-none-eabi/lib/thumb/v6-m/nofp\libg.a(lib_a-memset.o)
                              d:/gcc-arm-none-eabi-10.3-2021.10/bin/../lib/gcc/arm-none-eabi/10.3.1/../../../../arm-none-eabi/lib/thumb/v6-m/nofp/crt0.o (memset)
d:/gcc-arm-none-eabi-10.3-2021.10/bin/../lib/gcc/arm-none-eabi/10.3.1/../../../../arm-none-eabi/lib/thumb/v6-m/nofp\libg.a(lib_a-__call_atexit.o)
                              d:/gcc-arm-none-eabi-10.3-2021.10/bin/../lib/gcc/arm-none-eabi/10.3.1/../../../../arm-none-eabi/lib/thumb/v6-m/nofp\libg.a(lib_a-exit.o) (__call_exitprocs)
d:/gcc-arm-none-eabi-10.3-2021.10/bin/../lib/gcc/arm-none-eabi/10.3.1/../../../../arm-none-eabi/lib/thumb/v6-m/nofp\libg.a(lib_a-atexit.o)
                              d:/gcc-arm-none-eabi-10.3-2021.10/bin/../lib/gcc/arm-none-eabi/10.3.1/../../../../arm-none-eabi/lib/thumb/v6-m/nofp\libg.a(lib_a-__call_atexit.o) (atexit)
d:/gcc-arm-none-eabi-10.3-2021.10/bin/../lib/gcc/arm-none-eabi/10.3.1/../../../../arm-none-eabi/lib/thumb/v6-m/nofp\libg.a(lib_a-fini.o)
                              d:/gcc-arm-none-eabi-10.3-2021.10/bin/../lib/gcc/arm-none-eabi/10.3.1/../../../../arm-none-eabi/lib/thumb/v6-m/nofp\libg.a(lib_a-__call_atexit.o) (__libc_fini_array)
d:/gcc-arm-none-eabi-10.3-2021.10/bin/../lib/gcc/arm-none-eabi/10.3.1/../../../../arm-none-eabi/lib/thumb/v6-m/nofp\libg.a(lib_a-lock.o)
                              d:/gcc-arm-none-eabi-10.3-2021.10/bin/../lib/gcc/arm-none-eabi/10.3.1/../../../../arm-none-eabi/lib/thumb/v6-m/nofp\libg.a(lib_a-__call_atexit.o) (__retarget_lock_acquire_recursive)
d:/gcc-arm-none-eabi-10.3-2021.10/bin/../lib/gcc/arm-none-eabi/10.3.1/../../../../arm-none-eabi/lib/thumb/v6-m/nofp\libg.a(lib_a-__atexit.o)
                              d:/gcc-arm-none-eabi-10.3-2021.10/bin/../lib/gcc/arm-none-eabi/10.3.1/../../../../arm-none-eabi/lib/thumb/v6-m/nofp\libg.a(lib_a-atexit.o) (__register_exitproc)

Discarded input sections

 .text          0x00000000        0x0 d:/gcc-arm-none-eabi-10.3-2021.10/bin/../lib/gcc/arm-none-eabi/10.3.1/thumb/v6-m/nofp/crti.o
 .data          0x00000000        0x0 d:/gcc-arm-none-eabi-10.3-2021.10/bin/../lib/gcc/arm-none-eabi/10.3.1/thumb/v6-m/nofp/crti.o
 .bss           0x00000000        0x0 d:/gcc-arm-none-eabi-10.3-2021.10/bin/../lib/gcc/arm-none-eabi/10.3.1/thumb/v6-m/nofp/crti.o
 .data          0x00000000        0x4 d:/gcc-arm-none-eabi-10.3-2021.10/bin/../lib/gcc/arm-none-eabi/10.3.1/thumb/v6-m/nofp/crtbegin.o
 .rodata        0x00000000       0x24 d:/gcc-arm-none-eabi-10.3-2021.10/bin/../lib/gcc/arm-none-eabi/10.3.1/thumb/v6-m/nofp/crtbegin.o
 .text          0x00000000       0x80 d:/gcc-arm-none-eabi-10.3-2021.10/bin/../lib/gcc/arm-none-eabi/10.3.1/../../../../arm-none-eabi/lib/thumb/v6-m/nofp/crt0.o
 .data          0x00000000        0x0 d:/gcc-arm-none-eabi-10.3-2021.10/bin/../lib/gcc/arm-none-eabi/10.3.1/../../../../arm-none-eabi/lib/thumb/v6-m/nofp/crt0.o
 .bss           0x00000000        0x0 d:/gcc-arm-none-eabi-10.3-2021.10/bin/../lib/gcc/arm-none-eabi/10.3.1/../../../../arm-none-eabi/lib/thumb/v6-m/nofp/crt0.o
[...]
Memory Configuration

Name             Origin             Length             Attributes
RAM              0x20000000         0x00002000         xrw
FLASH            0x08000000         0x00008000         xr
*default*        0x00000000         0xffffffff

Linker script and memory map

LOAD d:/gcc-arm-none-eabi-10.3-2021.10/bin/../lib/gcc/arm-none-eabi/10.3.1/thumb/v6-m/nofp/crti.o
LOAD d:/gcc-arm-none-eabi-10.3-2021.10/bin/../lib/gcc/arm-none-eabi/10.3.1/thumb/v6-m/nofp/crtbegin.o
LOAD d:/gcc-arm-none-eabi-10.3-2021.10/bin/../lib/gcc/arm-none-eabi/10.3.1/../../../../arm-none-eabi/lib/thumb/v6-m/nofp/crt0.o
LOAD CMakeFiles/code.elf.dir/Drivers/STM32G0xx_HAL_Driver/Src/stm32g0xx_hal.c.obj
LOAD CMakeFiles/code.elf.dir/Drivers/STM32G0xx_HAL_Driver/Src/stm32g0xx_hal_cortex.c.obj
LOAD CMakeFiles/code.elf.dir/Drivers/STM32G0xx_HAL_Driver/Src/stm32g0xx_hal_dma.c.obj
LOAD CMakeFiles/code.elf.dir/Drivers/STM32G0xx_HAL_Driver/Src/stm32g0xx_hal_dma_ex.c.obj
LOAD CMakeFiles/code.elf.dir/Drivers/STM32G0xx_HAL_Driver/Src/stm32g0xx_hal_exti.c.obj
LOAD CMakeFiles/code.elf.dir/Drivers/STM32G0xx_HAL_Driver/Src/stm32g0xx_hal_flash.c.obj
LOAD CMakeFiles/code.elf.dir/Drivers/STM32G0xx_HAL_Driver/Src/stm32g0xx_hal_flash_ex.c.obj
LOAD CMakeFiles/code.elf.dir/Drivers/STM32G0xx_HAL_Driver/Src/stm32g0xx_hal_gpio.c.obj
LOAD CMakeFiles/code.elf.dir/Drivers/STM32G0xx_HAL_Driver/Src/stm32g0xx_hal_pwr.c.obj
LOAD CMakeFiles/code.elf.dir/Drivers/STM32G0xx_HAL_Driver/Src/stm32g0xx_hal_pwr_ex.c.obj
LOAD CMakeFiles/code.elf.dir/Drivers/STM32G0xx_HAL_Driver/Src/stm32g0xx_hal_rcc.c.obj
LOAD CMakeFiles/code.elf.dir/Drivers/STM32G0xx_HAL_Driver/Src/stm32g0xx_hal_rcc_ex.c.obj
LOAD CMakeFiles/code.elf.dir/Drivers/STM32G0xx_HAL_Driver/Src/stm32g0xx_hal_tim.c.obj
LOAD CMakeFiles/code.elf.dir/Drivers/STM32G0xx_HAL_Driver/Src/stm32g0xx_hal_tim_ex.c.obj
LOAD CMakeFiles/code.elf.dir/Drivers/STM32G0xx_HAL_Driver/Src/stm32g0xx_ll_dma.c.obj
LOAD CMakeFiles/code.elf.dir/Drivers/STM32G0xx_HAL_Driver/Src/stm32g0xx_ll_rcc.c.obj
LOAD CMakeFiles/code.elf.dir/hardware/MG995.c.obj
LOAD CMakeFiles/code.elf.dir/hardware/WS2812.c.obj
LOAD CMakeFiles/code.elf.dir/hardware/dma.c.obj
LOAD CMakeFiles/code.elf.dir/hardware/gpio.c.obj
LOAD CMakeFiles/code.elf.dir/hardware/key.c.obj
LOAD CMakeFiles/code.elf.dir/hardware/tim.c.obj
LOAD CMakeFiles/code.elf.dir/system/startup_stm32g030xx.s.obj
LOAD CMakeFiles/code.elf.dir/system/stm32g0xx_hal_msp.c.obj
LOAD CMakeFiles/code.elf.dir/system/syscalls.c.obj
LOAD CMakeFiles/code.elf.dir/system/system_stm32g0xx.c.obj
LOAD CMakeFiles/code.elf.dir/user/main.c.obj
LOAD CMakeFiles/code.elf.dir/user/stm32g0xx_it.c.obj
START GROUP
LOAD d:/gcc-arm-none-eabi-10.3-2021.10/bin/../lib/gcc/arm-none-eabi/10.3.1/thumb/v6-m/nofp\libgcc.a
LOAD d:/gcc-arm-none-eabi-10.3-2021.10/bin/../lib/gcc/arm-none-eabi/10.3.1/../../../../arm-none-eabi/lib/thumb/v6-m/nofp\libg.a
LOAD d:/gcc-arm-none-eabi-10.3-2021.10/bin/../lib/gcc/arm-none-eabi/10.3.1/../../../../arm-none-eabi/lib/thumb/v6-m/nofp\libc.a
END GROUP
LOAD d:/gcc-arm-none-eabi-10.3-2021.10/bin/../lib/gcc/arm-none-eabi/10.3.1/thumb/v6-m/nofp/crtend.o
LOAD d:/gcc-arm-none-eabi-10.3-2021.10/bin/../lib/gcc/arm-none-eabi/10.3.1/thumb/v6-m/nofp/crtn.o
                0x20002000                _estack = 0x20002000
                0x00000200                _Min_Heap_Size = 0x200
                0x00000400                _Min_Stack_Size = 0x400

.isr_vector     0x08000000       0xb8
                0x08000000                . = ALIGN (0x4)
 *(.isr_vector)
 .isr_vector    0x08000000       0xb8 CMakeFiles/code.elf.dir/system/startup_stm32g030xx.s.obj
                0x08000000                g_pfnVectors
                0x080000b8                . = ALIGN (0x4)

.text           0x080000b8     0x2738
                0x080000b8                . = ALIGN (0x4)
 *(.text)
 .text          0x080000b8       0x48 d:/gcc-arm-none-eabi-10.3-2021.10/bin/../lib/gcc/arm-none-eabi/10.3.1/thumb/v6-m/nofp/crtbegin.o
 .text          0x08000100      0x114 d:/gcc-arm-none-eabi-10.3-2021.10/bin/../lib/gcc/arm-none-eabi/10.3.1/thumb/v6-m/nofp\libgcc.a(_udivsi3.o)
                0x08000100                __aeabi_uidiv
                0x08000100                __udivsi3
                0x0800020c                __aeabi_uidivmod
 .text          0x08000214        0x4 d:/gcc-arm-none-eabi-10.3-2021.10/bin/../lib/gcc/arm-none-eabi/10.3.1/thumb/v6-m/nofp\libgcc.a(_dvmd_tls.o)
                0x08000214                __aeabi_idiv0
                0x08000214                __aeabi_ldiv0
 *(.text*)
 .text.HAL_InitTick
                0x08000218       0x58 CMakeFiles/code.elf.dir/Drivers/STM32G0xx_HAL_Driver/Src/stm32g0xx_hal.c.obj
                0x08000218                HAL_InitTick
 .text.HAL_Init
                0x08000270       0x28 CMakeFiles/code.elf.dir/Drivers/STM32G0xx_HAL_Driver/Src/stm32g0xx_hal.c.obj
                0x08000270                HAL_Init
 .text.HAL_IncTick
                0x08000298       0x18 CMakeFiles/code.elf.dir/Drivers/STM32G0xx_HAL_Driver/Src/stm32g0xx_hal.c.obj
                0x08000298                HAL_IncTick
 .text.HAL_GetTick
                0x080002b0        0xc CMakeFiles/code.elf.dir/Drivers/STM32G0xx_HAL_Driver/Src/stm32g0xx_hal.c.obj
                0x080002b0                HAL_GetTick
 .text.HAL_NVIC_SetPriority
                0x080002bc       0x60 CMakeFiles/code.elf.dir/Drivers/STM32G0xx_HAL_Driver/Src/stm32g0xx_hal_cortex.c.obj
                0x080002bc                HAL_NVIC_SetPriority
 .text.HAL_NVIC_EnableIRQ
                0x0800031c       0x18 CMakeFiles/code.elf.dir/Drivers/STM32G0xx_HAL_Driver/Src/stm32g0xx_hal_cortex.c.obj
                0x0800031c                HAL_NVIC_EnableIRQ
 .text.HAL_SYSTICK_Config
                0x08000334       0x38 CMakeFiles/code.elf.dir/Drivers/STM32G0xx_HAL_Driver/Src/stm32g0xx_hal_cortex.c.obj
                0x08000334                HAL_SYSTICK_Config
 .text.DMA_SetConfig
                0x0800036c       0x48 CMakeFiles/code.elf.dir/Drivers/STM32G0xx_HAL_Driver/Src/stm32g0xx_hal_dma.c.obj
 .text.DMA_CalcDMAMUXChannelBaseAndMask
                0x080003b4       0x38 CMakeFiles/code.elf.dir/Drivers/STM32G0xx_HAL_Driver/Src/stm32g0xx_hal_dma.c.obj
 .text.DMA_CalcDMAMUXRequestGenBaseAndMask
                0x080003ec       0x28 CMakeFiles/code.elf.dir/Drivers/STM32G0xx_HAL_Driver/Src/stm32g0xx_hal_dma.c.obj
 .text.HAL_DMA_Init
                0x08000414       0xb0 CMakeFiles/code.elf.dir/Drivers/STM32G0xx_HAL_Driver/Src/stm32g0xx_hal_dma.c.obj
                0x08000414                HAL_DMA_Init
 .text.HAL_DMA_Start_IT
                0x080004c4       0x9c CMakeFiles/code.elf.dir/Drivers/STM32G0xx_HAL_Driver/Src/stm32g0xx_hal_dma.c.obj
                0x080004c4                HAL_DMA_Start_IT
 .text.HAL_DMA_Abort_IT
                0x08000560       0x80 CMakeFiles/code.elf.dir/Drivers/STM32G0xx_HAL_Driver/Src/stm32g0xx_hal_dma.c.obj
                0x08000560                HAL_DMA_Abort_IT
 .text.HAL_DMA_IRQHandler
                0x080005e0       0xcc CMakeFiles/code.elf.dir/Drivers/STM32G0xx_HAL_Driver/Src/stm32g0xx_hal_dma.c.obj
                0x080005e0                HAL_DMA_IRQHandler
 .text.HAL_GPIO_Init
                0x080006ac      0x178 CMakeFiles/code.elf.dir/Drivers/STM32G0xx_HAL_Driver/Src/stm32g0xx_hal_gpio.c.obj
                0x080006ac                HAL_GPIO_Init
 .text.HAL_GPIO_ReadPin
                0x08000824        0xe CMakeFiles/code.elf.dir/Drivers/STM32G0xx_HAL_Driver/Src/stm32g0xx_hal_gpio.c.obj
                0x08000824                HAL_GPIO_ReadPin
 .text.HAL_GPIO_WritePin
                0x08000832        0xc CMakeFiles/code.elf.dir/Drivers/STM32G0xx_HAL_Driver/Src/stm32g0xx_hal_gpio.c.obj
                0x08000832                HAL_GPIO_WritePin
 .text.HAL_GPIO_TogglePin
                0x0800083e       0x10 CMakeFiles/code.elf.dir/Drivers/STM32G0xx_HAL_Driver/Src/stm32g0xx_hal_gpio.c.obj
                0x0800083e                HAL_GPIO_TogglePin
 *fill*         0x0800084e        0x2 
 .text.HAL_PWREx_ControlVoltageScaling
                0x08000850       0x54 CMakeFiles/code.elf.dir/Drivers/STM32G0xx_HAL_Driver/Src/stm32g0xx_hal_pwr_ex.c.obj
                0x08000850                HAL_PWREx_ControlVoltageScaling
 .text.HAL_RCC_OscConfig
                0x080008a4      0x4a4 CMakeFiles/code.elf.dir/Drivers/STM32G0xx_HAL_Driver/Src/stm32g0xx_hal_rcc.c.obj
                0x080008a4                HAL_RCC_OscConfig
 .text.HAL_RCC_GetSysClockFreq
                0x08000d48       0xb8 CMakeFiles/code.elf.dir/Drivers/STM32G0xx_HAL_Driver/Src/stm32g0xx_hal_rcc.c.obj
                0x08000d48                HAL_RCC_GetSysClockFreq
 .text.HAL_RCC_ClockConfig
                0x08000e00      0x18c CMakeFiles/code.elf.dir/Drivers/STM32G0xx_HAL_Driver/Src/stm32g0xx_hal_rcc.c.obj
                0x08000e00                HAL_RCC_ClockConfig
 .text.TIM_OC1_SetConfig
                0x08000f8c       0x7c CMakeFiles/code.elf.dir/Drivers/STM32G0xx_HAL_Driver/Src/stm32g0xx_hal_tim.c.obj
 .text.TIM_OC3_SetConfig
                0x08001008       0x8c CMakeFiles/code.elf.dir/Drivers/STM32G0xx_HAL_Driver/Src/stm32g0xx_hal_tim.c.obj
 .text.TIM_OC4_SetConfig
                0x08001094       0x68 CMakeFiles/code.elf.dir/Drivers/STM32G0xx_HAL_Driver/Src/stm32g0xx_hal_tim.c.obj
 .text.TIM_OC5_SetConfig
                0x080010fc       0x64 CMakeFiles/code.elf.dir/Drivers/STM32G0xx_HAL_Driver/Src/stm32g0xx_hal_tim.c.obj
 .text.TIM_OC6_SetConfig
                0x08001160       0x68 CMakeFiles/code.elf.dir/Drivers/STM32G0xx_HAL_Driver/Src/stm32g0xx_hal_tim.c.obj
 .text.TIM_TI1_ConfigInputStage
                0x080011c8       0x22 CMakeFiles/code.elf.dir/Drivers/STM32G0xx_HAL_Driver/Src/stm32g0xx_hal_tim.c.obj
 *fill*         0x080011ea        0x2 
 .text.TIM_TI2_ConfigInputStage
                0x080011ec       0x28 CMakeFiles/code.elf.dir/Drivers/STM32G0xx_HAL_Driver/Src/stm32g0xx_hal_tim.c.obj
 .text.TIM_ITRx_SetConfig
                0x08001214       0x14 CMakeFiles/code.elf.dir/Drivers/STM32G0xx_HAL_Driver/Src/stm32g0xx_hal_tim.c.obj
 .text.HAL_TIM_PWM_MspInit
                0x08001228        0x2 CMakeFiles/code.elf.dir/Drivers/STM32G0xx_HAL_Driver/Src/stm32g0xx_hal_tim.c.obj
                0x08001228                HAL_TIM_PWM_MspInit
 .text.HAL_TIM_PeriodElapsedCallback
                0x0800122a        0x2 CMakeFiles/code.elf.dir/Drivers/STM32G0xx_HAL_Driver/Src/stm32g0xx_hal_tim.c.obj
                0x0800122a                HAL_TIM_PeriodElapsedCallback
 .text.HAL_TIM_OC_DelayElapsedCallback
                0x0800122c        0x2 CMakeFiles/code.elf.dir/Drivers/STM32G0xx_HAL_Driver/Src/stm32g0xx_hal_tim.c.obj
                0x0800122c                HAL_TIM_OC_DelayElapsedCallback
 .text.HAL_TIM_IC_CaptureCallback
                0x0800122e        0x2 CMakeFiles/code.elf.dir/Drivers/STM32G0xx_HAL_Driver/Src/stm32g0xx_hal_tim.c.obj
                0x0800122e                HAL_TIM_IC_CaptureCallback
 .text.TIM_DMADelayPulseCplt
                0x08001230       0x70 CMakeFiles/code.elf.dir/Drivers/STM32G0xx_HAL_Driver/Src/stm32g0xx_hal_tim.c.obj
 .text.HAL_TIM_PWM_PulseFinishedHalfCpltCallback
                0x080012a0        0x2 CMakeFiles/code.elf.dir/Drivers/STM32G0xx_HAL_Driver/Src/stm32g0xx_hal_tim.c.obj
                0x080012a0                HAL_TIM_PWM_PulseFinishedHalfCpltCallback
 .text.TIM_DMADelayPulseHalfCplt
                0x080012a2       0x3e CMakeFiles/code.elf.dir/Drivers/STM32G0xx_HAL_Driver/Src/stm32g0xx_hal_tim.c.obj
                0x080012a2                TIM_DMADelayPulseHalfCplt
 .text.HAL_TIM_TriggerCallback
                0x080012e0        0x2 CMakeFiles/code.elf.dir/Drivers/STM32G0xx_HAL_Driver/Src/stm32g0xx_hal_tim.c.obj
                0x080012e0                HAL_TIM_TriggerCallback
 *fill*         0x080012e2        0x2 
 .text.HAL_TIM_IRQHandler
                0x080012e4      0x178 CMakeFiles/code.elf.dir/Drivers/STM32G0xx_HAL_Driver/Src/stm32g0xx_hal_tim.c.obj
                0x080012e4                HAL_TIM_IRQHandler
 .text.HAL_TIM_ErrorCallback
                0x0800145c        0x2 CMakeFiles/code.elf.dir/Drivers/STM32G0xx_HAL_Driver/Src/stm32g0xx_hal_tim.c.obj
                0x0800145c                HAL_TIM_ErrorCallback
 .text.TIM_DMAError
                0x0800145e       0x5c CMakeFiles/code.elf.dir/Drivers/STM32G0xx_HAL_Driver/Src/stm32g0xx_hal_tim.c.obj
                0x0800145e                TIM_DMAError
 *fill*         0x080014ba        0x2 
 .text.TIM_Base_SetConfig
                0x080014bc       0x84 CMakeFiles/code.elf.dir/Drivers/STM32G0xx_HAL_Driver/Src/stm32g0xx_hal_tim.c.obj
                0x080014bc                TIM_Base_SetConfig
 .text.HAL_TIM_Base_Init
                0x08001540       0x60 CMakeFiles/code.elf.dir/Drivers/STM32G0xx_HAL_Driver/Src/stm32g0xx_hal_tim.c.obj
                0x08001540                HAL_TIM_Base_Init
 .text.HAL_TIM_PWM_Init
                0x080015a0       0x60 CMakeFiles/code.elf.dir/Drivers/STM32G0xx_HAL_Driver/Src/stm32g0xx_hal_tim.c.obj
                0x080015a0                HAL_TIM_PWM_Init
 .text.TIM_OC2_SetConfig
                0x08001600       0x80 CMakeFiles/code.elf.dir/Drivers/STM32G0xx_HAL_Driver/Src/stm32g0xx_hal_tim.c.obj
                0x08001600                TIM_OC2_SetConfig
 .text.HAL_TIM_PWM_ConfigChannel
                0x08001680      0x144 CMakeFiles/code.elf.dir/Drivers/STM32G0xx_HAL_Driver/Src/stm32g0xx_hal_tim.c.obj
                0x08001680                HAL_TIM_PWM_ConfigChannel
 .text.TIM_ETR_SetConfig
                0x080017c4       0x18 CMakeFiles/code.elf.dir/Drivers/STM32G0xx_HAL_Driver/Src/stm32g0xx_hal_tim.c.obj
                0x080017c4                TIM_ETR_SetConfig
 .text.HAL_TIM_ConfigClockSource
                0x080017dc      0x108 CMakeFiles/code.elf.dir/Drivers/STM32G0xx_HAL_Driver/Src/stm32g0xx_hal_tim.c.obj
                0x080017dc                HAL_TIM_ConfigClockSource
 .text.TIM_CCxChannelCmd
                0x080018e4       0x1a CMakeFiles/code.elf.dir/Drivers/STM32G0xx_HAL_Driver/Src/stm32g0xx_hal_tim.c.obj
                0x080018e4                TIM_CCxChannelCmd
 *fill*         0x080018fe        0x2 
 .text.HAL_TIM_PWM_Start
                0x08001900      0x12c CMakeFiles/code.elf.dir/Drivers/STM32G0xx_HAL_Driver/Src/stm32g0xx_hal_tim.c.obj
                0x08001900                HAL_TIM_PWM_Start
 .text.HAL_TIM_PWM_Start_DMA
                0x08001a2c      0x2b0 CMakeFiles/code.elf.dir/Drivers/STM32G0xx_HAL_Driver/Src/stm32g0xx_hal_tim.c.obj
                0x08001a2c                HAL_TIM_PWM_Start_DMA
 .text.HAL_TIM_PWM_Stop_DMA
                0x08001cdc      0x130 CMakeFiles/code.elf.dir/Drivers/STM32G0xx_HAL_Driver/Src/stm32g0xx_hal_tim.c.obj
                0x08001cdc                HAL_TIM_PWM_Stop_DMA
 .text.HAL_TIMEx_MasterConfigSynchronization
                0x08001e0c       0x70 CMakeFiles/code.elf.dir/Drivers/STM32G0xx_HAL_Driver/Src/stm32g0xx_hal_tim_ex.c.obj
                0x08001e0c                HAL_TIMEx_MasterConfigSynchronization
 .text.HAL_TIMEx_ConfigBreakDeadTime
                0x08001e7c       0xcc CMakeFiles/code.elf.dir/Drivers/STM32G0xx_HAL_Driver/Src/stm32g0xx_hal_tim_ex.c.obj
                0x08001e7c                HAL_TIMEx_ConfigBreakDeadTime
 .text.HAL_TIMEx_CommutCallback
                0x08001f48        0x2 CMakeFiles/code.elf.dir/Drivers/STM32G0xx_HAL_Driver/Src/stm32g0xx_hal_tim_ex.c.obj
                0x08001f48                HAL_TIMEx_CommutCallback
 .text.HAL_TIMEx_BreakCallback
                0x08001f4a        0x2 CMakeFiles/code.elf.dir/Drivers/STM32G0xx_HAL_Driver/Src/stm32g0xx_hal_tim_ex.c.obj
                0x08001f4a                HAL_TIMEx_BreakCallback
 .text.HAL_TIMEx_Break2Callback
                0x08001f4c        0x2 CMakeFiles/code.elf.dir/Drivers/STM32G0xx_HAL_Driver/Src/stm32g0xx_hal_tim_ex.c.obj
                0x08001f4c                HAL_TIMEx_Break2Callback
 *fill*         0x08001f4e        0x2 
 .text.MG995_init
                0x08001f50       0x10 CMakeFiles/code.elf.dir/hardware/MG995.c.obj
                0x08001f50                MG995_init
 .text.MG995_OPEN
                0x08001f60       0x10 CMakeFiles/code.elf.dir/hardware/MG995.c.obj
                0x08001f60                MG995_OPEN
 .text.MG995_CLOSE
                0x08001f70       0x10 CMakeFiles/code.elf.dir/hardware/MG995.c.obj
                0x08001f70                MG995_CLOSE
 .text.WS2812_init
                0x08001f80       0x10 CMakeFiles/code.elf.dir/hardware/WS2812.c.obj
                0x08001f80                WS2812_init
 .text.WS2812_LOAD
                0x08001f90       0x1c CMakeFiles/code.elf.dir/hardware/WS2812.c.obj
                0x08001f90                WS2812_LOAD
 .text.WB2812_SET_RGB
                0x08001fac       0xbc CMakeFiles/code.elf.dir/hardware/WS2812.c.obj
                0x08001fac                WB2812_SET_RGB
 .text.HAL_TIM_PWM_PulseFinishedCallback
                0x08002068       0x10 CMakeFiles/code.elf.dir/hardware/WS2812.c.obj
                0x08002068                HAL_TIM_PWM_PulseFinishedCallback
 .text.MX_DMA_Init
                0x08002078       0x30 CMakeFiles/code.elf.dir/hardware/dma.c.obj
                0x08002078                MX_DMA_Init
 .text.MX_GPIO_Init
                0x080020a8       0x60 CMakeFiles/code.elf.dir/hardware/gpio.c.obj
                0x080020a8                MX_GPIO_Init
 .text.key1_task
                0x08002108        0x8 CMakeFiles/code.elf.dir/hardware/key.c.obj
                0x08002108                key1_task
 .text.key2_task
                0x08002110        0x8 CMakeFiles/code.elf.dir/hardware/key.c.obj
                0x08002110                key2_task
 .text.key_scan
                0x08002118       0x80 CMakeFiles/code.elf.dir/hardware/key.c.obj
                0x08002118                key_scan
 .text.HAL_TIM_Base_MspInit
                0x08002198       0xa0 CMakeFiles/code.elf.dir/hardware/tim.c.obj
                0x08002198                HAL_TIM_Base_MspInit
 .text.HAL_TIM_MspPostInit
                0x08002238       0x80 CMakeFiles/code.elf.dir/hardware/tim.c.obj
                0x08002238                HAL_TIM_MspPostInit
 .text.MX_TIM1_Init
                0x080022b8      0x108 CMakeFiles/code.elf.dir/hardware/tim.c.obj
                0x080022b8                MX_TIM1_Init
 .text.MX_TIM3_Init
                0x080023c0       0xb8 CMakeFiles/code.elf.dir/hardware/tim.c.obj
                0x080023c0                MX_TIM3_Init
 .text.Reset_Handler
                0x08002478       0x50 CMakeFiles/code.elf.dir/system/startup_stm32g030xx.s.obj
                0x08002478                Reset_Handler
 .text.Default_Handler
                0x080024c8        0x2 CMakeFiles/code.elf.dir/system/startup_stm32g030xx.s.obj
                0x080024c8                TIM1_CC_IRQHandler
                0x080024c8                I2C1_IRQHandler
                0x080024c8                RTC_TAMP_IRQHandler
                0x080024c8                SPI1_IRQHandler
                0x080024c8                DMA1_Ch4_5_DMAMUX1_OVR_IRQHandler
                0x080024c8                EXTI2_3_IRQHandler
                0x080024c8                ADC1_IRQHandler
                0x080024c8                I2C2_IRQHandler
                0x080024c8                TIM17_IRQHandler
                0x080024c8                TIM16_IRQHandler
                0x080024c8                EXTI4_15_IRQHandler
                0x080024c8                RCC_IRQHandler
                0x080024c8                Default_Handler
                0x080024c8                TIM14_IRQHandler
                0x080024c8                EXTI0_1_IRQHandler
                0x080024c8                SPI2_IRQHandler
                0x080024c8                WWDG_IRQHandler
                0x080024c8                DMA1_Channel2_3_IRQHandler
                0x080024c8                USART2_IRQHandler
                0x080024c8                FLASH_IRQHandler
                0x080024c8                USART1_IRQHandler
                0x080024c8                TIM1_BRK_UP_TRG_COM_IRQHandler
 *fill*         0x080024ca        0x2 
 .text.HAL_MspInit
                0x080024cc       0x30 CMakeFiles/code.elf.dir/system/stm32g0xx_hal_msp.c.obj
                0x080024cc                HAL_MspInit
 .text.SystemInit
                0x080024fc        0x2 CMakeFiles/code.elf.dir/system/system_stm32g0xx.c.obj
                0x080024fc                SystemInit
 .text.Error_Handler
                0x080024fe        0x4 CMakeFiles/code.elf.dir/user/main.c.obj
                0x080024fe                Error_Handler
 .text.SystemClock_Config
                0x08002502       0x78 CMakeFiles/code.elf.dir/user/main.c.obj
                0x08002502                SystemClock_Config
 .text.main     0x0800257a       0x3e CMakeFiles/code.elf.dir/user/main.c.obj
                0x0800257a                main
 .text.NMI_Handler
                0x080025b8        0x2 CMakeFiles/code.elf.dir/user/stm32g0xx_it.c.obj
                0x080025b8                NMI_Handler
 .text.HardFault_Handler
                0x080025ba        0x2 CMakeFiles/code.elf.dir/user/stm32g0xx_it.c.obj
                0x080025ba                HardFault_Handler
 .text.SVC_Handler
                0x080025bc        0x2 CMakeFiles/code.elf.dir/user/stm32g0xx_it.c.obj
                0x080025bc                SVC_Handler
 .text.PendSV_Handler
                0x080025be        0x2 CMakeFiles/code.elf.dir/user/stm32g0xx_it.c.obj
                0x080025be                PendSV_Handler
 .text.SysTick_Handler
                0x080025c0        0x8 CMakeFiles/code.elf.dir/user/stm32g0xx_it.c.obj
                0x080025c0                SysTick_Handler
 .text.DMA1_Channel1_IRQHandler
                0x080025c8       0x10 CMakeFiles/code.elf.dir/user/stm32g0xx_it.c.obj
                0x080025c8                DMA1_Channel1_IRQHandler
 .text.TIM3_IRQHandler
                0x080025d8       0x10 CMakeFiles/code.elf.dir/user/stm32g0xx_it.c.obj
                0x080025d8                TIM3_IRQHandler
 .text.__libc_init_array
                0x080025e8       0x44 d:/gcc-arm-none-eabi-10.3-2021.10/bin/../lib/gcc/arm-none-eabi/10.3.1/../../../../arm-none-eabi/lib/thumb/v6-m/nofp\libg.a(lib_a-init.o)
                0x080025e8                __libc_init_array
 .text.memset   0x0800262c       0xa8 d:/gcc-arm-none-eabi-10.3-2021.10/bin/../lib/gcc/arm-none-eabi/10.3.1/../../../../arm-none-eabi/lib/thumb/v6-m/nofp\libg.a(lib_a-memset.o)
                0x0800262c                memset
 .text.startup.register_fini
                0x080026d4       0x18 d:/gcc-arm-none-eabi-10.3-2021.10/bin/../lib/gcc/arm-none-eabi/10.3.1/../../../../arm-none-eabi/lib/thumb/v6-m/nofp\libg.a(lib_a-__call_atexit.o)
 .text.atexit   0x080026ec       0x10 d:/gcc-arm-none-eabi-10.3-2021.10/bin/../lib/gcc/arm-none-eabi/10.3.1/../../../../arm-none-eabi/lib/thumb/v6-m/nofp\libg.a(lib_a-atexit.o)
                0x080026ec                atexit
 .text.__libc_fini_array
                0x080026fc       0x28 d:/gcc-arm-none-eabi-10.3-2021.10/bin/../lib/gcc/arm-none-eabi/10.3.1/../../../../arm-none-eabi/lib/thumb/v6-m/nofp\libg.a(lib_a-fini.o)
                0x080026fc                __libc_fini_array
 .text.__retarget_lock_acquire_recursive
                0x08002724        0x4 d:/gcc-arm-none-eabi-10.3-2021.10/bin/../lib/gcc/arm-none-eabi/10.3.1/../../../../arm-none-eabi/lib/thumb/v6-m/nofp\libg.a(lib_a-lock.o)
                0x08002724                __retarget_lock_acquire_recursive
 .text.__retarget_lock_release_recursive
                0x08002728        0x4 d:/gcc-arm-none-eabi-10.3-2021.10/bin/../lib/gcc/arm-none-eabi/10.3.1/../../../../arm-none-eabi/lib/thumb/v6-m/nofp\libg.a(lib_a-lock.o)
                0x08002728                __retarget_lock_release_recursive
 .text.__register_exitproc
                0x0800272c       0xac d:/gcc-arm-none-eabi-10.3-2021.10/bin/../lib/gcc/arm-none-eabi/10.3.1/../../../../arm-none-eabi/lib/thumb/v6-m/nofp\libg.a(lib_a-__atexit.o)
                0x0800272c                __register_exitproc
 *(.glue_7)
 .glue_7        0x080027d8        0x0 linker stubs
 *(.glue_7t)
 .glue_7t       0x080027d8        0x0 linker stubs
 *(.eh_frame)
 .eh_frame      0x080027d8        0x0 d:/gcc-arm-none-eabi-10.3-2021.10/bin/../lib/gcc/arm-none-eabi/10.3.1/thumb/v6-m/nofp/crtbegin.o
 *(.init)
 .init          0x080027d8        0x4 d:/gcc-arm-none-eabi-10.3-2021.10/bin/../lib/gcc/arm-none-eabi/10.3.1/thumb/v6-m/nofp/crti.o
                0x080027d8                _init
 .init          0x080027dc        0x8 d:/gcc-arm-none-eabi-10.3-2021.10/bin/../lib/gcc/arm-none-eabi/10.3.1/thumb/v6-m/nofp/crtn.o
 *(.fini)
 .fini          0x080027e4        0x4 d:/gcc-arm-none-eabi-10.3-2021.10/bin/../lib/gcc/arm-none-eabi/10.3.1/thumb/v6-m/nofp/crti.o
                0x080027e4                _fini
 .fini          0x080027e8        0x8 d:/gcc-arm-none-eabi-10.3-2021.10/bin/../lib/gcc/arm-none-eabi/10.3.1/thumb/v6-m/nofp/crtn.o
                0x080027f0                . = ALIGN (0x4)
                0x080027f0                _etext = .

.vfp11_veneer   0x080027f0        0x0
 .vfp11_veneer  0x080027f0        0x0 linker stubs

.v4_bx          0x080027f0        0x0
 .v4_bx         0x080027f0        0x0 linker stubs

.iplt           0x080027f0        0x0
 .iplt          0x080027f0        0x0 d:/gcc-arm-none-eabi-10.3-2021.10/bin/../lib/gcc/arm-none-eabi/10.3.1/thumb/v6-m/nofp/crtbegin.o

.rodata         0x080027f0       0x98
                0x080027f0                . = ALIGN (0x4)
 *(.rodata)
 *(.rodata*)
 .rodata.HAL_TIM_PWM_ConfigChannel
                0x080027f0       0x54 CMakeFiles/code.elf.dir/Drivers/STM32G0xx_HAL_Driver/Src/stm32g0xx_hal_tim.c.obj
 .rodata.AHBPrescTable
                0x08002844       0x40 CMakeFiles/code.elf.dir/system/system_stm32g0xx.c.obj
                0x08002844                AHBPrescTable
 .rodata._global_impure_ptr
                0x08002884        0x4 d:/gcc-arm-none-eabi-10.3-2021.10/bin/../lib/gcc/arm-none-eabi/10.3.1/../../../../arm-none-eabi/lib/thumb/v6-m/nofp\libg.a(lib_a-impure.o)
                0x08002884                _global_impure_ptr
                0x08002888                . = ALIGN (0x4)

.rel.dyn        0x08002888        0x0
 .rel.iplt      0x08002888        0x0 d:/gcc-arm-none-eabi-10.3-2021.10/bin/../lib/gcc/arm-none-eabi/10.3.1/thumb/v6-m/nofp/crtbegin.o

.ARM.extab
 *(.ARM.extab* .gnu.linkonce.armextab.*)

.ARM            0x08002888        0x0
                0x08002888                __exidx_start = .
 *(.ARM.exidx*)
                0x08002888                __exidx_end = .

.preinit_array  0x08002888        0x0
                0x08002888                PROVIDE (__preinit_array_start = .)
 *(.preinit_array*)
                0x08002888                PROVIDE (__preinit_array_end = .)

.init_array     0x08002888        0x8
                0x08002888                PROVIDE (__init_array_start = .)
 *(SORT_BY_NAME(.init_array.*))
 .init_array.00000
                0x08002888        0x4 d:/gcc-arm-none-eabi-10.3-2021.10/bin/../lib/gcc/arm-none-eabi/10.3.1/../../../../arm-none-eabi/lib/thumb/v6-m/nofp\libg.a(lib_a-__call_atexit.o)
 *(.init_array*)
 .init_array    0x0800288c        0x4 d:/gcc-arm-none-eabi-10.3-2021.10/bin/../lib/gcc/arm-none-eabi/10.3.1/thumb/v6-m/nofp/crtbegin.o
                0x08002890                PROVIDE (__init_array_end = .)

.fini_array     0x08002890        0x4
                0x08002890                PROVIDE (__fini_array_start = .)
 *(SORT_BY_NAME(.fini_array.*))
 *(.fini_array*)
 .fini_array    0x08002890        0x4 d:/gcc-arm-none-eabi-10.3-2021.10/bin/../lib/gcc/arm-none-eabi/10.3.1/thumb/v6-m/nofp/crtbegin.o
                0x08002894                PROVIDE (__fini_array_end = .)
                0x08002894                _sidata = LOADADDR (.data)

.data           0x20000000      0x43c load address 0x08002894
                0x20000000                . = ALIGN (0x4)
                0x20000000                _sdata = .
 *(.data)
 *(.data*)
 .data.uwTickFreq
                0x20000000        0x1 CMakeFiles/code.elf.dir/Drivers/STM32G0xx_HAL_Driver/Src/stm32g0xx_hal.c.obj
                0x20000000                uwTickFreq
 *fill*         0x20000001        0x3 
 .data.uwTickPrio
                0x20000004        0x4 CMakeFiles/code.elf.dir/Drivers/STM32G0xx_HAL_Driver/Src/stm32g0xx_hal.c.obj
                0x20000004                uwTickPrio
 .data.SystemCoreClock
                0x20000008        0x4 CMakeFiles/code.elf.dir/system/system_stm32g0xx.c.obj
                0x20000008                SystemCoreClock
 *fill*         0x2000000c        0x4 
 .data.impure_data
                0x20000010      0x428 d:/gcc-arm-none-eabi-10.3-2021.10/bin/../lib/gcc/arm-none-eabi/10.3.1/../../../../arm-none-eabi/lib/thumb/v6-m/nofp\libg.a(lib_a-impure.o)
 .data.__atexit_recursive_mutex
                0x20000438        0x4 d:/gcc-arm-none-eabi-10.3-2021.10/bin/../lib/gcc/arm-none-eabi/10.3.1/../../../../arm-none-eabi/lib/thumb/v6-m/nofp\libg.a(lib_a-__call_atexit.o)
                0x20000438                __atexit_recursive_mutex
                0x2000043c                . = ALIGN (0x4)
                0x2000043c                _edata = .

.igot.plt       0x2000043c        0x0 load address 0x08002cd0
 .igot.plt      0x2000043c        0x0 d:/gcc-arm-none-eabi-10.3-2021.10/bin/../lib/gcc/arm-none-eabi/10.3.1/thumb/v6-m/nofp/crtbegin.o
                0x2000043c                . = ALIGN (0x4)

.bss            0x2000043c      0x550 load address 0x08002cd0
                0x2000043c                _sbss = .
                0x2000043c                __bss_start__ = _sbss
 *(.bss)
 .bss           0x2000043c       0x1c d:/gcc-arm-none-eabi-10.3-2021.10/bin/../lib/gcc/arm-none-eabi/10.3.1/thumb/v6-m/nofp/crtbegin.o
 *(.bss*)
 .bss.uwTick    0x20000458        0x4 CMakeFiles/code.elf.dir/Drivers/STM32G0xx_HAL_Driver/Src/stm32g0xx_hal.c.obj
                0x20000458                uwTick
 .bss.WS2812_Buffer
                0x2000045c      0x438 CMakeFiles/code.elf.dir/hardware/WS2812.c.obj
                0x2000045c                WS2812_Buffer
 .bss.hdma_tim3_ch2
                0x20000894       0x5c CMakeFiles/code.elf.dir/hardware/tim.c.obj
                0x20000894                hdma_tim3_ch2
 .bss.htim1     0x200008f0       0x4c CMakeFiles/code.elf.dir/hardware/tim.c.obj
                0x200008f0                htim1
 .bss.htim3     0x2000093c       0x4c CMakeFiles/code.elf.dir/hardware/tim.c.obj
                0x2000093c                htim3
 .bss.__lock___atexit_recursive_mutex
                0x20000988        0x1 d:/gcc-arm-none-eabi-10.3-2021.10/bin/../lib/gcc/arm-none-eabi/10.3.1/../../../../arm-none-eabi/lib/thumb/v6-m/nofp\libg.a(lib_a-lock.o)
                0x20000988                __lock___atexit_recursive_mutex
 *(COMMON)
                0x2000098c                . = ALIGN (0x4)
 *fill*         0x20000989        0x3 
                0x2000098c                _ebss = .
                0x2000098c                __bss_end__ = _ebss

._user_heap_stack
                0x2000098c      0x604 load address 0x08002cd0
                0x20000990                . = ALIGN (0x8)
 *fill*         0x2000098c        0x4 
                0x20000990                PROVIDE (end = .)
                [!provide]                PROVIDE (_end = .)
                0x20000b90                . = (. + _Min_Heap_Size)
 *fill*         0x20000990      0x200 
                0x20000f90                . = (. + _Min_Stack_Size)
 *fill*         0x20000b90      0x400 
                0x20000f90                . = ALIGN (0x8)

/DISCARD/
 libc.a(*)
 libm.a(*)
 libgcc.a(*)

.ARM.attributes
                0x00000000       0x28
 *(.ARM.attributes)
 .ARM.attributes
                0x00000000       0x1e d:/gcc-arm-none-eabi-10.3-2021.10/bin/../lib/gcc/arm-none-eabi/10.3.1/thumb/v6-m/nofp/crti.o
 .ARM.attributes
                0x0000001e       0x2c d:/gcc-arm-none-eabi-10.3-2021.10/bin/../lib/gcc/arm-none-eabi/10.3.1/thumb/v6-m/nofp/crtbegin.o
 .ARM.attributes
                0x0000004a       0x2c CMakeFiles/code.elf.dir/Drivers/STM32G0xx_HAL_Driver/Src/stm32g0xx_hal.c.obj
 .ARM.attributes
                0x00000076       0x2c CMakeFiles/code.elf.dir/Drivers/STM32G0xx_HAL_Driver/Src/stm32g0xx_hal_cortex.c.obj
 .ARM.attributes
                0x000000a2       0x2c CMakeFiles/code.elf.dir/Drivers/STM32G0xx_HAL_Driver/Src/stm32g0xx_hal_dma.c.obj
 .ARM.attributes
                0x000000ce       0x2c CMakeFiles/code.elf.dir/Drivers/STM32G0xx_HAL_Driver/Src/stm32g0xx_hal_gpio.c.obj
 .ARM.attributes
                0x000000fa       0x2c CMakeFiles/code.elf.dir/Drivers/STM32G0xx_HAL_Driver/Src/stm32g0xx_hal_pwr_ex.c.obj
 .ARM.attributes
                0x00000126       0x2c CMakeFiles/code.elf.dir/Drivers/STM32G0xx_HAL_Driver/Src/stm32g0xx_hal_rcc.c.obj
 .ARM.attributes
                0x00000152       0x2c CMakeFiles/code.elf.dir/Drivers/STM32G0xx_HAL_Driver/Src/stm32g0xx_hal_tim.c.obj
 .ARM.attributes
                0x0000017e       0x2c CMakeFiles/code.elf.dir/Drivers/STM32G0xx_HAL_Driver/Src/stm32g0xx_hal_tim_ex.c.obj
 .ARM.attributes
                0x000001aa       0x2c CMakeFiles/code.elf.dir/hardware/MG995.c.obj
 .ARM.attributes
                0x000001d6       0x2c CMakeFiles/code.elf.dir/hardware/WS2812.c.obj
 .ARM.attributes
                0x00000202       0x2c CMakeFiles/code.elf.dir/hardware/dma.c.obj
 .ARM.attributes
                0x0000022e       0x2c CMakeFiles/code.elf.dir/hardware/gpio.c.obj
 .ARM.attributes
                0x0000025a       0x2c CMakeFiles/code.elf.dir/hardware/key.c.obj
 .ARM.attributes
                0x00000286       0x2c CMakeFiles/code.elf.dir/hardware/tim.c.obj
 .ARM.attributes
                0x000002b2       0x22 CMakeFiles/code.elf.dir/system/startup_stm32g030xx.s.obj
 .ARM.attributes
                0x000002d4       0x2c CMakeFiles/code.elf.dir/system/stm32g0xx_hal_msp.c.obj
 .ARM.attributes
                0x00000300       0x2c CMakeFiles/code.elf.dir/system/system_stm32g0xx.c.obj
 .ARM.attributes
                0x0000032c       0x2c CMakeFiles/code.elf.dir/user/main.c.obj
 .ARM.attributes
                0x00000358       0x2c CMakeFiles/code.elf.dir/user/stm32g0xx_it.c.obj
 .ARM.attributes
                0x00000384       0x1e d:/gcc-arm-none-eabi-10.3-2021.10/bin/../lib/gcc/arm-none-eabi/10.3.1/thumb/v6-m/nofp\libgcc.a(_udivsi3.o)
 .ARM.attributes
                0x000003a2       0x1e d:/gcc-arm-none-eabi-10.3-2021.10/bin/../lib/gcc/arm-none-eabi/10.3.1/thumb/v6-m/nofp\libgcc.a(_dvmd_tls.o)
 .ARM.attributes
                0x000003c0       0x2c d:/gcc-arm-none-eabi-10.3-2021.10/bin/../lib/gcc/arm-none-eabi/10.3.1/../../../../arm-none-eabi/lib/thumb/v6-m/nofp\libg.a(lib_a-impure.o)
 .ARM.attributes
                0x000003ec       0x2c d:/gcc-arm-none-eabi-10.3-2021.10/bin/../lib/gcc/arm-none-eabi/10.3.1/../../../../arm-none-eabi/lib/thumb/v6-m/nofp\libg.a(lib_a-init.o)
 .ARM.attributes
                0x00000418       0x2c d:/gcc-arm-none-eabi-10.3-2021.10/bin/../lib/gcc/arm-none-eabi/10.3.1/../../../../arm-none-eabi/lib/thumb/v6-m/nofp\libg.a(lib_a-memset.o)
 .ARM.attributes
                0x00000444       0x2c d:/gcc-arm-none-eabi-10.3-2021.10/bin/../lib/gcc/arm-none-eabi/10.3.1/../../../../arm-none-eabi/lib/thumb/v6-m/nofp\libg.a(lib_a-__call_atexit.o)
 .ARM.attributes
                0x00000470       0x2c d:/gcc-arm-none-eabi-10.3-2021.10/bin/../lib/gcc/arm-none-eabi/10.3.1/../../../../arm-none-eabi/lib/thumb/v6-m/nofp\libg.a(lib_a-atexit.o)
 .ARM.attributes
                0x0000049c       0x2c d:/gcc-arm-none-eabi-10.3-2021.10/bin/../lib/gcc/arm-none-eabi/10.3.1/../../../../arm-none-eabi/lib/thumb/v6-m/nofp\libg.a(lib_a-fini.o)
 .ARM.attributes
                0x000004c8       0x2c d:/gcc-arm-none-eabi-10.3-2021.10/bin/../lib/gcc/arm-none-eabi/10.3.1/../../../../arm-none-eabi/lib/thumb/v6-m/nofp\libg.a(lib_a-lock.o)
 .ARM.attributes
                0x000004f4       0x2c d:/gcc-arm-none-eabi-10.3-2021.10/bin/../lib/gcc/arm-none-eabi/10.3.1/../../../../arm-none-eabi/lib/thumb/v6-m/nofp\libg.a(lib_a-__atexit.o)
 .ARM.attributes
                0x00000520       0x1e d:/gcc-arm-none-eabi-10.3-2021.10/bin/../lib/gcc/arm-none-eabi/10.3.1/thumb/v6-m/nofp/crtn.o
OUTPUT(code.elf elf32-littlearm)
LOAD linker stubs
LOAD d:/gcc-arm-none-eabi-10.3-2021.10/bin/../lib/gcc/arm-none-eabi/10.3.1/../../../../arm-none-eabi/lib/thumb/v6-m/nofp\libc.a
LOAD d:/gcc-arm-none-eabi-10.3-2021.10/bin/../lib/gcc/arm-none-eabi/10.3.1/../../../../arm-none-eabi/lib/thumb/v6-m/nofp\libm.a
LOAD d:/gcc-arm-none-eabi-10.3-2021.10/bin/../lib/gcc/arm-none-eabi/10.3.1/thumb/v6-m/nofp\libgcc.a

.debug_info     0x00000000     0xd91f
 .debug_info    0x00000000      0x9cf CMakeFiles/code.elf.dir/Drivers/STM32G0xx_HAL_Driver/Src/stm32g0xx_hal.c.obj
 .debug_info    0x000009cf      0xa31 CMakeFiles/code.elf.dir/Drivers/STM32G0xx_HAL_Driver/Src/stm32g0xx_hal_cortex.c.obj
 .debug_info    0x00001400      0xa52 CMakeFiles/code.elf.dir/Drivers/STM32G0xx_HAL_Driver/Src/stm32g0xx_hal_dma.c.obj
 .debug_info    0x00001e52      0x62d CMakeFiles/code.elf.dir/Drivers/STM32G0xx_HAL_Driver/Src/stm32g0xx_hal_gpio.c.obj
 .debug_info    0x0000247f      0x556 CMakeFiles/code.elf.dir/Drivers/STM32G0xx_HAL_Driver/Src/stm32g0xx_hal_pwr_ex.c.obj
 .debug_info    0x000029d5      0xd32 CMakeFiles/code.elf.dir/Drivers/STM32G0xx_HAL_Driver/Src/stm32g0xx_hal_rcc.c.obj
 .debug_info    0x00003707     0x3fe2 CMakeFiles/code.elf.dir/Drivers/STM32G0xx_HAL_Driver/Src/stm32g0xx_hal_tim.c.obj
 .debug_info    0x000076e9     0x1f47 CMakeFiles/code.elf.dir/Drivers/STM32G0xx_HAL_Driver/Src/stm32g0xx_hal_tim_ex.c.obj
 .debug_info    0x00009630      0x7f2 CMakeFiles/code.elf.dir/hardware/MG995.c.obj
 .debug_info    0x00009e22      0x938 CMakeFiles/code.elf.dir/hardware/WS2812.c.obj
 .debug_info    0x0000a75a      0x378 CMakeFiles/code.elf.dir/hardware/dma.c.obj
 .debug_info    0x0000aad2      0x461 CMakeFiles/code.elf.dir/hardware/gpio.c.obj
 .debug_info    0x0000af33      0x323 CMakeFiles/code.elf.dir/hardware/key.c.obj
 .debug_info    0x0000b256     0x12b9 CMakeFiles/code.elf.dir/hardware/tim.c.obj
 .debug_info    0x0000c50f       0x22 CMakeFiles/code.elf.dir/system/startup_stm32g030xx.s.obj
 .debug_info    0x0000c531      0x292 CMakeFiles/code.elf.dir/system/stm32g0xx_hal_msp.c.obj
 .debug_info    0x0000c7c3      0x38b CMakeFiles/code.elf.dir/system/system_stm32g0xx.c.obj
 .debug_info    0x0000cb4e      0x55b CMakeFiles/code.elf.dir/user/main.c.obj
 .debug_info    0x0000d0a9      0x876 CMakeFiles/code.elf.dir/user/stm32g0xx_it.c.obj

.debug_abbrev   0x00000000     0x2229
 .debug_abbrev  0x00000000      0x29c CMakeFiles/code.elf.dir/Drivers/STM32G0xx_HAL_Driver/Src/stm32g0xx_hal.c.obj
 .debug_abbrev  0x0000029c      0x2af CMakeFiles/code.elf.dir/Drivers/STM32G0xx_HAL_Driver/Src/stm32g0xx_hal_cortex.c.obj
 .debug_abbrev  0x0000054b      0x20a CMakeFiles/code.elf.dir/Drivers/STM32G0xx_HAL_Driver/Src/stm32g0xx_hal_dma.c.obj
 .debug_abbrev  0x00000755      0x1fd CMakeFiles/code.elf.dir/Drivers/STM32G0xx_HAL_Driver/Src/stm32g0xx_hal_gpio.c.obj
 .debug_abbrev  0x00000952      0x1f8 CMakeFiles/code.elf.dir/Drivers/STM32G0xx_HAL_Driver/Src/stm32g0xx_hal_pwr_ex.c.obj
 .debug_abbrev  0x00000b4a      0x29a CMakeFiles/code.elf.dir/Drivers/STM32G0xx_HAL_Driver/Src/stm32g0xx_hal_rcc.c.obj
 .debug_abbrev  0x00000de4      0x254 CMakeFiles/code.elf.dir/Drivers/STM32G0xx_HAL_Driver/Src/stm32g0xx_hal_tim.c.obj
 .debug_abbrev  0x00001038      0x26a CMakeFiles/code.elf.dir/Drivers/STM32G0xx_HAL_Driver/Src/stm32g0xx_hal_tim_ex.c.obj
 .debug_abbrev  0x000012a2      0x1ae CMakeFiles/code.elf.dir/hardware/MG995.c.obj
 .debug_abbrev  0x00001450      0x208 CMakeFiles/code.elf.dir/hardware/WS2812.c.obj
 .debug_abbrev  0x00001658      0x13e CMakeFiles/code.elf.dir/hardware/dma.c.obj
 .debug_abbrev  0x00001796      0x177 CMakeFiles/code.elf.dir/hardware/gpio.c.obj
 .debug_abbrev  0x0000190d      0x135 CMakeFiles/code.elf.dir/hardware/key.c.obj
 .debug_abbrev  0x00001a42      0x25b CMakeFiles/code.elf.dir/hardware/tim.c.obj
 .debug_abbrev  0x00001c9d       0x12 CMakeFiles/code.elf.dir/system/startup_stm32g030xx.s.obj
 .debug_abbrev  0x00001caf       0xe9 CMakeFiles/code.elf.dir/system/stm32g0xx_hal_msp.c.obj
 .debug_abbrev  0x00001d98      0x142 CMakeFiles/code.elf.dir/system/system_stm32g0xx.c.obj
 .debug_abbrev  0x00001eda      0x1ad CMakeFiles/code.elf.dir/user/main.c.obj
 .debug_abbrev  0x00002087      0x1a2 CMakeFiles/code.elf.dir/user/stm32g0xx_it.c.obj

.debug_loc      0x00000000     0xa1c2
 .debug_loc     0x00000000      0x1bd CMakeFiles/code.elf.dir/Drivers/STM32G0xx_HAL_Driver/Src/stm32g0xx_hal.c.obj
 .debug_loc     0x000001bd      0x458 CMakeFiles/code.elf.dir/Drivers/STM32G0xx_HAL_Driver/Src/stm32g0xx_hal_cortex.c.obj
 .debug_loc     0x00000615      0x93e CMakeFiles/code.elf.dir/Drivers/STM32G0xx_HAL_Driver/Src/stm32g0xx_hal_dma.c.obj
 .debug_loc     0x00000f53      0x3a7 CMakeFiles/code.elf.dir/Drivers/STM32G0xx_HAL_Driver/Src/stm32g0xx_hal_gpio.c.obj
 .debug_loc     0x000012fa      0x2e0 CMakeFiles/code.elf.dir/Drivers/STM32G0xx_HAL_Driver/Src/stm32g0xx_hal_pwr_ex.c.obj
 .debug_loc     0x000015da      0x717 CMakeFiles/code.elf.dir/Drivers/STM32G0xx_HAL_Driver/Src/stm32g0xx_hal_rcc.c.obj
 .debug_loc     0x00001cf1     0x5880 CMakeFiles/code.elf.dir/Drivers/STM32G0xx_HAL_Driver/Src/stm32g0xx_hal_tim.c.obj
 .debug_loc     0x00007571     0x297c CMakeFiles/code.elf.dir/Drivers/STM32G0xx_HAL_Driver/Src/stm32g0xx_hal_tim_ex.c.obj
 .debug_loc     0x00009eed      0x145 CMakeFiles/code.elf.dir/hardware/WS2812.c.obj
 .debug_loc     0x0000a032       0xe7 CMakeFiles/code.elf.dir/hardware/tim.c.obj
 .debug_loc     0x0000a119       0xa9 CMakeFiles/code.elf.dir/system/system_stm32g0xx.c.obj

.debug_aranges  0x00000000      0xb40
 .debug_aranges
                0x00000000      0x100 CMakeFiles/code.elf.dir/Drivers/STM32G0xx_HAL_Driver/Src/stm32g0xx_hal.c.obj
 .debug_aranges
                0x00000100       0x90 CMakeFiles/code.elf.dir/Drivers/STM32G0xx_HAL_Driver/Src/stm32g0xx_hal_cortex.c.obj
 .debug_aranges
                0x00000190       0x90 CMakeFiles/code.elf.dir/Drivers/STM32G0xx_HAL_Driver/Src/stm32g0xx_hal_dma.c.obj
 .debug_aranges
                0x00000220       0x60 CMakeFiles/code.elf.dir/Drivers/STM32G0xx_HAL_Driver/Src/stm32g0xx_hal_gpio.c.obj
 .debug_aranges
                0x00000280       0x98 CMakeFiles/code.elf.dir/Drivers/STM32G0xx_HAL_Driver/Src/stm32g0xx_hal_pwr_ex.c.obj
 .debug_aranges
                0x00000318       0x98 CMakeFiles/code.elf.dir/Drivers/STM32G0xx_HAL_Driver/Src/stm32g0xx_hal_rcc.c.obj
 .debug_aranges
                0x000003b0      0x3e0 CMakeFiles/code.elf.dir/Drivers/STM32G0xx_HAL_Driver/Src/stm32g0xx_hal_tim.c.obj
 .debug_aranges
                0x00000790      0x198 CMakeFiles/code.elf.dir/Drivers/STM32G0xx_HAL_Driver/Src/stm32g0xx_hal_tim_ex.c.obj
 .debug_aranges
                0x00000928       0x30 CMakeFiles/code.elf.dir/hardware/MG995.c.obj
 .debug_aranges
                0x00000958       0x38 CMakeFiles/code.elf.dir/hardware/WS2812.c.obj
 .debug_aranges
                0x00000990       0x20 CMakeFiles/code.elf.dir/hardware/dma.c.obj
 .debug_aranges
                0x000009b0       0x20 CMakeFiles/code.elf.dir/hardware/gpio.c.obj
 .debug_aranges
                0x000009d0       0x40 CMakeFiles/code.elf.dir/hardware/key.c.obj
 .debug_aranges
                0x00000a10       0x40 CMakeFiles/code.elf.dir/hardware/tim.c.obj
 .debug_aranges
                0x00000a50       0x28 CMakeFiles/code.elf.dir/system/startup_stm32g030xx.s.obj
 .debug_aranges
                0x00000a78       0x20 CMakeFiles/code.elf.dir/system/stm32g0xx_hal_msp.c.obj
 .debug_aranges
                0x00000a98       0x28 CMakeFiles/code.elf.dir/system/system_stm32g0xx.c.obj
 .debug_aranges
                0x00000ac0       0x30 CMakeFiles/code.elf.dir/user/main.c.obj
 .debug_aranges
                0x00000af0       0x50 CMakeFiles/code.elf.dir/user/stm32g0xx_it.c.obj

.debug_ranges   0x00000000      0xa98
 .debug_ranges  0x00000000       0xf0 CMakeFiles/code.elf.dir/Drivers/STM32G0xx_HAL_Driver/Src/stm32g0xx_hal.c.obj
 .debug_ranges  0x000000f0       0xe0 CMakeFiles/code.elf.dir/Drivers/STM32G0xx_HAL_Driver/Src/stm32g0xx_hal_cortex.c.obj
 .debug_ranges  0x000001d0       0x80 CMakeFiles/code.elf.dir/Drivers/STM32G0xx_HAL_Driver/Src/stm32g0xx_hal_dma.c.obj
 .debug_ranges  0x00000250       0x50 CMakeFiles/code.elf.dir/Drivers/STM32G0xx_HAL_Driver/Src/stm32g0xx_hal_gpio.c.obj
 .debug_ranges  0x000002a0       0x88 CMakeFiles/code.elf.dir/Drivers/STM32G0xx_HAL_Driver/Src/stm32g0xx_hal_pwr_ex.c.obj
 .debug_ranges  0x00000328       0xa8 CMakeFiles/code.elf.dir/Drivers/STM32G0xx_HAL_Driver/Src/stm32g0xx_hal_rcc.c.obj
 .debug_ranges  0x000003d0      0x3d0 CMakeFiles/code.elf.dir/Drivers/STM32G0xx_HAL_Driver/Src/stm32g0xx_hal_tim.c.obj
 .debug_ranges  0x000007a0      0x188 CMakeFiles/code.elf.dir/Drivers/STM32G0xx_HAL_Driver/Src/stm32g0xx_hal_tim_ex.c.obj
 .debug_ranges  0x00000928       0x20 CMakeFiles/code.elf.dir/hardware/MG995.c.obj
 .debug_ranges  0x00000948       0x28 CMakeFiles/code.elf.dir/hardware/WS2812.c.obj
 .debug_ranges  0x00000970       0x10 CMakeFiles/code.elf.dir/hardware/dma.c.obj
 .debug_ranges  0x00000980       0x10 CMakeFiles/code.elf.dir/hardware/gpio.c.obj
 .debug_ranges  0x00000990       0x30 CMakeFiles/code.elf.dir/hardware/key.c.obj
 .debug_ranges  0x000009c0       0x30 CMakeFiles/code.elf.dir/hardware/tim.c.obj
 .debug_ranges  0x000009f0       0x20 CMakeFiles/code.elf.dir/system/startup_stm32g030xx.s.obj
 .debug_ranges  0x00000a10       0x10 CMakeFiles/code.elf.dir/system/stm32g0xx_hal_msp.c.obj
 .debug_ranges  0x00000a20       0x18 CMakeFiles/code.elf.dir/system/system_stm32g0xx.c.obj
 .debug_ranges  0x00000a38       0x20 CMakeFiles/code.elf.dir/user/main.c.obj
 .debug_ranges  0x00000a58       0x40 CMakeFiles/code.elf.dir/user/stm32g0xx_it.c.obj

.debug_line     0x00000000     0xcaba
 .debug_line    0x00000000      0x6d4 CMakeFiles/code.elf.dir/Drivers/STM32G0xx_HAL_Driver/Src/stm32g0xx_hal.c.obj
 .debug_line    0x000006d4      0x772 CMakeFiles/code.elf.dir/Drivers/STM32G0xx_HAL_Driver/Src/stm32g0xx_hal_cortex.c.obj
 .debug_line    0x00000e46      0xbc2 CMakeFiles/code.elf.dir/Drivers/STM32G0xx_HAL_Driver/Src/stm32g0xx_hal_dma.c.obj
 .debug_line    0x00001a08      0x756 CMakeFiles/code.elf.dir/Drivers/STM32G0xx_HAL_Driver/Src/stm32g0xx_hal_gpio.c.obj
 .debug_line    0x0000215e      0x613 CMakeFiles/code.elf.dir/Drivers/STM32G0xx_HAL_Driver/Src/stm32g0xx_hal_pwr_ex.c.obj
 .debug_line    0x00002771      0xe1d CMakeFiles/code.elf.dir/Drivers/STM32G0xx_HAL_Driver/Src/stm32g0xx_hal_rcc.c.obj
 .debug_line    0x0000358e     0x50b4 CMakeFiles/code.elf.dir/Drivers/STM32G0xx_HAL_Driver/Src/stm32g0xx_hal_tim.c.obj
 .debug_line    0x00008642     0x200e CMakeFiles/code.elf.dir/Drivers/STM32G0xx_HAL_Driver/Src/stm32g0xx_hal_tim_ex.c.obj
 .debug_line    0x0000a650      0x2b2 CMakeFiles/code.elf.dir/hardware/MG995.c.obj
 .debug_line    0x0000a902      0x489 CMakeFiles/code.elf.dir/hardware/WS2812.c.obj
 .debug_line    0x0000ad8b      0x24f CMakeFiles/code.elf.dir/hardware/dma.c.obj
 .debug_line    0x0000afda      0x29d CMakeFiles/code.elf.dir/hardware/gpio.c.obj
 .debug_line    0x0000b277      0x34c CMakeFiles/code.elf.dir/hardware/key.c.obj
 .debug_line    0x0000b5c3      0x6de CMakeFiles/code.elf.dir/hardware/tim.c.obj
 .debug_line    0x0000bca1       0xc6 CMakeFiles/code.elf.dir/system/startup_stm32g030xx.s.obj
 .debug_line    0x0000bd67      0x245 CMakeFiles/code.elf.dir/system/stm32g0xx_hal_msp.c.obj
 .debug_line    0x0000bfac      0x333 CMakeFiles/code.elf.dir/system/system_stm32g0xx.c.obj
 .debug_line    0x0000c2df      0x4ad CMakeFiles/code.elf.dir/user/main.c.obj
 .debug_line    0x0000c78c      0x32e CMakeFiles/code.elf.dir/user/stm32g0xx_it.c.obj

.debug_str      0x00000000     0x3a04
 .debug_str     0x00000000      0x863 CMakeFiles/code.elf.dir/Drivers/STM32G0xx_HAL_Driver/Src/stm32g0xx_hal.c.obj
                                0x8c9 (size before relaxing)
 .debug_str     0x00000863      0x387 CMakeFiles/code.elf.dir/Drivers/STM32G0xx_HAL_Driver/Src/stm32g0xx_hal_cortex.c.obj
                                0x792 (size before relaxing)
 .debug_str     0x00000bea      0x5aa CMakeFiles/code.elf.dir/Drivers/STM32G0xx_HAL_Driver/Src/stm32g0xx_hal_dma.c.obj
                                0x820 (size before relaxing)
 .debug_str     0x00001194      0x22d CMakeFiles/code.elf.dir/Drivers/STM32G0xx_HAL_Driver/Src/stm32g0xx_hal_gpio.c.obj
                                0x49b (size before relaxing)
 .debug_str     0x000013c1      0x30a CMakeFiles/code.elf.dir/Drivers/STM32G0xx_HAL_Driver/Src/stm32g0xx_hal_pwr_ex.c.obj
                                0x586 (size before relaxing)
 .debug_str     0x000016cb      0x3af CMakeFiles/code.elf.dir/Drivers/STM32G0xx_HAL_Driver/Src/stm32g0xx_hal_rcc.c.obj
                                0x7fc (size before relaxing)
 .debug_str     0x00001a7a     0x127b CMakeFiles/code.elf.dir/Drivers/STM32G0xx_HAL_Driver/Src/stm32g0xx_hal_tim.c.obj
                               0x1855 (size before relaxing)
 .debug_str     0x00002cf5      0x733 CMakeFiles/code.elf.dir/Drivers/STM32G0xx_HAL_Driver/Src/stm32g0xx_hal_tim_ex.c.obj
                               0x11d6 (size before relaxing)
 .debug_str     0x00003428       0x81 CMakeFiles/code.elf.dir/hardware/MG995.c.obj
                                0x85a (size before relaxing)
 .debug_str     0x000034a9       0x95 CMakeFiles/code.elf.dir/hardware/WS2812.c.obj
                                0x8d4 (size before relaxing)
 .debug_str     0x0000353e       0x63 CMakeFiles/code.elf.dir/hardware/dma.c.obj
                                0x4b2 (size before relaxing)
 .debug_str     0x000035a1       0x76 CMakeFiles/code.elf.dir/hardware/gpio.c.obj
                                0x3e6 (size before relaxing)
 .debug_str     0x00003617       0x88 CMakeFiles/code.elf.dir/hardware/key.c.obj
                                0x2de (size before relaxing)
 .debug_str     0x0000369f       0xc4 CMakeFiles/code.elf.dir/hardware/tim.c.obj
                                0xeb4 (size before relaxing)
 .debug_str     0x00003763       0x73 CMakeFiles/code.elf.dir/system/startup_stm32g030xx.s.obj
                                 0xcd (size before relaxing)
 .debug_str     0x000037d6       0x63 CMakeFiles/code.elf.dir/system/stm32g0xx_hal_msp.c.obj
                                0x31b (size before relaxing)
 .debug_str     0x00003839       0x83 CMakeFiles/code.elf.dir/system/system_stm32g0xx.c.obj
                                0x384 (size before relaxing)
 .debug_str     0x000038bc       0x7a CMakeFiles/code.elf.dir/user/main.c.obj
                                0x4be (size before relaxing)
 .debug_str     0x00003936       0xce CMakeFiles/code.elf.dir/user/stm32g0xx_it.c.obj
                                0x8db (size before relaxing)

.comment        0x00000000       0x49
 .comment       0x00000000       0x49 CMakeFiles/code.elf.dir/Drivers/STM32G0xx_HAL_Driver/Src/stm32g0xx_hal.c.obj
                                 0x4a (size before relaxing)
 .comment       0x00000049       0x4a CMakeFiles/code.elf.dir/Drivers/STM32G0xx_HAL_Driver/Src/stm32g0xx_hal_cortex.c.obj
 .comment       0x00000049       0x4a CMakeFiles/code.elf.dir/Drivers/STM32G0xx_HAL_Driver/Src/stm32g0xx_hal_dma.c.obj
 .comment       0x00000049       0x4a CMakeFiles/code.elf.dir/Drivers/STM32G0xx_HAL_Driver/Src/stm32g0xx_hal_gpio.c.obj
 .comment       0x00000049       0x4a CMakeFiles/code.elf.dir/Drivers/STM32G0xx_HAL_Driver/Src/stm32g0xx_hal_pwr_ex.c.obj
 .comment       0x00000049       0x4a CMakeFiles/code.elf.dir/Drivers/STM32G0xx_HAL_Driver/Src/stm32g0xx_hal_rcc.c.obj
 .comment       0x00000049       0x4a CMakeFiles/code.elf.dir/Drivers/STM32G0xx_HAL_Driver/Src/stm32g0xx_hal_tim.c.obj
 .comment       0x00000049       0x4a CMakeFiles/code.elf.dir/Drivers/STM32G0xx_HAL_Driver/Src/stm32g0xx_hal_tim_ex.c.obj
 .comment       0x00000049       0x4a CMakeFiles/code.elf.dir/hardware/MG995.c.obj
 .comment       0x00000049       0x4a CMakeFiles/code.elf.dir/hardware/WS2812.c.obj
 .comment       0x00000049       0x4a CMakeFiles/code.elf.dir/hardware/dma.c.obj
 .comment       0x00000049       0x4a CMakeFiles/code.elf.dir/hardware/gpio.c.obj
 .comment       0x00000049       0x4a CMakeFiles/code.elf.dir/hardware/key.c.obj
 .comment       0x00000049       0x4a CMakeFiles/code.elf.dir/hardware/tim.c.obj
 .comment       0x00000049       0x4a CMakeFiles/code.elf.dir/system/stm32g0xx_hal_msp.c.obj
 .comment       0x00000049       0x4a CMakeFiles/code.elf.dir/system/system_stm32g0xx.c.obj
 .comment       0x00000049       0x4a CMakeFiles/code.elf.dir/user/main.c.obj
 .comment       0x00000049       0x4a CMakeFiles/code.elf.dir/user/stm32g0xx_it.c.obj

.debug_frame    0x00000000     0x1d4c
 .debug_frame   0x00000000      0x20c CMakeFiles/code.elf.dir/Drivers/STM32G0xx_HAL_Driver/Src/stm32g0xx_hal.c.obj
 .debug_frame   0x0000020c      0x114 CMakeFiles/code.elf.dir/Drivers/STM32G0xx_HAL_Driver/Src/stm32g0xx_hal_cortex.c.obj
 .debug_frame   0x00000320      0x188 CMakeFiles/code.elf.dir/Drivers/STM32G0xx_HAL_Driver/Src/stm32g0xx_hal_dma.c.obj
 .debug_frame   0x000004a8       0xd0 CMakeFiles/code.elf.dir/Drivers/STM32G0xx_HAL_Driver/Src/stm32g0xx_hal_gpio.c.obj
 .debug_frame   0x00000578      0x120 CMakeFiles/code.elf.dir/Drivers/STM32G0xx_HAL_Driver/Src/stm32g0xx_hal_pwr_ex.c.obj
 .debug_frame   0x00000698      0x16c CMakeFiles/code.elf.dir/Drivers/STM32G0xx_HAL_Driver/Src/stm32g0xx_hal_rcc.c.obj
 .debug_frame   0x00000804      0xb18 CMakeFiles/code.elf.dir/Drivers/STM32G0xx_HAL_Driver/Src/stm32g0xx_hal_tim.c.obj
 .debug_frame   0x0000131c      0x4c0 CMakeFiles/code.elf.dir/Drivers/STM32G0xx_HAL_Driver/Src/stm32g0xx_hal_tim_ex.c.obj
 .debug_frame   0x000017dc       0x48 CMakeFiles/code.elf.dir/hardware/MG995.c.obj
 .debug_frame   0x00001824       0x74 CMakeFiles/code.elf.dir/hardware/WS2812.c.obj
 .debug_frame   0x00001898       0x28 CMakeFiles/code.elf.dir/hardware/dma.c.obj
 .debug_frame   0x000018c0       0x30 CMakeFiles/code.elf.dir/hardware/gpio.c.obj
 .debug_frame   0x000018f0       0x78 CMakeFiles/code.elf.dir/hardware/key.c.obj
 .debug_frame   0x00001968       0x90 CMakeFiles/code.elf.dir/hardware/tim.c.obj
 .debug_frame   0x000019f8       0x24 CMakeFiles/code.elf.dir/system/stm32g0xx_hal_msp.c.obj
 .debug_frame   0x00001a1c       0x38 CMakeFiles/code.elf.dir/system/system_stm32g0xx.c.obj
 .debug_frame   0x00001a54       0x50 CMakeFiles/code.elf.dir/user/main.c.obj
 .debug_frame   0x00001aa4       0x98 CMakeFiles/code.elf.dir/user/stm32g0xx_it.c.obj
 .debug_frame   0x00001b3c       0x20 d:/gcc-arm-none-eabi-10.3-2021.10/bin/../lib/gcc/arm-none-eabi/10.3.1/thumb/v6-m/nofp\libgcc.a(_udivsi3.o)
 .debug_frame   0x00001b5c       0x2c d:/gcc-arm-none-eabi-10.3-2021.10/bin/../lib/gcc/arm-none-eabi/10.3.1/../../../../arm-none-eabi/lib/thumb/v6-m/nofp\libg.a(lib_a-init.o)
 .debug_frame   0x00001b88       0x30 d:/gcc-arm-none-eabi-10.3-2021.10/bin/../lib/gcc/arm-none-eabi/10.3.1/../../../../arm-none-eabi/lib/thumb/v6-m/nofp\libg.a(lib_a-memset.o)
 .debug_frame   0x00001bb8       0x54 d:/gcc-arm-none-eabi-10.3-2021.10/bin/../lib/gcc/arm-none-eabi/10.3.1/../../../../arm-none-eabi/lib/thumb/v6-m/nofp\libg.a(lib_a-__call_atexit.o)
 .debug_frame   0x00001c0c       0x28 d:/gcc-arm-none-eabi-10.3-2021.10/bin/../lib/gcc/arm-none-eabi/10.3.1/../../../../arm-none-eabi/lib/thumb/v6-m/nofp\libg.a(lib_a-atexit.o)
 .debug_frame   0x00001c34       0x2c d:/gcc-arm-none-eabi-10.3-2021.10/bin/../lib/gcc/arm-none-eabi/10.3.1/../../../../arm-none-eabi/lib/thumb/v6-m/nofp\libg.a(lib_a-fini.o)
 .debug_frame   0x00001c60       0xb0 d:/gcc-arm-none-eabi-10.3-2021.10/bin/../lib/gcc/arm-none-eabi/10.3.1/../../../../arm-none-eabi/lib/thumb/v6-m/nofp\libg.a(lib_a-lock.o)
 .debug_frame   0x00001d10       0x3c d:/gcc-arm-none-eabi-10.3-2021.10/bin/../lib/gcc/arm-none-eabi/10.3.1/../../../../arm-none-eabi/lib/thumb/v6-m/nofp\libg.a(lib_a-__atexit.o)
