Archive member included to satisfy reference by file (symbol)

d:/gcc-arm-none-eabi-10.3-2021.10/bin/../lib/gcc/arm-none-eabi/10.3.1/thumb/v6-m/nofp\libgcc.a(_udivsi3.o)
                              CMakeFiles/Scratch_control-code.elf.dir/Drivers/STM32G0xx_HAL_Driver/Src/stm32g0xx_hal.c.obj (__aeabi_uidiv)
d:/gcc-arm-none-eabi-10.3-2021.10/bin/../lib/gcc/arm-none-eabi/10.3.1/thumb/v6-m/nofp\libgcc.a(_dvmd_tls.o)
                              d:/gcc-arm-none-eabi-10.3-2021.10/bin/../lib/gcc/arm-none-eabi/10.3.1/thumb/v6-m/nofp\libgcc.a(_udivsi3.o) (__aeabi_idiv0)
d:/gcc-arm-none-eabi-10.3-2021.10/bin/../lib/gcc/arm-none-eabi/10.3.1/../../../../arm-none-eabi/lib/thumb/v6-m/nofp\libg.a(lib_a-errno.o)
                              CMakeFiles/Scratch_control-code.elf.dir/system/syscalls.c.obj (__errno)
d:/gcc-arm-none-eabi-10.3-2021.10/bin/../lib/gcc/arm-none-eabi/10.3.1/../../../../arm-none-eabi/lib/thumb/v6-m/nofp\libg.a(lib_a-exit.o)
                              d:/gcc-arm-none-eabi-10.3-2021.10/bin/../lib/gcc/arm-none-eabi/10.3.1/../../../../arm-none-eabi/lib/thumb/v6-m/nofp/crt0.o (exit)
d:/gcc-arm-none-eabi-10.3-2021.10/bin/../lib/gcc/arm-none-eabi/10.3.1/../../../../arm-none-eabi/lib/thumb/v6-m/nofp\libg.a(lib_a-impure.o)
                              d:/gcc-arm-none-eabi-10.3-2021.10/bin/../lib/gcc/arm-none-eabi/10.3.1/../../../../arm-none-eabi/lib/thumb/v6-m/nofp\libg.a(lib_a-exit.o) (_global_impure_ptr)
d:/gcc-arm-none-eabi-10.3-2021.10/bin/../lib/gcc/arm-none-eabi/10.3.1/../../../../arm-none-eabi/lib/thumb/v6-m/nofp\libg.a(lib_a-init.o)
                              d:/gcc-arm-none-eabi-10.3-2021.10/bin/../lib/gcc/arm-none-eabi/10.3.1/../../../../arm-none-eabi/lib/thumb/v6-m/nofp/crt0.o (__libc_init_array)
d:/gcc-arm-none-eabi-10.3-2021.10/bin/../lib/gcc/arm-none-eabi/10.3.1/../../../../arm-none-eabi/lib/thumb/v6-m/nofp\libg.a(lib_a-memset.o)
                              d:/gcc-arm-none-eabi-10.3-2021.10/bin/../lib/gcc/arm-none-eabi/10.3.1/../../../../arm-none-eabi/lib/thumb/v6-m/nofp/crt0.o (memset)
d:/gcc-arm-none-eabi-10.3-2021.10/bin/../lib/gcc/arm-none-eabi/10.3.1/../../../../arm-none-eabi/lib/thumb/v6-m/nofp\libg.a(lib_a-__call_atexit.o)
                              d:/gcc-arm-none-eabi-10.3-2021.10/bin/../lib/gcc/arm-none-eabi/10.3.1/../../../../arm-none-eabi/lib/thumb/v6-m/nofp\libg.a(lib_a-exit.o) (__call_exitprocs)
d:/gcc-arm-none-eabi-10.3-2021.10/bin/../lib/gcc/arm-none-eabi/10.3.1/../../../../arm-none-eabi/lib/thumb/v6-m/nofp\libg.a(lib_a-atexit.o)
                              d:/gcc-arm-none-eabi-10.3-2021.10/bin/../lib/gcc/arm-none-eabi/10.3.1/../../../../arm-none-eabi/lib/thumb/v6-m/nofp\libg.a(lib_a-__call_atexit.o) (atexit)
d:/gcc-arm-none-eabi-10.3-2021.10/bin/../lib/gcc/arm-none-eabi/10.3.1/../../../../arm-none-eabi/lib/thumb/v6-m/nofp\libg.a(lib_a-fini.o)
                              d:/gcc-arm-none-eabi-10.3-2021.10/bin/../lib/gcc/arm-none-eabi/10.3.1/../../../../arm-none-eabi/lib/thumb/v6-m/nofp\libg.a(lib_a-__call_atexit.o) (__libc_fini_array)
d:/gcc-arm-none-eabi-10.3-2021.10/bin/../lib/gcc/arm-none-eabi/10.3.1/../../../../arm-none-eabi/lib/thumb/v6-m/nofp\libg.a(lib_a-lock.o)
                              d:/gcc-arm-none-eabi-10.3-2021.10/bin/../lib/gcc/arm-none-eabi/10.3.1/../../../../arm-none-eabi/lib/thumb/v6-m/nofp\libg.a(lib_a-__call_atexit.o) (__retarget_lock_acquire_recursive)
d:/gcc-arm-none-eabi-10.3-2021.10/bin/../lib/gcc/arm-none-eabi/10.3.1/../../../../arm-none-eabi/lib/thumb/v6-m/nofp\libg.a(lib_a-__atexit.o)
                              d:/gcc-arm-none-eabi-10.3-2021.10/bin/../lib/gcc/arm-none-eabi/10.3.1/../../../../arm-none-eabi/lib/thumb/v6-m/nofp\libg.a(lib_a-atexit.o) (__register_exitproc)

Discarded input sections

 .text          0x00000000        0x0 d:/gcc-arm-none-eabi-10.3-2021.10/bin/../lib/gcc/arm-none-eabi/10.3.1/thumb/v6-m/nofp/crti.o
 .data          0x00000000        0x0 d:/gcc-arm-none-eabi-10.3-2021.10/bin/../lib/gcc/arm-none-eabi/10.3.1/thumb/v6-m/nofp/crti.o
 .bss           0x00000000        0x0 d:/gcc-arm-none-eabi-10.3-2021.10/bin/../lib/gcc/arm-none-eabi/10.3.1/thumb/v6-m/nofp/crti.o
 .data          0x00000000        0x4 d:/gcc-arm-none-eabi-10.3-2021.10/bin/../lib/gcc/arm-none-eabi/10.3.1/thumb/v6-m/nofp/crtbegin.o
 .rodata        0x00000000       0x24 d:/gcc-arm-none-eabi-10.3-2021.10/bin/../lib/gcc/arm-none-eabi/10.3.1/thumb/v6-m/nofp/crtbegin.o
 .text          0x00000000       0x80 d:/gcc-arm-none-eabi-10.3-2021.10/bin/../lib/gcc/arm-none-eabi/10.3.1/../../../../arm-none-eabi/lib/thumb/v6-m/nofp/crt0.o
 .data          0x00000000        0x0 d:/gcc-arm-none-eabi-10.3-2021.10/bin/../lib/gcc/arm-none-eabi/10.3.1/../../../../arm-none-eabi/lib/thumb/v6-m/nofp/crt0.o
 .bss           0x00000000        0x0 d:/gcc-arm-none-eabi-10.3-2021.10/bin/../lib/gcc/arm-none-eabi/10.3.1/../../../../arm-none-eabi/lib/thumb/v6-m/nofp/crt0.o
[...]
Memory Configuration

Name             Origin             Length             Attributes
RAM              0x20000000         0x00002000         xrw
FLASH            0x08000000         0x00008000         xr
*default*        0x00000000         0xffffffff

Linker script and memory map

LOAD d:/gcc-arm-none-eabi-10.3-2021.10/bin/../lib/gcc/arm-none-eabi/10.3.1/thumb/v6-m/nofp/crti.o
LOAD d:/gcc-arm-none-eabi-10.3-2021.10/bin/../lib/gcc/arm-none-eabi/10.3.1/thumb/v6-m/nofp/crtbegin.o
LOAD d:/gcc-arm-none-eabi-10.3-2021.10/bin/../lib/gcc/arm-none-eabi/10.3.1/../../../../arm-none-eabi/lib/thumb/v6-m/nofp/crt0.o
LOAD CMakeFiles/Scratch_control-code.elf.dir/Drivers/STM32G0xx_HAL_Driver/Src/stm32g0xx_hal.c.obj
LOAD CMakeFiles/Scratch_control-code.elf.dir/Drivers/STM32G0xx_HAL_Driver/Src/stm32g0xx_hal_cortex.c.obj
LOAD CMakeFiles/Scratch_control-code.elf.dir/Drivers/STM32G0xx_HAL_Driver/Src/stm32g0xx_hal_dma.c.obj
LOAD CMakeFiles/Scratch_control-code.elf.dir/Drivers/STM32G0xx_HAL_Driver/Src/stm32g0xx_hal_dma_ex.c.obj
LOAD CMakeFiles/Scratch_control-code.elf.dir/Drivers/STM32G0xx_HAL_Driver/Src/stm32g0xx_hal_exti.c.obj
LOAD CMakeFiles/Scratch_control-code.elf.dir/Drivers/STM32G0xx_HAL_Driver/Src/stm32g0xx_hal_flash.c.obj
LOAD CMakeFiles/Scratch_control-code.elf.dir/Drivers/STM32G0xx_HAL_Driver/Src/stm32g0xx_hal_flash_ex.c.obj
LOAD CMakeFiles/Scratch_control-code.elf.dir/Drivers/STM32G0xx_HAL_Driver/Src/stm32g0xx_hal_gpio.c.obj
LOAD CMakeFiles/Scratch_control-code.elf.dir/Drivers/STM32G0xx_HAL_Driver/Src/stm32g0xx_hal_pwr.c.obj
LOAD CMakeFiles/Scratch_control-code.elf.dir/Drivers/STM32G0xx_HAL_Driver/Src/stm32g0xx_hal_pwr_ex.c.obj
LOAD CMakeFiles/Scratch_control-code.elf.dir/Drivers/STM32G0xx_HAL_Driver/Src/stm32g0xx_hal_rcc.c.obj
LOAD CMakeFiles/Scratch_control-code.elf.dir/Drivers/STM32G0xx_HAL_Driver/Src/stm32g0xx_hal_rcc_ex.c.obj
LOAD CMakeFiles/Scratch_control-code.elf.dir/Drivers/STM32G0xx_HAL_Driver/Src/stm32g0xx_hal_tim.c.obj
LOAD CMakeFiles/Scratch_control-code.elf.dir/Drivers/STM32G0xx_HAL_Driver/Src/stm32g0xx_hal_tim_ex.c.obj
LOAD CMakeFiles/Scratch_control-code.elf.dir/Drivers/STM32G0xx_HAL_Driver/Src/stm32g0xx_ll_dma.c.obj
LOAD CMakeFiles/Scratch_control-code.elf.dir/Drivers/STM32G0xx_HAL_Driver/Src/stm32g0xx_ll_rcc.c.obj
LOAD CMakeFiles/Scratch_control-code.elf.dir/hardware/WS2812.c.obj
LOAD CMakeFiles/Scratch_control-code.elf.dir/hardware/dma.c.obj
LOAD CMakeFiles/Scratch_control-code.elf.dir/hardware/gpio.c.obj
LOAD CMakeFiles/Scratch_control-code.elf.dir/hardware/key.c.obj
LOAD CMakeFiles/Scratch_control-code.elf.dir/hardware/main.c.obj
LOAD CMakeFiles/Scratch_control-code.elf.dir/hardware/stm32g0xx_it.c.obj
LOAD CMakeFiles/Scratch_control-code.elf.dir/hardware/tim.c.obj
LOAD CMakeFiles/Scratch_control-code.elf.dir/system/startup_stm32g030f6px.s.obj
LOAD CMakeFiles/Scratch_control-code.elf.dir/system/stm32g0xx_hal_msp.c.obj
LOAD CMakeFiles/Scratch_control-code.elf.dir/system/syscalls.c.obj
LOAD CMakeFiles/Scratch_control-code.elf.dir/system/sysmem.c.obj
LOAD CMakeFiles/Scratch_control-code.elf.dir/system/system_stm32g0xx.c.obj
START GROUP
LOAD d:/gcc-arm-none-eabi-10.3-2021.10/bin/../lib/gcc/arm-none-eabi/10.3.1/thumb/v6-m/nofp\libgcc.a
LOAD d:/gcc-arm-none-eabi-10.3-2021.10/bin/../lib/gcc/arm-none-eabi/10.3.1/../../../../arm-none-eabi/lib/thumb/v6-m/nofp\libg.a
LOAD d:/gcc-arm-none-eabi-10.3-2021.10/bin/../lib/gcc/arm-none-eabi/10.3.1/../../../../arm-none-eabi/lib/thumb/v6-m/nofp\libc.a
END GROUP
LOAD d:/gcc-arm-none-eabi-10.3-2021.10/bin/../lib/gcc/arm-none-eabi/10.3.1/thumb/v6-m/nofp/crtend.o
LOAD d:/gcc-arm-none-eabi-10.3-2021.10/bin/../lib/gcc/arm-none-eabi/10.3.1/thumb/v6-m/nofp/crtn.o
                0x20002000                _estack = (ORIGIN (RAM) + LENGTH (RAM))
                0x00000200                _Min_Heap_Size = 0x200
                0x00000400                _Min_Stack_Size = 0x400

.isr_vector     0x08000000       0xb8
                0x08000000                . = ALIGN (0x4)
 *(.isr_vector)
 .isr_vector    0x08000000       0xb8 CMakeFiles/Scratch_control-code.elf.dir/system/startup_stm32g030f6px.s.obj
                0x08000000                g_pfnVectors
                0x080000b8                . = ALIGN (0x4)

.text           0x080000b8     0x2334
                0x080000b8                . = ALIGN (0x4)
 *(.text)
 .text          0x080000b8       0x48 d:/gcc-arm-none-eabi-10.3-2021.10/bin/../lib/gcc/arm-none-eabi/10.3.1/thumb/v6-m/nofp/crtbegin.o
 .text          0x08000100      0x114 d:/gcc-arm-none-eabi-10.3-2021.10/bin/../lib/gcc/arm-none-eabi/10.3.1/thumb/v6-m/nofp\libgcc.a(_udivsi3.o)
                0x08000100                __aeabi_uidiv
                0x08000100                __udivsi3
                0x0800020c                __aeabi_uidivmod
 .text          0x08000214        0x4 d:/gcc-arm-none-eabi-10.3-2021.10/bin/../lib/gcc/arm-none-eabi/10.3.1/thumb/v6-m/nofp\libgcc.a(_dvmd_tls.o)
                0x08000214                __aeabi_idiv0
                0x08000214                __aeabi_ldiv0
 *(.text*)
 .text.HAL_InitTick
                0x08000218       0x58 CMakeFiles/Scratch_control-code.elf.dir/Drivers/STM32G0xx_HAL_Driver/Src/stm32g0xx_hal.c.obj
                0x08000218                HAL_InitTick
 .text.HAL_Init
                0x08000270       0x28 CMakeFiles/Scratch_control-code.elf.dir/Drivers/STM32G0xx_HAL_Driver/Src/stm32g0xx_hal.c.obj
                0x08000270                HAL_Init
 .text.HAL_IncTick
                0x08000298       0x18 CMakeFiles/Scratch_control-code.elf.dir/Drivers/STM32G0xx_HAL_Driver/Src/stm32g0xx_hal.c.obj
                0x08000298                HAL_IncTick
 .text.HAL_GetTick
                0x080002b0        0xc CMakeFiles/Scratch_control-code.elf.dir/Drivers/STM32G0xx_HAL_Driver/Src/stm32g0xx_hal.c.obj
                0x080002b0                HAL_GetTick
 .text.HAL_Delay
                0x080002bc       0x24 CMakeFiles/Scratch_control-code.elf.dir/Drivers/STM32G0xx_HAL_Driver/Src/stm32g0xx_hal.c.obj
                0x080002bc                HAL_Delay
 .text.HAL_NVIC_SetPriority
                0x080002e0       0x60 CMakeFiles/Scratch_control-code.elf.dir/Drivers/STM32G0xx_HAL_Driver/Src/stm32g0xx_hal_cortex.c.obj
                0x080002e0                HAL_NVIC_SetPriority
 .text.HAL_NVIC_EnableIRQ
                0x08000340       0x18 CMakeFiles/Scratch_control-code.elf.dir/Drivers/STM32G0xx_HAL_Driver/Src/stm32g0xx_hal_cortex.c.obj
                0x08000340                HAL_NVIC_EnableIRQ
 .text.HAL_SYSTICK_Config
                0x08000358       0x38 CMakeFiles/Scratch_control-code.elf.dir/Drivers/STM32G0xx_HAL_Driver/Src/stm32g0xx_hal_cortex.c.obj
                0x08000358                HAL_SYSTICK_Config
 .text.DMA_SetConfig
                0x08000390       0x48 CMakeFiles/Scratch_control-code.elf.dir/Drivers/STM32G0xx_HAL_Driver/Src/stm32g0xx_hal_dma.c.obj
 .text.DMA_CalcDMAMUXChannelBaseAndMask
                0x080003d8       0x38 CMakeFiles/Scratch_control-code.elf.dir/Drivers/STM32G0xx_HAL_Driver/Src/stm32g0xx_hal_dma.c.obj
 .text.DMA_CalcDMAMUXRequestGenBaseAndMask
                0x08000410       0x28 CMakeFiles/Scratch_control-code.elf.dir/Drivers/STM32G0xx_HAL_Driver/Src/stm32g0xx_hal_dma.c.obj
 .text.HAL_DMA_Init
                0x08000438       0xb0 CMakeFiles/Scratch_control-code.elf.dir/Drivers/STM32G0xx_HAL_Driver/Src/stm32g0xx_hal_dma.c.obj
                0x08000438                HAL_DMA_Init
 .text.HAL_DMA_Start_IT
                0x080004e8       0x9c CMakeFiles/Scratch_control-code.elf.dir/Drivers/STM32G0xx_HAL_Driver/Src/stm32g0xx_hal_dma.c.obj
                0x080004e8                HAL_DMA_Start_IT
 .text.HAL_DMA_Abort_IT
                0x08000584       0x80 CMakeFiles/Scratch_control-code.elf.dir/Drivers/STM32G0xx_HAL_Driver/Src/stm32g0xx_hal_dma.c.obj
                0x08000584                HAL_DMA_Abort_IT
 .text.HAL_DMA_IRQHandler
                0x08000604       0xcc CMakeFiles/Scratch_control-code.elf.dir/Drivers/STM32G0xx_HAL_Driver/Src/stm32g0xx_hal_dma.c.obj
                0x08000604                HAL_DMA_IRQHandler
 .text.HAL_GPIO_Init
                0x080006d0      0x178 CMakeFiles/Scratch_control-code.elf.dir/Drivers/STM32G0xx_HAL_Driver/Src/stm32g0xx_hal_gpio.c.obj
                0x080006d0                HAL_GPIO_Init
 .text.HAL_GPIO_ReadPin
                0x08000848        0xe CMakeFiles/Scratch_control-code.elf.dir/Drivers/STM32G0xx_HAL_Driver/Src/stm32g0xx_hal_gpio.c.obj
                0x08000848                HAL_GPIO_ReadPin
 .text.HAL_GPIO_WritePin
                0x08000856        0xc CMakeFiles/Scratch_control-code.elf.dir/Drivers/STM32G0xx_HAL_Driver/Src/stm32g0xx_hal_gpio.c.obj
                0x08000856                HAL_GPIO_WritePin
 *fill*         0x08000862        0x2 
 .text.HAL_PWREx_ControlVoltageScaling
                0x08000864       0x54 CMakeFiles/Scratch_control-code.elf.dir/Drivers/STM32G0xx_HAL_Driver/Src/stm32g0xx_hal_pwr_ex.c.obj
                0x08000864                HAL_PWREx_ControlVoltageScaling
 .text.HAL_RCC_OscConfig
                0x080008b8      0x4a4 CMakeFiles/Scratch_control-code.elf.dir/Drivers/STM32G0xx_HAL_Driver/Src/stm32g0xx_hal_rcc.c.obj
                0x080008b8                HAL_RCC_OscConfig
 .text.HAL_RCC_GetSysClockFreq
                0x08000d5c       0xb8 CMakeFiles/Scratch_control-code.elf.dir/Drivers/STM32G0xx_HAL_Driver/Src/stm32g0xx_hal_rcc.c.obj
                0x08000d5c                HAL_RCC_GetSysClockFreq
 .text.HAL_RCC_ClockConfig
                0x08000e14      0x18c CMakeFiles/Scratch_control-code.elf.dir/Drivers/STM32G0xx_HAL_Driver/Src/stm32g0xx_hal_rcc.c.obj
                0x08000e14                HAL_RCC_ClockConfig
 .text.TIM_OC1_SetConfig
                0x08000fa0       0x7c CMakeFiles/Scratch_control-code.elf.dir/Drivers/STM32G0xx_HAL_Driver/Src/stm32g0xx_hal_tim.c.obj
 .text.TIM_OC3_SetConfig
                0x0800101c       0x8c CMakeFiles/Scratch_control-code.elf.dir/Drivers/STM32G0xx_HAL_Driver/Src/stm32g0xx_hal_tim.c.obj
 .text.TIM_OC4_SetConfig
                0x080010a8       0x68 CMakeFiles/Scratch_control-code.elf.dir/Drivers/STM32G0xx_HAL_Driver/Src/stm32g0xx_hal_tim.c.obj
 .text.TIM_OC5_SetConfig
                0x08001110       0x64 CMakeFiles/Scratch_control-code.elf.dir/Drivers/STM32G0xx_HAL_Driver/Src/stm32g0xx_hal_tim.c.obj
 .text.TIM_OC6_SetConfig
                0x08001174       0x68 CMakeFiles/Scratch_control-code.elf.dir/Drivers/STM32G0xx_HAL_Driver/Src/stm32g0xx_hal_tim.c.obj
 .text.TIM_DMADelayPulseCplt
                0x080011dc       0x70 CMakeFiles/Scratch_control-code.elf.dir/Drivers/STM32G0xx_HAL_Driver/Src/stm32g0xx_hal_tim.c.obj
 .text.HAL_TIM_PWM_PulseFinishedHalfCpltCallback
                0x0800124c        0x2 CMakeFiles/Scratch_control-code.elf.dir/Drivers/STM32G0xx_HAL_Driver/Src/stm32g0xx_hal_tim.c.obj
                0x0800124c                HAL_TIM_PWM_PulseFinishedHalfCpltCallback
 .text.TIM_DMADelayPulseHalfCplt
                0x0800124e       0x3e CMakeFiles/Scratch_control-code.elf.dir/Drivers/STM32G0xx_HAL_Driver/Src/stm32g0xx_hal_tim.c.obj
                0x0800124e                TIM_DMADelayPulseHalfCplt
 .text.HAL_TIM_ErrorCallback
                0x0800128c        0x2 CMakeFiles/Scratch_control-code.elf.dir/Drivers/STM32G0xx_HAL_Driver/Src/stm32g0xx_hal_tim.c.obj
                0x0800128c                HAL_TIM_ErrorCallback
 .text.TIM_DMAError
                0x0800128e       0x5c CMakeFiles/Scratch_control-code.elf.dir/Drivers/STM32G0xx_HAL_Driver/Src/stm32g0xx_hal_tim.c.obj
                0x0800128e                TIM_DMAError
 *fill*         0x080012ea        0x2 
 .text.TIM_Base_SetConfig
                0x080012ec       0x84 CMakeFiles/Scratch_control-code.elf.dir/Drivers/STM32G0xx_HAL_Driver/Src/stm32g0xx_hal_tim.c.obj
                0x080012ec                TIM_Base_SetConfig
 .text.HAL_TIM_PWM_Init
                0x08001370       0x60 CMakeFiles/Scratch_control-code.elf.dir/Drivers/STM32G0xx_HAL_Driver/Src/stm32g0xx_hal_tim.c.obj
                0x08001370                HAL_TIM_PWM_Init
 .text.TIM_OC2_SetConfig
                0x080013d0       0x80 CMakeFiles/Scratch_control-code.elf.dir/Drivers/STM32G0xx_HAL_Driver/Src/stm32g0xx_hal_tim.c.obj
                0x080013d0                TIM_OC2_SetConfig
 .text.HAL_TIM_PWM_ConfigChannel
                0x08001450      0x144 CMakeFiles/Scratch_control-code.elf.dir/Drivers/STM32G0xx_HAL_Driver/Src/stm32g0xx_hal_tim.c.obj
                0x08001450                HAL_TIM_PWM_ConfigChannel
 .text.TIM_CCxChannelCmd
                0x08001594       0x1a CMakeFiles/Scratch_control-code.elf.dir/Drivers/STM32G0xx_HAL_Driver/Src/stm32g0xx_hal_tim.c.obj
                0x08001594                TIM_CCxChannelCmd
 *fill*         0x080015ae        0x2 
 .text.HAL_TIM_PWM_Start
                0x080015b0      0x12c CMakeFiles/Scratch_control-code.elf.dir/Drivers/STM32G0xx_HAL_Driver/Src/stm32g0xx_hal_tim.c.obj
                0x080015b0                HAL_TIM_PWM_Start
 .text.HAL_TIM_PWM_Start_DMA
                0x080016dc      0x2b0 CMakeFiles/Scratch_control-code.elf.dir/Drivers/STM32G0xx_HAL_Driver/Src/stm32g0xx_hal_tim.c.obj
                0x080016dc                HAL_TIM_PWM_Start_DMA
 .text.HAL_TIM_PWM_Stop_DMA
                0x0800198c      0x130 CMakeFiles/Scratch_control-code.elf.dir/Drivers/STM32G0xx_HAL_Driver/Src/stm32g0xx_hal_tim.c.obj
                0x0800198c                HAL_TIM_PWM_Stop_DMA
 .text.HAL_TIMEx_MasterConfigSynchronization
                0x08001abc       0x70 CMakeFiles/Scratch_control-code.elf.dir/Drivers/STM32G0xx_HAL_Driver/Src/stm32g0xx_hal_tim_ex.c.obj
                0x08001abc                HAL_TIMEx_MasterConfigSynchronization
 .text.HAL_TIMEx_ConfigBreakDeadTime
                0x08001b2c       0xcc CMakeFiles/Scratch_control-code.elf.dir/Drivers/STM32G0xx_HAL_Driver/Src/stm32g0xx_hal_tim_ex.c.obj
                0x08001b2c                HAL_TIMEx_ConfigBreakDeadTime
 .text.WS_Load  0x08001bf8       0x1c CMakeFiles/Scratch_control-code.elf.dir/hardware/WS2812.c.obj
                0x08001bf8                WS_Load
 .text.WS_WriteAll_RGB
                0x08001c14       0xb8 CMakeFiles/Scratch_control-code.elf.dir/hardware/WS2812.c.obj
                0x08001c14                WS_WriteAll_RGB
 .text.MX_DMA_Init
                0x08001ccc       0x30 CMakeFiles/Scratch_control-code.elf.dir/hardware/dma.c.obj
                0x08001ccc                MX_DMA_Init
 .text.MX_GPIO_Init
                0x08001cfc       0x5c CMakeFiles/Scratch_control-code.elf.dir/hardware/gpio.c.obj
                0x08001cfc                MX_GPIO_Init
 .text.key_scan
                0x08001d58       0xa8 CMakeFiles/Scratch_control-code.elf.dir/hardware/key.c.obj
                0x08001d58                key_scan
 .text.Error_Handler
                0x08001e00        0x4 CMakeFiles/Scratch_control-code.elf.dir/hardware/main.c.obj
                0x08001e00                Error_Handler
 .text.SystemClock_Config
                0x08001e04       0x78 CMakeFiles/Scratch_control-code.elf.dir/hardware/main.c.obj
                0x08001e04                SystemClock_Config
 .text.main     0x08001e7c       0x48 CMakeFiles/Scratch_control-code.elf.dir/hardware/main.c.obj
                0x08001e7c                main
 .text.HAL_TIM_PWM_PulseFinishedCallback
                0x08001ec4       0x10 CMakeFiles/Scratch_control-code.elf.dir/hardware/main.c.obj
                0x08001ec4                HAL_TIM_PWM_PulseFinishedCallback
 .text.NMI_Handler
                0x08001ed4        0x2 CMakeFiles/Scratch_control-code.elf.dir/hardware/stm32g0xx_it.c.obj
                0x08001ed4                NMI_Handler
 .text.HardFault_Handler
                0x08001ed6        0x2 CMakeFiles/Scratch_control-code.elf.dir/hardware/stm32g0xx_it.c.obj
                0x08001ed6                HardFault_Handler
 .text.SVC_Handler
                0x08001ed8        0x2 CMakeFiles/Scratch_control-code.elf.dir/hardware/stm32g0xx_it.c.obj
                0x08001ed8                SVC_Handler
 .text.PendSV_Handler
                0x08001eda        0x2 CMakeFiles/Scratch_control-code.elf.dir/hardware/stm32g0xx_it.c.obj
                0x08001eda                PendSV_Handler
 .text.SysTick_Handler
                0x08001edc        0x8 CMakeFiles/Scratch_control-code.elf.dir/hardware/stm32g0xx_it.c.obj
                0x08001edc                SysTick_Handler
 .text.DMA1_Channel1_IRQHandler
                0x08001ee4       0x10 CMakeFiles/Scratch_control-code.elf.dir/hardware/stm32g0xx_it.c.obj
                0x08001ee4                DMA1_Channel1_IRQHandler
 .text.HAL_TIM_PWM_MspInit
                0x08001ef4       0x90 CMakeFiles/Scratch_control-code.elf.dir/hardware/tim.c.obj
                0x08001ef4                HAL_TIM_PWM_MspInit
 .text.HAL_TIM_MspPostInit
                0x08001f84       0x80 CMakeFiles/Scratch_control-code.elf.dir/hardware/tim.c.obj
                0x08001f84                HAL_TIM_MspPostInit
 .text.MX_TIM1_Init
                0x08002004       0xd4 CMakeFiles/Scratch_control-code.elf.dir/hardware/tim.c.obj
                0x08002004                MX_TIM1_Init
 .text.MX_TIM3_Init
                0x080020d8       0x84 CMakeFiles/Scratch_control-code.elf.dir/hardware/tim.c.obj
                0x080020d8                MX_TIM3_Init
 .text.Reset_Handler
                0x0800215c       0x50 CMakeFiles/Scratch_control-code.elf.dir/system/startup_stm32g030f6px.s.obj
                0x0800215c                Reset_Handler
 .text.Default_Handler
                0x080021ac        0x2 CMakeFiles/Scratch_control-code.elf.dir/system/startup_stm32g030f6px.s.obj
                0x080021ac                TIM1_CC_IRQHandler
                0x080021ac                I2C1_IRQHandler
                0x080021ac                RTC_TAMP_IRQHandler
                0x080021ac                SPI1_IRQHandler
                0x080021ac                DMA1_Ch4_5_DMAMUX1_OVR_IRQHandler
                0x080021ac                EXTI2_3_IRQHandler
                0x080021ac                ADC1_IRQHandler
                0x080021ac                I2C2_IRQHandler
                0x080021ac                TIM17_IRQHandler
                0x080021ac                TIM16_IRQHandler
                0x080021ac                TIM3_IRQHandler
                0x080021ac                EXTI4_15_IRQHandler
                0x080021ac                RCC_IRQHandler
                0x080021ac                Default_Handler
                0x080021ac                TIM14_IRQHandler
                0x080021ac                EXTI0_1_IRQHandler
                0x080021ac                SPI2_IRQHandler
                0x080021ac                WWDG_IRQHandler
                0x080021ac                DMA1_Channel2_3_IRQHandler
                0x080021ac                USART2_IRQHandler
                0x080021ac                FLASH_IRQHandler
                0x080021ac                USART1_IRQHandler
                0x080021ac                TIM1_BRK_UP_TRG_COM_IRQHandler
 *fill*         0x080021ae        0x2 
 .text.HAL_MspInit
                0x080021b0       0x30 CMakeFiles/Scratch_control-code.elf.dir/system/stm32g0xx_hal_msp.c.obj
                0x080021b0                HAL_MspInit
 .text.SystemInit
                0x080021e0        0x2 CMakeFiles/Scratch_control-code.elf.dir/system/system_stm32g0xx.c.obj
                0x080021e0                SystemInit
 *fill*         0x080021e2        0x2 
 .text.__libc_init_array
                0x080021e4       0x44 d:/gcc-arm-none-eabi-10.3-2021.10/bin/../lib/gcc/arm-none-eabi/10.3.1/../../../../arm-none-eabi/lib/thumb/v6-m/nofp\libg.a(lib_a-init.o)
                0x080021e4                __libc_init_array
 .text.memset   0x08002228       0xa8 d:/gcc-arm-none-eabi-10.3-2021.10/bin/../lib/gcc/arm-none-eabi/10.3.1/../../../../arm-none-eabi/lib/thumb/v6-m/nofp\libg.a(lib_a-memset.o)
                0x08002228                memset
 .text.startup.register_fini
                0x080022d0       0x18 d:/gcc-arm-none-eabi-10.3-2021.10/bin/../lib/gcc/arm-none-eabi/10.3.1/../../../../arm-none-eabi/lib/thumb/v6-m/nofp\libg.a(lib_a-__call_atexit.o)
 .text.atexit   0x080022e8       0x10 d:/gcc-arm-none-eabi-10.3-2021.10/bin/../lib/gcc/arm-none-eabi/10.3.1/../../../../arm-none-eabi/lib/thumb/v6-m/nofp\libg.a(lib_a-atexit.o)
                0x080022e8                atexit
 .text.__libc_fini_array
                0x080022f8       0x28 d:/gcc-arm-none-eabi-10.3-2021.10/bin/../lib/gcc/arm-none-eabi/10.3.1/../../../../arm-none-eabi/lib/thumb/v6-m/nofp\libg.a(lib_a-fini.o)
                0x080022f8                __libc_fini_array
 .text.__retarget_lock_acquire_recursive
                0x08002320        0x4 d:/gcc-arm-none-eabi-10.3-2021.10/bin/../lib/gcc/arm-none-eabi/10.3.1/../../../../arm-none-eabi/lib/thumb/v6-m/nofp\libg.a(lib_a-lock.o)
                0x08002320                __retarget_lock_acquire_recursive
 .text.__retarget_lock_release_recursive
                0x08002324        0x4 d:/gcc-arm-none-eabi-10.3-2021.10/bin/../lib/gcc/arm-none-eabi/10.3.1/../../../../arm-none-eabi/lib/thumb/v6-m/nofp\libg.a(lib_a-lock.o)
                0x08002324                __retarget_lock_release_recursive
 .text.__register_exitproc
                0x08002328       0xac d:/gcc-arm-none-eabi-10.3-2021.10/bin/../lib/gcc/arm-none-eabi/10.3.1/../../../../arm-none-eabi/lib/thumb/v6-m/nofp\libg.a(lib_a-__atexit.o)
                0x08002328                __register_exitproc
 *(.glue_7)
 .glue_7        0x080023d4        0x0 linker stubs
 *(.glue_7t)
 .glue_7t       0x080023d4        0x0 linker stubs
 *(.eh_frame)
 .eh_frame      0x080023d4        0x0 d:/gcc-arm-none-eabi-10.3-2021.10/bin/../lib/gcc/arm-none-eabi/10.3.1/thumb/v6-m/nofp/crtbegin.o
 *(.init)
 .init          0x080023d4        0x4 d:/gcc-arm-none-eabi-10.3-2021.10/bin/../lib/gcc/arm-none-eabi/10.3.1/thumb/v6-m/nofp/crti.o
                0x080023d4                _init
 .init          0x080023d8        0x8 d:/gcc-arm-none-eabi-10.3-2021.10/bin/../lib/gcc/arm-none-eabi/10.3.1/thumb/v6-m/nofp/crtn.o
 *(.fini)
 .fini          0x080023e0        0x4 d:/gcc-arm-none-eabi-10.3-2021.10/bin/../lib/gcc/arm-none-eabi/10.3.1/thumb/v6-m/nofp/crti.o
                0x080023e0                _fini
 .fini          0x080023e4        0x8 d:/gcc-arm-none-eabi-10.3-2021.10/bin/../lib/gcc/arm-none-eabi/10.3.1/thumb/v6-m/nofp/crtn.o
                0x080023ec                . = ALIGN (0x4)
                0x080023ec                _etext = .

.vfp11_veneer   0x080023ec        0x0
 .vfp11_veneer  0x080023ec        0x0 linker stubs

.v4_bx          0x080023ec        0x0
 .v4_bx         0x080023ec        0x0 linker stubs

.iplt           0x080023ec        0x0
 .iplt          0x080023ec        0x0 d:/gcc-arm-none-eabi-10.3-2021.10/bin/../lib/gcc/arm-none-eabi/10.3.1/thumb/v6-m/nofp/crtbegin.o

.rodata         0x080023ec       0x98
                0x080023ec                . = ALIGN (0x4)
 *(.rodata)
 *(.rodata*)
 .rodata.HAL_TIM_PWM_ConfigChannel
                0x080023ec       0x54 CMakeFiles/Scratch_control-code.elf.dir/Drivers/STM32G0xx_HAL_Driver/Src/stm32g0xx_hal_tim.c.obj
 .rodata.AHBPrescTable
                0x08002440       0x40 CMakeFiles/Scratch_control-code.elf.dir/system/system_stm32g0xx.c.obj
                0x08002440                AHBPrescTable
 .rodata._global_impure_ptr
                0x08002480        0x4 d:/gcc-arm-none-eabi-10.3-2021.10/bin/../lib/gcc/arm-none-eabi/10.3.1/../../../../arm-none-eabi/lib/thumb/v6-m/nofp\libg.a(lib_a-impure.o)
                0x08002480                _global_impure_ptr
                0x08002484                . = ALIGN (0x4)

.rel.dyn        0x08002484        0x0
 .rel.iplt      0x08002484        0x0 d:/gcc-arm-none-eabi-10.3-2021.10/bin/../lib/gcc/arm-none-eabi/10.3.1/thumb/v6-m/nofp/crtbegin.o

.ARM.extab      0x08002484        0x0
                0x08002484                . = ALIGN (0x4)
 *(.ARM.extab* .gnu.linkonce.armextab.*)
                0x08002484                . = ALIGN (0x4)

.ARM            0x08002484        0x0
                0x08002484                . = ALIGN (0x4)
                0x08002484                __exidx_start = .
 *(.ARM.exidx*)
                0x08002484                __exidx_end = .
                0x08002484                . = ALIGN (0x4)

.preinit_array  0x08002484        0x0
                0x08002484                . = ALIGN (0x4)
                0x08002484                PROVIDE (__preinit_array_start = .)
 *(.preinit_array*)
                0x08002484                PROVIDE (__preinit_array_end = .)
                0x08002484                . = ALIGN (0x4)

.init_array     0x08002484        0x8
                0x08002484                . = ALIGN (0x4)
                0x08002484                PROVIDE (__init_array_start = .)
 *(SORT_BY_NAME(.init_array.*))
 .init_array.00000
                0x08002484        0x4 d:/gcc-arm-none-eabi-10.3-2021.10/bin/../lib/gcc/arm-none-eabi/10.3.1/../../../../arm-none-eabi/lib/thumb/v6-m/nofp\libg.a(lib_a-__call_atexit.o)
 *(.init_array*)
 .init_array    0x08002488        0x4 d:/gcc-arm-none-eabi-10.3-2021.10/bin/../lib/gcc/arm-none-eabi/10.3.1/thumb/v6-m/nofp/crtbegin.o
                0x0800248c                PROVIDE (__init_array_end = .)
                0x0800248c                . = ALIGN (0x4)

.fini_array     0x0800248c        0x4
                0x0800248c                . = ALIGN (0x4)
                0x0800248c                PROVIDE (__fini_array_start = .)
 *(SORT_BY_NAME(.fini_array.*))
 *(.fini_array*)
 .fini_array    0x0800248c        0x4 d:/gcc-arm-none-eabi-10.3-2021.10/bin/../lib/gcc/arm-none-eabi/10.3.1/thumb/v6-m/nofp/crtbegin.o
                0x08002490                PROVIDE (__fini_array_end = .)
                0x08002490                . = ALIGN (0x4)
                0x08002490                _sidata = LOADADDR (.data)

.data           0x20000000      0x43c load address 0x08002490
                0x20000000                . = ALIGN (0x4)
                0x20000000                _sdata = .
 *(.data)
 *(.data*)
 .data.uwTickFreq
                0x20000000        0x1 CMakeFiles/Scratch_control-code.elf.dir/Drivers/STM32G0xx_HAL_Driver/Src/stm32g0xx_hal.c.obj
                0x20000000                uwTickFreq
 *fill*         0x20000001        0x3 
 .data.uwTickPrio
                0x20000004        0x4 CMakeFiles/Scratch_control-code.elf.dir/Drivers/STM32G0xx_HAL_Driver/Src/stm32g0xx_hal.c.obj
                0x20000004                uwTickPrio
 .data.SystemCoreClock
                0x20000008        0x4 CMakeFiles/Scratch_control-code.elf.dir/system/system_stm32g0xx.c.obj
                0x20000008                SystemCoreClock
 *fill*         0x2000000c        0x4 
 .data.impure_data
                0x20000010      0x428 d:/gcc-arm-none-eabi-10.3-2021.10/bin/../lib/gcc/arm-none-eabi/10.3.1/../../../../arm-none-eabi/lib/thumb/v6-m/nofp\libg.a(lib_a-impure.o)
 .data.__atexit_recursive_mutex
                0x20000438        0x4 d:/gcc-arm-none-eabi-10.3-2021.10/bin/../lib/gcc/arm-none-eabi/10.3.1/../../../../arm-none-eabi/lib/thumb/v6-m/nofp\libg.a(lib_a-__call_atexit.o)
                0x20000438                __atexit_recursive_mutex
 *(.RamFunc)
 *(.RamFunc*)
                0x2000043c                . = ALIGN (0x4)
                0x2000043c                _edata = .

.igot.plt       0x2000043c        0x0 load address 0x080028cc
 .igot.plt      0x2000043c        0x0 d:/gcc-arm-none-eabi-10.3-2021.10/bin/../lib/gcc/arm-none-eabi/10.3.1/thumb/v6-m/nofp/crtbegin.o
                0x2000043c                . = ALIGN (0x4)

.bss            0x2000043c      0xf80 load address 0x080028cc
                0x2000043c                _sbss = .
                0x2000043c                __bss_start__ = _sbss
 *(.bss)
 .bss           0x2000043c       0x1c d:/gcc-arm-none-eabi-10.3-2021.10/bin/../lib/gcc/arm-none-eabi/10.3.1/thumb/v6-m/nofp/crtbegin.o
 *(.bss*)
 .bss.uwTick    0x20000458        0x4 CMakeFiles/Scratch_control-code.elf.dir/Drivers/STM32G0xx_HAL_Driver/Src/stm32g0xx_hal.c.obj
                0x20000458                uwTick
 .bss.send_Buf  0x2000045c      0xe68 CMakeFiles/Scratch_control-code.elf.dir/hardware/WS2812.c.obj
                0x2000045c                send_Buf
 .bss.hdma_tim3_ch2
                0x200012c4       0x5c CMakeFiles/Scratch_control-code.elf.dir/hardware/tim.c.obj
                0x200012c4                hdma_tim3_ch2
 .bss.htim1     0x20001320       0x4c CMakeFiles/Scratch_control-code.elf.dir/hardware/tim.c.obj
                0x20001320                htim1
 .bss.htim3     0x2000136c       0x4c CMakeFiles/Scratch_control-code.elf.dir/hardware/tim.c.obj
                0x2000136c                htim3
 .bss.__lock___atexit_recursive_mutex
                0x200013b8        0x1 d:/gcc-arm-none-eabi-10.3-2021.10/bin/../lib/gcc/arm-none-eabi/10.3.1/../../../../arm-none-eabi/lib/thumb/v6-m/nofp\libg.a(lib_a-lock.o)
                0x200013b8                __lock___atexit_recursive_mutex
 *(COMMON)
                0x200013bc                . = ALIGN (0x4)
 *fill*         0x200013b9        0x3 
                0x200013bc                _ebss = .
                0x200013bc                __bss_end__ = _ebss

._user_heap_stack
                0x200013bc      0x604 load address 0x080028cc
                0x200013c0                . = ALIGN (0x8)
 *fill*         0x200013bc        0x4 
                [!provide]                PROVIDE (end = .)
                0x200013c0                PROVIDE (_end = .)
                0x200015c0                . = (. + _Min_Heap_Size)
 *fill*         0x200013c0      0x200 
                0x200019c0                . = (. + _Min_Stack_Size)
 *fill*         0x200015c0      0x400 
                0x200019c0                . = ALIGN (0x8)

/DISCARD/
 libc.a(*)
 libm.a(*)
 libgcc.a(*)

.ARM.attributes
                0x00000000       0x28
 *(.ARM.attributes)
 .ARM.attributes
                0x00000000       0x1e d:/gcc-arm-none-eabi-10.3-2021.10/bin/../lib/gcc/arm-none-eabi/10.3.1/thumb/v6-m/nofp/crti.o
 .ARM.attributes
                0x0000001e       0x2c d:/gcc-arm-none-eabi-10.3-2021.10/bin/../lib/gcc/arm-none-eabi/10.3.1/thumb/v6-m/nofp/crtbegin.o
 .ARM.attributes
                0x0000004a       0x2c CMakeFiles/Scratch_control-code.elf.dir/Drivers/STM32G0xx_HAL_Driver/Src/stm32g0xx_hal.c.obj
 .ARM.attributes
                0x00000076       0x2c CMakeFiles/Scratch_control-code.elf.dir/Drivers/STM32G0xx_HAL_Driver/Src/stm32g0xx_hal_cortex.c.obj
 .ARM.attributes
                0x000000a2       0x2c CMakeFiles/Scratch_control-code.elf.dir/Drivers/STM32G0xx_HAL_Driver/Src/stm32g0xx_hal_dma.c.obj
 .ARM.attributes
                0x000000ce       0x2c CMakeFiles/Scratch_control-code.elf.dir/Drivers/STM32G0xx_HAL_Driver/Src/stm32g0xx_hal_gpio.c.obj
 .ARM.attributes
                0x000000fa       0x2c CMakeFiles/Scratch_control-code.elf.dir/Drivers/STM32G0xx_HAL_Driver/Src/stm32g0xx_hal_pwr_ex.c.obj
 .ARM.attributes
                0x00000126       0x2c CMakeFiles/Scratch_control-code.elf.dir/Drivers/STM32G0xx_HAL_Driver/Src/stm32g0xx_hal_rcc.c.obj
 .ARM.attributes
                0x00000152       0x2c CMakeFiles/Scratch_control-code.elf.dir/Drivers/STM32G0xx_HAL_Driver/Src/stm32g0xx_hal_tim.c.obj
 .ARM.attributes
                0x0000017e       0x2c CMakeFiles/Scratch_control-code.elf.dir/Drivers/STM32G0xx_HAL_Driver/Src/stm32g0xx_hal_tim_ex.c.obj
 .ARM.attributes
                0x000001aa       0x2c CMakeFiles/Scratch_control-code.elf.dir/hardware/WS2812.c.obj
 .ARM.attributes
                0x000001d6       0x2c CMakeFiles/Scratch_control-code.elf.dir/hardware/dma.c.obj
 .ARM.attributes
                0x00000202       0x2c CMakeFiles/Scratch_control-code.elf.dir/hardware/gpio.c.obj
 .ARM.attributes
                0x0000022e       0x2c CMakeFiles/Scratch_control-code.elf.dir/hardware/key.c.obj
 .ARM.attributes
                0x0000025a       0x2c CMakeFiles/Scratch_control-code.elf.dir/hardware/main.c.obj
 .ARM.attributes
                0x00000286       0x2c CMakeFiles/Scratch_control-code.elf.dir/hardware/stm32g0xx_it.c.obj
 .ARM.attributes
                0x000002b2       0x2c CMakeFiles/Scratch_control-code.elf.dir/hardware/tim.c.obj
 .ARM.attributes
                0x000002de       0x22 CMakeFiles/Scratch_control-code.elf.dir/system/startup_stm32g030f6px.s.obj
 .ARM.attributes
                0x00000300       0x2c CMakeFiles/Scratch_control-code.elf.dir/system/stm32g0xx_hal_msp.c.obj
 .ARM.attributes
                0x0000032c       0x2c CMakeFiles/Scratch_control-code.elf.dir/system/system_stm32g0xx.c.obj
 .ARM.attributes
                0x00000358       0x1e d:/gcc-arm-none-eabi-10.3-2021.10/bin/../lib/gcc/arm-none-eabi/10.3.1/thumb/v6-m/nofp\libgcc.a(_udivsi3.o)
 .ARM.attributes
                0x00000376       0x1e d:/gcc-arm-none-eabi-10.3-2021.10/bin/../lib/gcc/arm-none-eabi/10.3.1/thumb/v6-m/nofp\libgcc.a(_dvmd_tls.o)
 .ARM.attributes
                0x00000394       0x2c d:/gcc-arm-none-eabi-10.3-2021.10/bin/../lib/gcc/arm-none-eabi/10.3.1/../../../../arm-none-eabi/lib/thumb/v6-m/nofp\libg.a(lib_a-impure.o)
 .ARM.attributes
                0x000003c0       0x2c d:/gcc-arm-none-eabi-10.3-2021.10/bin/../lib/gcc/arm-none-eabi/10.3.1/../../../../arm-none-eabi/lib/thumb/v6-m/nofp\libg.a(lib_a-init.o)
 .ARM.attributes
                0x000003ec       0x2c d:/gcc-arm-none-eabi-10.3-2021.10/bin/../lib/gcc/arm-none-eabi/10.3.1/../../../../arm-none-eabi/lib/thumb/v6-m/nofp\libg.a(lib_a-memset.o)
 .ARM.attributes
                0x00000418       0x2c d:/gcc-arm-none-eabi-10.3-2021.10/bin/../lib/gcc/arm-none-eabi/10.3.1/../../../../arm-none-eabi/lib/thumb/v6-m/nofp\libg.a(lib_a-__call_atexit.o)
 .ARM.attributes
                0x00000444       0x2c d:/gcc-arm-none-eabi-10.3-2021.10/bin/../lib/gcc/arm-none-eabi/10.3.1/../../../../arm-none-eabi/lib/thumb/v6-m/nofp\libg.a(lib_a-atexit.o)
 .ARM.attributes
                0x00000470       0x2c d:/gcc-arm-none-eabi-10.3-2021.10/bin/../lib/gcc/arm-none-eabi/10.3.1/../../../../arm-none-eabi/lib/thumb/v6-m/nofp\libg.a(lib_a-fini.o)
 .ARM.attributes
                0x0000049c       0x2c d:/gcc-arm-none-eabi-10.3-2021.10/bin/../lib/gcc/arm-none-eabi/10.3.1/../../../../arm-none-eabi/lib/thumb/v6-m/nofp\libg.a(lib_a-lock.o)
 .ARM.attributes
                0x000004c8       0x2c d:/gcc-arm-none-eabi-10.3-2021.10/bin/../lib/gcc/arm-none-eabi/10.3.1/../../../../arm-none-eabi/lib/thumb/v6-m/nofp\libg.a(lib_a-__atexit.o)
 .ARM.attributes
                0x000004f4       0x1e d:/gcc-arm-none-eabi-10.3-2021.10/bin/../lib/gcc/arm-none-eabi/10.3.1/thumb/v6-m/nofp/crtn.o
OUTPUT(Scratch_control-code.elf elf32-littlearm)
LOAD linker stubs
LOAD d:/gcc-arm-none-eabi-10.3-2021.10/bin/../lib/gcc/arm-none-eabi/10.3.1/../../../../arm-none-eabi/lib/thumb/v6-m/nofp\libc.a
LOAD d:/gcc-arm-none-eabi-10.3-2021.10/bin/../lib/gcc/arm-none-eabi/10.3.1/../../../../arm-none-eabi/lib/thumb/v6-m/nofp\libm.a
LOAD d:/gcc-arm-none-eabi-10.3-2021.10/bin/../lib/gcc/arm-none-eabi/10.3.1/thumb/v6-m/nofp\libgcc.a

.debug_info     0x00000000     0xd332
 .debug_info    0x00000000      0x9cf CMakeFiles/Scratch_control-code.elf.dir/Drivers/STM32G0xx_HAL_Driver/Src/stm32g0xx_hal.c.obj
 .debug_info    0x000009cf      0xa31 CMakeFiles/Scratch_control-code.elf.dir/Drivers/STM32G0xx_HAL_Driver/Src/stm32g0xx_hal_cortex.c.obj
 .debug_info    0x00001400      0xa52 CMakeFiles/Scratch_control-code.elf.dir/Drivers/STM32G0xx_HAL_Driver/Src/stm32g0xx_hal_dma.c.obj
 .debug_info    0x00001e52      0x62d CMakeFiles/Scratch_control-code.elf.dir/Drivers/STM32G0xx_HAL_Driver/Src/stm32g0xx_hal_gpio.c.obj
 .debug_info    0x0000247f      0x556 CMakeFiles/Scratch_control-code.elf.dir/Drivers/STM32G0xx_HAL_Driver/Src/stm32g0xx_hal_pwr_ex.c.obj
 .debug_info    0x000029d5      0xd32 CMakeFiles/Scratch_control-code.elf.dir/Drivers/STM32G0xx_HAL_Driver/Src/stm32g0xx_hal_rcc.c.obj
 .debug_info    0x00003707     0x3fe2 CMakeFiles/Scratch_control-code.elf.dir/Drivers/STM32G0xx_HAL_Driver/Src/stm32g0xx_hal_tim.c.obj
 .debug_info    0x000076e9     0x1f47 CMakeFiles/Scratch_control-code.elf.dir/Drivers/STM32G0xx_HAL_Driver/Src/stm32g0xx_hal_tim_ex.c.obj
 .debug_info    0x00009630      0x927 CMakeFiles/Scratch_control-code.elf.dir/hardware/WS2812.c.obj
 .debug_info    0x00009f57      0x378 CMakeFiles/Scratch_control-code.elf.dir/hardware/dma.c.obj
 .debug_info    0x0000a2cf      0x462 CMakeFiles/Scratch_control-code.elf.dir/hardware/gpio.c.obj
 .debug_info    0x0000a731      0x487 CMakeFiles/Scratch_control-code.elf.dir/hardware/key.c.obj
 .debug_info    0x0000abb8      0xc6b CMakeFiles/Scratch_control-code.elf.dir/hardware/main.c.obj
 .debug_info    0x0000b823      0x47d CMakeFiles/Scratch_control-code.elf.dir/hardware/stm32g0xx_it.c.obj
 .debug_info    0x0000bca0     0x1053 CMakeFiles/Scratch_control-code.elf.dir/hardware/tim.c.obj
 .debug_info    0x0000ccf3       0x22 CMakeFiles/Scratch_control-code.elf.dir/system/startup_stm32g030f6px.s.obj
 .debug_info    0x0000cd15      0x292 CMakeFiles/Scratch_control-code.elf.dir/system/stm32g0xx_hal_msp.c.obj
 .debug_info    0x0000cfa7      0x38b CMakeFiles/Scratch_control-code.elf.dir/system/system_stm32g0xx.c.obj

.debug_abbrev   0x00000000     0x2082
 .debug_abbrev  0x00000000      0x29c CMakeFiles/Scratch_control-code.elf.dir/Drivers/STM32G0xx_HAL_Driver/Src/stm32g0xx_hal.c.obj
 .debug_abbrev  0x0000029c      0x2af CMakeFiles/Scratch_control-code.elf.dir/Drivers/STM32G0xx_HAL_Driver/Src/stm32g0xx_hal_cortex.c.obj
 .debug_abbrev  0x0000054b      0x20a CMakeFiles/Scratch_control-code.elf.dir/Drivers/STM32G0xx_HAL_Driver/Src/stm32g0xx_hal_dma.c.obj
 .debug_abbrev  0x00000755      0x1fd CMakeFiles/Scratch_control-code.elf.dir/Drivers/STM32G0xx_HAL_Driver/Src/stm32g0xx_hal_gpio.c.obj
 .debug_abbrev  0x00000952      0x1f8 CMakeFiles/Scratch_control-code.elf.dir/Drivers/STM32G0xx_HAL_Driver/Src/stm32g0xx_hal_pwr_ex.c.obj
 .debug_abbrev  0x00000b4a      0x29a CMakeFiles/Scratch_control-code.elf.dir/Drivers/STM32G0xx_HAL_Driver/Src/stm32g0xx_hal_rcc.c.obj
 .debug_abbrev  0x00000de4      0x254 CMakeFiles/Scratch_control-code.elf.dir/Drivers/STM32G0xx_HAL_Driver/Src/stm32g0xx_hal_tim.c.obj
 .debug_abbrev  0x00001038      0x26a CMakeFiles/Scratch_control-code.elf.dir/Drivers/STM32G0xx_HAL_Driver/Src/stm32g0xx_hal_tim_ex.c.obj
 .debug_abbrev  0x000012a2      0x20e CMakeFiles/Scratch_control-code.elf.dir/hardware/WS2812.c.obj
 .debug_abbrev  0x000014b0      0x13e CMakeFiles/Scratch_control-code.elf.dir/hardware/dma.c.obj
 .debug_abbrev  0x000015ee      0x177 CMakeFiles/Scratch_control-code.elf.dir/hardware/gpio.c.obj
 .debug_abbrev  0x00001765      0x12c CMakeFiles/Scratch_control-code.elf.dir/hardware/key.c.obj
 .debug_abbrev  0x00001891      0x243 CMakeFiles/Scratch_control-code.elf.dir/hardware/main.c.obj
 .debug_abbrev  0x00001ad4      0x14f CMakeFiles/Scratch_control-code.elf.dir/hardware/stm32g0xx_it.c.obj
 .debug_abbrev  0x00001c23      0x222 CMakeFiles/Scratch_control-code.elf.dir/hardware/tim.c.obj
 .debug_abbrev  0x00001e45       0x12 CMakeFiles/Scratch_control-code.elf.dir/system/startup_stm32g030f6px.s.obj
 .debug_abbrev  0x00001e57       0xe9 CMakeFiles/Scratch_control-code.elf.dir/system/stm32g0xx_hal_msp.c.obj
 .debug_abbrev  0x00001f40      0x142 CMakeFiles/Scratch_control-code.elf.dir/system/system_stm32g0xx.c.obj

.debug_loc      0x00000000     0xa249
 .debug_loc     0x00000000      0x1bd CMakeFiles/Scratch_control-code.elf.dir/Drivers/STM32G0xx_HAL_Driver/Src/stm32g0xx_hal.c.obj
 .debug_loc     0x000001bd      0x458 CMakeFiles/Scratch_control-code.elf.dir/Drivers/STM32G0xx_HAL_Driver/Src/stm32g0xx_hal_cortex.c.obj
 .debug_loc     0x00000615      0x93e CMakeFiles/Scratch_control-code.elf.dir/Drivers/STM32G0xx_HAL_Driver/Src/stm32g0xx_hal_dma.c.obj
 .debug_loc     0x00000f53      0x3a7 CMakeFiles/Scratch_control-code.elf.dir/Drivers/STM32G0xx_HAL_Driver/Src/stm32g0xx_hal_gpio.c.obj
 .debug_loc     0x000012fa      0x2e0 CMakeFiles/Scratch_control-code.elf.dir/Drivers/STM32G0xx_HAL_Driver/Src/stm32g0xx_hal_pwr_ex.c.obj
 .debug_loc     0x000015da      0x717 CMakeFiles/Scratch_control-code.elf.dir/Drivers/STM32G0xx_HAL_Driver/Src/stm32g0xx_hal_rcc.c.obj
 .debug_loc     0x00001cf1     0x5880 CMakeFiles/Scratch_control-code.elf.dir/Drivers/STM32G0xx_HAL_Driver/Src/stm32g0xx_hal_tim.c.obj
 .debug_loc     0x00007571     0x297c CMakeFiles/Scratch_control-code.elf.dir/Drivers/STM32G0xx_HAL_Driver/Src/stm32g0xx_hal_tim_ex.c.obj
 .debug_loc     0x00009eed      0x1a7 CMakeFiles/Scratch_control-code.elf.dir/hardware/WS2812.c.obj
 .debug_loc     0x0000a094       0x25 CMakeFiles/Scratch_control-code.elf.dir/hardware/main.c.obj
 .debug_loc     0x0000a0b9       0xe7 CMakeFiles/Scratch_control-code.elf.dir/hardware/tim.c.obj
 .debug_loc     0x0000a1a0       0xa9 CMakeFiles/Scratch_control-code.elf.dir/system/system_stm32g0xx.c.obj

.debug_aranges  0x00000000      0xae8
 .debug_aranges
                0x00000000      0x100 CMakeFiles/Scratch_control-code.elf.dir/Drivers/STM32G0xx_HAL_Driver/Src/stm32g0xx_hal.c.obj
 .debug_aranges
                0x00000100       0x90 CMakeFiles/Scratch_control-code.elf.dir/Drivers/STM32G0xx_HAL_Driver/Src/stm32g0xx_hal_cortex.c.obj
 .debug_aranges
                0x00000190       0x90 CMakeFiles/Scratch_control-code.elf.dir/Drivers/STM32G0xx_HAL_Driver/Src/stm32g0xx_hal_dma.c.obj
 .debug_aranges
                0x00000220       0x60 CMakeFiles/Scratch_control-code.elf.dir/Drivers/STM32G0xx_HAL_Driver/Src/stm32g0xx_hal_gpio.c.obj
 .debug_aranges
                0x00000280       0x98 CMakeFiles/Scratch_control-code.elf.dir/Drivers/STM32G0xx_HAL_Driver/Src/stm32g0xx_hal_pwr_ex.c.obj
 .debug_aranges
                0x00000318       0x98 CMakeFiles/Scratch_control-code.elf.dir/Drivers/STM32G0xx_HAL_Driver/Src/stm32g0xx_hal_rcc.c.obj
 .debug_aranges
                0x000003b0      0x3e0 CMakeFiles/Scratch_control-code.elf.dir/Drivers/STM32G0xx_HAL_Driver/Src/stm32g0xx_hal_tim.c.obj
 .debug_aranges
                0x00000790      0x198 CMakeFiles/Scratch_control-code.elf.dir/Drivers/STM32G0xx_HAL_Driver/Src/stm32g0xx_hal_tim_ex.c.obj
 .debug_aranges
                0x00000928       0x30 CMakeFiles/Scratch_control-code.elf.dir/hardware/WS2812.c.obj
 .debug_aranges
                0x00000958       0x20 CMakeFiles/Scratch_control-code.elf.dir/hardware/dma.c.obj
 .debug_aranges
                0x00000978       0x20 CMakeFiles/Scratch_control-code.elf.dir/hardware/gpio.c.obj
 .debug_aranges
                0x00000998       0x20 CMakeFiles/Scratch_control-code.elf.dir/hardware/key.c.obj
 .debug_aranges
                0x000009b8       0x38 CMakeFiles/Scratch_control-code.elf.dir/hardware/main.c.obj
 .debug_aranges
                0x000009f0       0x48 CMakeFiles/Scratch_control-code.elf.dir/hardware/stm32g0xx_it.c.obj
 .debug_aranges
                0x00000a38       0x40 CMakeFiles/Scratch_control-code.elf.dir/hardware/tim.c.obj
 .debug_aranges
                0x00000a78       0x28 CMakeFiles/Scratch_control-code.elf.dir/system/startup_stm32g030f6px.s.obj
 .debug_aranges
                0x00000aa0       0x20 CMakeFiles/Scratch_control-code.elf.dir/system/stm32g0xx_hal_msp.c.obj
 .debug_aranges
                0x00000ac0       0x28 CMakeFiles/Scratch_control-code.elf.dir/system/system_stm32g0xx.c.obj

.debug_ranges   0x00000000      0xa50
 .debug_ranges  0x00000000       0xf0 CMakeFiles/Scratch_control-code.elf.dir/Drivers/STM32G0xx_HAL_Driver/Src/stm32g0xx_hal.c.obj
 .debug_ranges  0x000000f0       0xe0 CMakeFiles/Scratch_control-code.elf.dir/Drivers/STM32G0xx_HAL_Driver/Src/stm32g0xx_hal_cortex.c.obj
 .debug_ranges  0x000001d0       0x80 CMakeFiles/Scratch_control-code.elf.dir/Drivers/STM32G0xx_HAL_Driver/Src/stm32g0xx_hal_dma.c.obj
 .debug_ranges  0x00000250       0x50 CMakeFiles/Scratch_control-code.elf.dir/Drivers/STM32G0xx_HAL_Driver/Src/stm32g0xx_hal_gpio.c.obj
 .debug_ranges  0x000002a0       0x88 CMakeFiles/Scratch_control-code.elf.dir/Drivers/STM32G0xx_HAL_Driver/Src/stm32g0xx_hal_pwr_ex.c.obj
 .debug_ranges  0x00000328       0xa8 CMakeFiles/Scratch_control-code.elf.dir/Drivers/STM32G0xx_HAL_Driver/Src/stm32g0xx_hal_rcc.c.obj
 .debug_ranges  0x000003d0      0x3d0 CMakeFiles/Scratch_control-code.elf.dir/Drivers/STM32G0xx_HAL_Driver/Src/stm32g0xx_hal_tim.c.obj
 .debug_ranges  0x000007a0      0x188 CMakeFiles/Scratch_control-code.elf.dir/Drivers/STM32G0xx_HAL_Driver/Src/stm32g0xx_hal_tim_ex.c.obj
 .debug_ranges  0x00000928       0x20 CMakeFiles/Scratch_control-code.elf.dir/hardware/WS2812.c.obj
 .debug_ranges  0x00000948       0x10 CMakeFiles/Scratch_control-code.elf.dir/hardware/dma.c.obj
 .debug_ranges  0x00000958       0x10 CMakeFiles/Scratch_control-code.elf.dir/hardware/gpio.c.obj
 .debug_ranges  0x00000968       0x10 CMakeFiles/Scratch_control-code.elf.dir/hardware/key.c.obj
 .debug_ranges  0x00000978       0x28 CMakeFiles/Scratch_control-code.elf.dir/hardware/main.c.obj
 .debug_ranges  0x000009a0       0x38 CMakeFiles/Scratch_control-code.elf.dir/hardware/stm32g0xx_it.c.obj
 .debug_ranges  0x000009d8       0x30 CMakeFiles/Scratch_control-code.elf.dir/hardware/tim.c.obj
 .debug_ranges  0x00000a08       0x20 CMakeFiles/Scratch_control-code.elf.dir/system/startup_stm32g030f6px.s.obj
 .debug_ranges  0x00000a28       0x10 CMakeFiles/Scratch_control-code.elf.dir/system/stm32g0xx_hal_msp.c.obj
 .debug_ranges  0x00000a38       0x18 CMakeFiles/Scratch_control-code.elf.dir/system/system_stm32g0xx.c.obj

.debug_line     0x00000000     0xc724
 .debug_line    0x00000000      0x6d4 CMakeFiles/Scratch_control-code.elf.dir/Drivers/STM32G0xx_HAL_Driver/Src/stm32g0xx_hal.c.obj
 .debug_line    0x000006d4      0x772 CMakeFiles/Scratch_control-code.elf.dir/Drivers/STM32G0xx_HAL_Driver/Src/stm32g0xx_hal_cortex.c.obj
 .debug_line    0x00000e46      0xbc2 CMakeFiles/Scratch_control-code.elf.dir/Drivers/STM32G0xx_HAL_Driver/Src/stm32g0xx_hal_dma.c.obj
 .debug_line    0x00001a08      0x756 CMakeFiles/Scratch_control-code.elf.dir/Drivers/STM32G0xx_HAL_Driver/Src/stm32g0xx_hal_gpio.c.obj
 .debug_line    0x0000215e      0x613 CMakeFiles/Scratch_control-code.elf.dir/Drivers/STM32G0xx_HAL_Driver/Src/stm32g0xx_hal_pwr_ex.c.obj
 .debug_line    0x00002771      0xe1e CMakeFiles/Scratch_control-code.elf.dir/Drivers/STM32G0xx_HAL_Driver/Src/stm32g0xx_hal_rcc.c.obj
 .debug_line    0x0000358f     0x50b4 CMakeFiles/Scratch_control-code.elf.dir/Drivers/STM32G0xx_HAL_Driver/Src/stm32g0xx_hal_tim.c.obj
 .debug_line    0x00008643     0x200e CMakeFiles/Scratch_control-code.elf.dir/Drivers/STM32G0xx_HAL_Driver/Src/stm32g0xx_hal_tim_ex.c.obj
 .debug_line    0x0000a651      0x4ce CMakeFiles/Scratch_control-code.elf.dir/hardware/WS2812.c.obj
 .debug_line    0x0000ab1f      0x24f CMakeFiles/Scratch_control-code.elf.dir/hardware/dma.c.obj
 .debug_line    0x0000ad6e      0x29d CMakeFiles/Scratch_control-code.elf.dir/hardware/gpio.c.obj
 .debug_line    0x0000b00b      0x30e CMakeFiles/Scratch_control-code.elf.dir/hardware/key.c.obj
 .debug_line    0x0000b319      0x4a7 CMakeFiles/Scratch_control-code.elf.dir/hardware/main.c.obj
 .debug_line    0x0000b7c0      0x302 CMakeFiles/Scratch_control-code.elf.dir/hardware/stm32g0xx_it.c.obj
 .debug_line    0x0000bac2      0x622 CMakeFiles/Scratch_control-code.elf.dir/hardware/tim.c.obj
 .debug_line    0x0000c0e4       0xc8 CMakeFiles/Scratch_control-code.elf.dir/system/startup_stm32g030f6px.s.obj
 .debug_line    0x0000c1ac      0x245 CMakeFiles/Scratch_control-code.elf.dir/system/stm32g0xx_hal_msp.c.obj
 .debug_line    0x0000c3f1      0x333 CMakeFiles/Scratch_control-code.elf.dir/system/system_stm32g0xx.c.obj

.debug_str      0x00000000     0x3957
 .debug_str     0x00000000      0x868 CMakeFiles/Scratch_control-code.elf.dir/Drivers/STM32G0xx_HAL_Driver/Src/stm32g0xx_hal.c.obj
                                0x8c9 (size before relaxing)
 .debug_str     0x00000868      0x387 CMakeFiles/Scratch_control-code.elf.dir/Drivers/STM32G0xx_HAL_Driver/Src/stm32g0xx_hal_cortex.c.obj
                                0x792 (size before relaxing)
 .debug_str     0x00000bef      0x5aa CMakeFiles/Scratch_control-code.elf.dir/Drivers/STM32G0xx_HAL_Driver/Src/stm32g0xx_hal_dma.c.obj
                                0x820 (size before relaxing)
 .debug_str     0x00001199      0x22d CMakeFiles/Scratch_control-code.elf.dir/Drivers/STM32G0xx_HAL_Driver/Src/stm32g0xx_hal_gpio.c.obj
                                0x49b (size before relaxing)
 .debug_str     0x000013c6      0x30a CMakeFiles/Scratch_control-code.elf.dir/Drivers/STM32G0xx_HAL_Driver/Src/stm32g0xx_hal_pwr_ex.c.obj
                                0x586 (size before relaxing)
 .debug_str     0x000016d0      0x3af CMakeFiles/Scratch_control-code.elf.dir/Drivers/STM32G0xx_HAL_Driver/Src/stm32g0xx_hal_rcc.c.obj
                                0x7fc (size before relaxing)
 .debug_str     0x00001a7f     0x127b CMakeFiles/Scratch_control-code.elf.dir/Drivers/STM32G0xx_HAL_Driver/Src/stm32g0xx_hal_tim.c.obj
                               0x1855 (size before relaxing)
 .debug_str     0x00002cfa      0x733 CMakeFiles/Scratch_control-code.elf.dir/Drivers/STM32G0xx_HAL_Driver/Src/stm32g0xx_hal_tim_ex.c.obj
                               0x11d6 (size before relaxing)
 .debug_str     0x0000342d       0x9e CMakeFiles/Scratch_control-code.elf.dir/hardware/WS2812.c.obj
                                0x89b (size before relaxing)
 .debug_str     0x000034cb       0x63 CMakeFiles/Scratch_control-code.elf.dir/hardware/dma.c.obj
                                0x4b2 (size before relaxing)
 .debug_str     0x0000352e       0x65 CMakeFiles/Scratch_control-code.elf.dir/hardware/gpio.c.obj
                                0x3e6 (size before relaxing)
 .debug_str     0x00003593       0x60 CMakeFiles/Scratch_control-code.elf.dir/hardware/key.c.obj
                                0x314 (size before relaxing)
 .debug_str     0x000035f3       0xac CMakeFiles/Scratch_control-code.elf.dir/hardware/main.c.obj
                                0xada (size before relaxing)
 .debug_str     0x0000369f       0xd0 CMakeFiles/Scratch_control-code.elf.dir/hardware/stm32g0xx_it.c.obj
                                0x591 (size before relaxing)
 .debug_str     0x0000376f       0x8d CMakeFiles/Scratch_control-code.elf.dir/hardware/tim.c.obj
                                0xc6f (size before relaxing)
 .debug_str     0x000037fc       0x75 CMakeFiles/Scratch_control-code.elf.dir/system/startup_stm32g030f6px.s.obj
                                 0xcf (size before relaxing)
 .debug_str     0x00003871       0x63 CMakeFiles/Scratch_control-code.elf.dir/system/stm32g0xx_hal_msp.c.obj
                                0x31b (size before relaxing)
 .debug_str     0x000038d4       0x83 CMakeFiles/Scratch_control-code.elf.dir/system/system_stm32g0xx.c.obj
                                0x384 (size before relaxing)

.comment        0x00000000       0x49
 .comment       0x00000000       0x49 CMakeFiles/Scratch_control-code.elf.dir/Drivers/STM32G0xx_HAL_Driver/Src/stm32g0xx_hal.c.obj
                                 0x4a (size before relaxing)
 .comment       0x00000049       0x4a CMakeFiles/Scratch_control-code.elf.dir/Drivers/STM32G0xx_HAL_Driver/Src/stm32g0xx_hal_cortex.c.obj
 .comment       0x00000049       0x4a CMakeFiles/Scratch_control-code.elf.dir/Drivers/STM32G0xx_HAL_Driver/Src/stm32g0xx_hal_dma.c.obj
 .comment       0x00000049       0x4a CMakeFiles/Scratch_control-code.elf.dir/Drivers/STM32G0xx_HAL_Driver/Src/stm32g0xx_hal_gpio.c.obj
 .comment       0x00000049       0x4a CMakeFiles/Scratch_control-code.elf.dir/Drivers/STM32G0xx_HAL_Driver/Src/stm32g0xx_hal_pwr_ex.c.obj
 .comment       0x00000049       0x4a CMakeFiles/Scratch_control-code.elf.dir/Drivers/STM32G0xx_HAL_Driver/Src/stm32g0xx_hal_rcc.c.obj
 .comment       0x00000049       0x4a CMakeFiles/Scratch_control-code.elf.dir/Drivers/STM32G0xx_HAL_Driver/Src/stm32g0xx_hal_tim.c.obj
 .comment       0x00000049       0x4a CMakeFiles/Scratch_control-code.elf.dir/Drivers/STM32G0xx_HAL_Driver/Src/stm32g0xx_hal_tim_ex.c.obj
 .comment       0x00000049       0x4a CMakeFiles/Scratch_control-code.elf.dir/hardware/WS2812.c.obj
 .comment       0x00000049       0x4a CMakeFiles/Scratch_control-code.elf.dir/hardware/dma.c.obj
 .comment       0x00000049       0x4a CMakeFiles/Scratch_control-code.elf.dir/hardware/gpio.c.obj
 .comment       0x00000049       0x4a CMakeFiles/Scratch_control-code.elf.dir/hardware/key.c.obj
 .comment       0x00000049       0x4a CMakeFiles/Scratch_control-code.elf.dir/hardware/main.c.obj
 .comment       0x00000049       0x4a CMakeFiles/Scratch_control-code.elf.dir/hardware/stm32g0xx_it.c.obj
 .comment       0x00000049       0x4a CMakeFiles/Scratch_control-code.elf.dir/hardware/tim.c.obj
 .comment       0x00000049       0x4a CMakeFiles/Scratch_control-code.elf.dir/system/stm32g0xx_hal_msp.c.obj
 .comment       0x00000049       0x4a CMakeFiles/Scratch_control-code.elf.dir/system/system_stm32g0xx.c.obj

.debug_frame    0x00000000     0x1ca0
 .debug_frame   0x00000000      0x20c CMakeFiles/Scratch_control-code.elf.dir/Drivers/STM32G0xx_HAL_Driver/Src/stm32g0xx_hal.c.obj
 .debug_frame   0x0000020c      0x114 CMakeFiles/Scratch_control-code.elf.dir/Drivers/STM32G0xx_HAL_Driver/Src/stm32g0xx_hal_cortex.c.obj
 .debug_frame   0x00000320      0x188 CMakeFiles/Scratch_control-code.elf.dir/Drivers/STM32G0xx_HAL_Driver/Src/stm32g0xx_hal_dma.c.obj
 .debug_frame   0x000004a8       0xd0 CMakeFiles/Scratch_control-code.elf.dir/Drivers/STM32G0xx_HAL_Driver/Src/stm32g0xx_hal_gpio.c.obj
 .debug_frame   0x00000578      0x120 CMakeFiles/Scratch_control-code.elf.dir/Drivers/STM32G0xx_HAL_Driver/Src/stm32g0xx_hal_pwr_ex.c.obj
 .debug_frame   0x00000698      0x16c CMakeFiles/Scratch_control-code.elf.dir/Drivers/STM32G0xx_HAL_Driver/Src/stm32g0xx_hal_rcc.c.obj
 .debug_frame   0x00000804      0xb18 CMakeFiles/Scratch_control-code.elf.dir/Drivers/STM32G0xx_HAL_Driver/Src/stm32g0xx_hal_tim.c.obj
 .debug_frame   0x0000131c      0x4c0 CMakeFiles/Scratch_control-code.elf.dir/Drivers/STM32G0xx_HAL_Driver/Src/stm32g0xx_hal_tim_ex.c.obj
 .debug_frame   0x000017dc       0x60 CMakeFiles/Scratch_control-code.elf.dir/hardware/WS2812.c.obj
 .debug_frame   0x0000183c       0x28 CMakeFiles/Scratch_control-code.elf.dir/hardware/dma.c.obj
 .debug_frame   0x00001864       0x30 CMakeFiles/Scratch_control-code.elf.dir/hardware/gpio.c.obj
 .debug_frame   0x00001894       0x28 CMakeFiles/Scratch_control-code.elf.dir/hardware/key.c.obj
 .debug_frame   0x000018bc       0x68 CMakeFiles/Scratch_control-code.elf.dir/hardware/main.c.obj
 .debug_frame   0x00001924       0x80 CMakeFiles/Scratch_control-code.elf.dir/hardware/stm32g0xx_it.c.obj
 .debug_frame   0x000019a4       0x90 CMakeFiles/Scratch_control-code.elf.dir/hardware/tim.c.obj
 .debug_frame   0x00001a34       0x24 CMakeFiles/Scratch_control-code.elf.dir/system/stm32g0xx_hal_msp.c.obj
 .debug_frame   0x00001a58       0x38 CMakeFiles/Scratch_control-code.elf.dir/system/system_stm32g0xx.c.obj
 .debug_frame   0x00001a90       0x20 d:/gcc-arm-none-eabi-10.3-2021.10/bin/../lib/gcc/arm-none-eabi/10.3.1/thumb/v6-m/nofp\libgcc.a(_udivsi3.o)
 .debug_frame   0x00001ab0       0x2c d:/gcc-arm-none-eabi-10.3-2021.10/bin/../lib/gcc/arm-none-eabi/10.3.1/../../../../arm-none-eabi/lib/thumb/v6-m/nofp\libg.a(lib_a-init.o)
 .debug_frame   0x00001adc       0x30 d:/gcc-arm-none-eabi-10.3-2021.10/bin/../lib/gcc/arm-none-eabi/10.3.1/../../../../arm-none-eabi/lib/thumb/v6-m/nofp\libg.a(lib_a-memset.o)
 .debug_frame   0x00001b0c       0x54 d:/gcc-arm-none-eabi-10.3-2021.10/bin/../lib/gcc/arm-none-eabi/10.3.1/../../../../arm-none-eabi/lib/thumb/v6-m/nofp\libg.a(lib_a-__call_atexit.o)
 .debug_frame   0x00001b60       0x28 d:/gcc-arm-none-eabi-10.3-2021.10/bin/../lib/gcc/arm-none-eabi/10.3.1/../../../../arm-none-eabi/lib/thumb/v6-m/nofp\libg.a(lib_a-atexit.o)
 .debug_frame   0x00001b88       0x2c d:/gcc-arm-none-eabi-10.3-2021.10/bin/../lib/gcc/arm-none-eabi/10.3.1/../../../../arm-none-eabi/lib/thumb/v6-m/nofp\libg.a(lib_a-fini.o)
 .debug_frame   0x00001bb4       0xb0 d:/gcc-arm-none-eabi-10.3-2021.10/bin/../lib/gcc/arm-none-eabi/10.3.1/../../../../arm-none-eabi/lib/thumb/v6-m/nofp\libg.a(lib_a-lock.o)
 .debug_frame   0x00001c64       0x3c d:/gcc-arm-none-eabi-10.3-2021.10/bin/../lib/gcc/arm-none-eabi/10.3.1/../../../../arm-none-eabi/lib/thumb/v6-m/nofp\libg.a(lib_a-__atexit.o)
