Archive member included to satisfy reference by file (symbol)

d:/gcc-arm-none-eabi-10.3-2021.10/bin/../lib/gcc/arm-none-eabi/10.3.1/thumb/v6-m/nofp\libgcc.a(_udivsi3.o)
                              CMakeFiles/Scratch_control-code.elf.dir/Core/Src/system_stm32g0xx.c.obj (__aeabi_uidiv)
d:/gcc-arm-none-eabi-10.3-2021.10/bin/../lib/gcc/arm-none-eabi/10.3.1/thumb/v6-m/nofp\libgcc.a(_dvmd_tls.o)
                              d:/gcc-arm-none-eabi-10.3-2021.10/bin/../lib/gcc/arm-none-eabi/10.3.1/thumb/v6-m/nofp\libgcc.a(_udivsi3.o) (__aeabi_idiv0)
d:/gcc-arm-none-eabi-10.3-2021.10/bin/../lib/gcc/arm-none-eabi/10.3.1/../../../../arm-none-eabi/lib/thumb/v6-m/nofp\libg.a(lib_a-errno.o)
                              CMakeFiles/Scratch_control-code.elf.dir/Core/Src/syscalls.c.obj (__errno)
d:/gcc-arm-none-eabi-10.3-2021.10/bin/../lib/gcc/arm-none-eabi/10.3.1/../../../../arm-none-eabi/lib/thumb/v6-m/nofp\libg.a(lib_a-exit.o)
                              d:/gcc-arm-none-eabi-10.3-2021.10/bin/../lib/gcc/arm-none-eabi/10.3.1/../../../../arm-none-eabi/lib/thumb/v6-m/nofp/crt0.o (exit)
d:/gcc-arm-none-eabi-10.3-2021.10/bin/../lib/gcc/arm-none-eabi/10.3.1/../../../../arm-none-eabi/lib/thumb/v6-m/nofp\libg.a(lib_a-impure.o)
                              d:/gcc-arm-none-eabi-10.3-2021.10/bin/../lib/gcc/arm-none-eabi/10.3.1/../../../../arm-none-eabi/lib/thumb/v6-m/nofp\libg.a(lib_a-exit.o) (_global_impure_ptr)
d:/gcc-arm-none-eabi-10.3-2021.10/bin/../lib/gcc/arm-none-eabi/10.3.1/../../../../arm-none-eabi/lib/thumb/v6-m/nofp\libg.a(lib_a-init.o)
                              d:/gcc-arm-none-eabi-10.3-2021.10/bin/../lib/gcc/arm-none-eabi/10.3.1/../../../../arm-none-eabi/lib/thumb/v6-m/nofp/crt0.o (__libc_init_array)
d:/gcc-arm-none-eabi-10.3-2021.10/bin/../lib/gcc/arm-none-eabi/10.3.1/../../../../arm-none-eabi/lib/thumb/v6-m/nofp\libg.a(lib_a-memset.o)
                              d:/gcc-arm-none-eabi-10.3-2021.10/bin/../lib/gcc/arm-none-eabi/10.3.1/../../../../arm-none-eabi/lib/thumb/v6-m/nofp/crt0.o (memset)
d:/gcc-arm-none-eabi-10.3-2021.10/bin/../lib/gcc/arm-none-eabi/10.3.1/../../../../arm-none-eabi/lib/thumb/v6-m/nofp\libg.a(lib_a-__call_atexit.o)
                              d:/gcc-arm-none-eabi-10.3-2021.10/bin/../lib/gcc/arm-none-eabi/10.3.1/../../../../arm-none-eabi/lib/thumb/v6-m/nofp\libg.a(lib_a-exit.o) (__call_exitprocs)
d:/gcc-arm-none-eabi-10.3-2021.10/bin/../lib/gcc/arm-none-eabi/10.3.1/../../../../arm-none-eabi/lib/thumb/v6-m/nofp\libg.a(lib_a-atexit.o)
                              d:/gcc-arm-none-eabi-10.3-2021.10/bin/../lib/gcc/arm-none-eabi/10.3.1/../../../../arm-none-eabi/lib/thumb/v6-m/nofp\libg.a(lib_a-__call_atexit.o) (atexit)
d:/gcc-arm-none-eabi-10.3-2021.10/bin/../lib/gcc/arm-none-eabi/10.3.1/../../../../arm-none-eabi/lib/thumb/v6-m/nofp\libg.a(lib_a-fini.o)
                              d:/gcc-arm-none-eabi-10.3-2021.10/bin/../lib/gcc/arm-none-eabi/10.3.1/../../../../arm-none-eabi/lib/thumb/v6-m/nofp\libg.a(lib_a-__call_atexit.o) (__libc_fini_array)
d:/gcc-arm-none-eabi-10.3-2021.10/bin/../lib/gcc/arm-none-eabi/10.3.1/../../../../arm-none-eabi/lib/thumb/v6-m/nofp\libg.a(lib_a-lock.o)
                              d:/gcc-arm-none-eabi-10.3-2021.10/bin/../lib/gcc/arm-none-eabi/10.3.1/../../../../arm-none-eabi/lib/thumb/v6-m/nofp\libg.a(lib_a-__call_atexit.o) (__retarget_lock_acquire_recursive)
d:/gcc-arm-none-eabi-10.3-2021.10/bin/../lib/gcc/arm-none-eabi/10.3.1/../../../../arm-none-eabi/lib/thumb/v6-m/nofp\libg.a(lib_a-__atexit.o)
                              d:/gcc-arm-none-eabi-10.3-2021.10/bin/../lib/gcc/arm-none-eabi/10.3.1/../../../../arm-none-eabi/lib/thumb/v6-m/nofp\libg.a(lib_a-atexit.o) (__register_exitproc)

Discarded input sections

 .text          0x00000000        0x0 d:/gcc-arm-none-eabi-10.3-2021.10/bin/../lib/gcc/arm-none-eabi/10.3.1/thumb/v6-m/nofp/crti.o
 .data          0x00000000        0x0 d:/gcc-arm-none-eabi-10.3-2021.10/bin/../lib/gcc/arm-none-eabi/10.3.1/thumb/v6-m/nofp/crti.o
 .bss           0x00000000        0x0 d:/gcc-arm-none-eabi-10.3-2021.10/bin/../lib/gcc/arm-none-eabi/10.3.1/thumb/v6-m/nofp/crti.o
 .data          0x00000000        0x4 d:/gcc-arm-none-eabi-10.3-2021.10/bin/../lib/gcc/arm-none-eabi/10.3.1/thumb/v6-m/nofp/crtbegin.o
 .rodata        0x00000000       0x24 d:/gcc-arm-none-eabi-10.3-2021.10/bin/../lib/gcc/arm-none-eabi/10.3.1/thumb/v6-m/nofp/crtbegin.o
 .text          0x00000000       0x80 d:/gcc-arm-none-eabi-10.3-2021.10/bin/../lib/gcc/arm-none-eabi/10.3.1/../../../../arm-none-eabi/lib/thumb/v6-m/nofp/crt0.o
 .data          0x00000000        0x0 d:/gcc-arm-none-eabi-10.3-2021.10/bin/../lib/gcc/arm-none-eabi/10.3.1/../../../../arm-none-eabi/lib/thumb/v6-m/nofp/crt0.o
 .bss           0x00000000        0x0 d:/gcc-arm-none-eabi-10.3-2021.10/bin/../lib/gcc/arm-none-eabi/10.3.1/../../../../arm-none-eabi/lib/thumb/v6-m/nofp/crt0.o
[...]
Memory Configuration

Name             Origin             Length             Attributes
RAM              0x20000000         0x00002000         xrw
FLASH            0x08000000         0x00008000         xr
*default*        0x00000000         0xffffffff

Linker script and memory map

LOAD d:/gcc-arm-none-eabi-10.3-2021.10/bin/../lib/gcc/arm-none-eabi/10.3.1/thumb/v6-m/nofp/crti.o
LOAD d:/gcc-arm-none-eabi-10.3-2021.10/bin/../lib/gcc/arm-none-eabi/10.3.1/thumb/v6-m/nofp/crtbegin.o
LOAD d:/gcc-arm-none-eabi-10.3-2021.10/bin/../lib/gcc/arm-none-eabi/10.3.1/../../../../arm-none-eabi/lib/thumb/v6-m/nofp/crt0.o
LOAD CMakeFiles/Scratch_control-code.elf.dir/Core/Src/dma.c.obj
LOAD CMakeFiles/Scratch_control-code.elf.dir/Core/Src/gpio.c.obj
LOAD CMakeFiles/Scratch_control-code.elf.dir/Core/Src/main.c.obj
LOAD CMakeFiles/Scratch_control-code.elf.dir/Core/Src/stm32g0xx_hal_msp.c.obj
LOAD CMakeFiles/Scratch_control-code.elf.dir/Core/Src/stm32g0xx_it.c.obj
LOAD CMakeFiles/Scratch_control-code.elf.dir/Core/Src/syscalls.c.obj
LOAD CMakeFiles/Scratch_control-code.elf.dir/Core/Src/sysmem.c.obj
LOAD CMakeFiles/Scratch_control-code.elf.dir/Core/Src/system_stm32g0xx.c.obj
LOAD CMakeFiles/Scratch_control-code.elf.dir/Core/Src/tim.c.obj
LOAD CMakeFiles/Scratch_control-code.elf.dir/Core/Startup/startup_stm32g030f6px.s.obj
LOAD CMakeFiles/Scratch_control-code.elf.dir/Drivers/STM32G0xx_HAL_Driver/Src/stm32g0xx_hal.c.obj
LOAD CMakeFiles/Scratch_control-code.elf.dir/Drivers/STM32G0xx_HAL_Driver/Src/stm32g0xx_hal_cortex.c.obj
LOAD CMakeFiles/Scratch_control-code.elf.dir/Drivers/STM32G0xx_HAL_Driver/Src/stm32g0xx_hal_dma.c.obj
LOAD CMakeFiles/Scratch_control-code.elf.dir/Drivers/STM32G0xx_HAL_Driver/Src/stm32g0xx_hal_dma_ex.c.obj
LOAD CMakeFiles/Scratch_control-code.elf.dir/Drivers/STM32G0xx_HAL_Driver/Src/stm32g0xx_hal_exti.c.obj
LOAD CMakeFiles/Scratch_control-code.elf.dir/Drivers/STM32G0xx_HAL_Driver/Src/stm32g0xx_hal_flash.c.obj
LOAD CMakeFiles/Scratch_control-code.elf.dir/Drivers/STM32G0xx_HAL_Driver/Src/stm32g0xx_hal_flash_ex.c.obj
LOAD CMakeFiles/Scratch_control-code.elf.dir/Drivers/STM32G0xx_HAL_Driver/Src/stm32g0xx_hal_gpio.c.obj
LOAD CMakeFiles/Scratch_control-code.elf.dir/Drivers/STM32G0xx_HAL_Driver/Src/stm32g0xx_hal_pwr.c.obj
LOAD CMakeFiles/Scratch_control-code.elf.dir/Drivers/STM32G0xx_HAL_Driver/Src/stm32g0xx_hal_pwr_ex.c.obj
LOAD CMakeFiles/Scratch_control-code.elf.dir/Drivers/STM32G0xx_HAL_Driver/Src/stm32g0xx_hal_rcc.c.obj
LOAD CMakeFiles/Scratch_control-code.elf.dir/Drivers/STM32G0xx_HAL_Driver/Src/stm32g0xx_hal_rcc_ex.c.obj
LOAD CMakeFiles/Scratch_control-code.elf.dir/Drivers/STM32G0xx_HAL_Driver/Src/stm32g0xx_hal_tim.c.obj
LOAD CMakeFiles/Scratch_control-code.elf.dir/Drivers/STM32G0xx_HAL_Driver/Src/stm32g0xx_hal_tim_ex.c.obj
LOAD CMakeFiles/Scratch_control-code.elf.dir/Drivers/STM32G0xx_HAL_Driver/Src/stm32g0xx_ll_dma.c.obj
LOAD CMakeFiles/Scratch_control-code.elf.dir/Drivers/STM32G0xx_HAL_Driver/Src/stm32g0xx_ll_rcc.c.obj
START GROUP
LOAD d:/gcc-arm-none-eabi-10.3-2021.10/bin/../lib/gcc/arm-none-eabi/10.3.1/thumb/v6-m/nofp\libgcc.a
LOAD d:/gcc-arm-none-eabi-10.3-2021.10/bin/../lib/gcc/arm-none-eabi/10.3.1/../../../../arm-none-eabi/lib/thumb/v6-m/nofp\libg.a
LOAD d:/gcc-arm-none-eabi-10.3-2021.10/bin/../lib/gcc/arm-none-eabi/10.3.1/../../../../arm-none-eabi/lib/thumb/v6-m/nofp\libc.a
END GROUP
LOAD d:/gcc-arm-none-eabi-10.3-2021.10/bin/../lib/gcc/arm-none-eabi/10.3.1/thumb/v6-m/nofp/crtend.o
LOAD d:/gcc-arm-none-eabi-10.3-2021.10/bin/../lib/gcc/arm-none-eabi/10.3.1/thumb/v6-m/nofp/crtn.o
                0x20002000                _estack = (ORIGIN (RAM) + LENGTH (RAM))
                0x00000200                _Min_Heap_Size = 0x200
                0x00000400                _Min_Stack_Size = 0x400

.isr_vector     0x08000000       0xb8
                0x08000000                . = ALIGN (0x4)
 *(.isr_vector)
 .isr_vector    0x08000000       0xb8 CMakeFiles/Scratch_control-code.elf.dir/Core/Startup/startup_stm32g030f6px.s.obj
                0x08000000                g_pfnVectors
                0x080000b8                . = ALIGN (0x4)

.text           0x080000b8     0x19f8
                0x080000b8                . = ALIGN (0x4)
 *(.text)
 .text          0x080000b8       0x48 d:/gcc-arm-none-eabi-10.3-2021.10/bin/../lib/gcc/arm-none-eabi/10.3.1/thumb/v6-m/nofp/crtbegin.o
 .text          0x08000100      0x114 d:/gcc-arm-none-eabi-10.3-2021.10/bin/../lib/gcc/arm-none-eabi/10.3.1/thumb/v6-m/nofp\libgcc.a(_udivsi3.o)
                0x08000100                __aeabi_uidiv
                0x08000100                __udivsi3
                0x0800020c                __aeabi_uidivmod
 .text          0x08000214        0x4 d:/gcc-arm-none-eabi-10.3-2021.10/bin/../lib/gcc/arm-none-eabi/10.3.1/thumb/v6-m/nofp\libgcc.a(_dvmd_tls.o)
                0x08000214                __aeabi_idiv0
                0x08000214                __aeabi_ldiv0
 *(.text*)
 .text.MX_DMA_Init
                0x08000218       0x30 CMakeFiles/Scratch_control-code.elf.dir/Core/Src/dma.c.obj
                0x08000218                MX_DMA_Init
 .text.MX_GPIO_Init
                0x08000248       0x5c CMakeFiles/Scratch_control-code.elf.dir/Core/Src/gpio.c.obj
                0x08000248                MX_GPIO_Init
 .text.Error_Handler
                0x080002a4        0x4 CMakeFiles/Scratch_control-code.elf.dir/Core/Src/main.c.obj
                0x080002a4                Error_Handler
 .text.SystemClock_Config
                0x080002a8       0x78 CMakeFiles/Scratch_control-code.elf.dir/Core/Src/main.c.obj
                0x080002a8                SystemClock_Config
 .text.main     0x08000320       0x2e CMakeFiles/Scratch_control-code.elf.dir/Core/Src/main.c.obj
                0x08000320                main
 *fill*         0x0800034e        0x2 
 .text.HAL_MspInit
                0x08000350       0x30 CMakeFiles/Scratch_control-code.elf.dir/Core/Src/stm32g0xx_hal_msp.c.obj
                0x08000350                HAL_MspInit
 .text.NMI_Handler
                0x08000380        0x2 CMakeFiles/Scratch_control-code.elf.dir/Core/Src/stm32g0xx_it.c.obj
                0x08000380                NMI_Handler
 .text.HardFault_Handler
                0x08000382        0x2 CMakeFiles/Scratch_control-code.elf.dir/Core/Src/stm32g0xx_it.c.obj
                0x08000382                HardFault_Handler
 .text.SVC_Handler
                0x08000384        0x2 CMakeFiles/Scratch_control-code.elf.dir/Core/Src/stm32g0xx_it.c.obj
                0x08000384                SVC_Handler
 .text.PendSV_Handler
                0x08000386        0x2 CMakeFiles/Scratch_control-code.elf.dir/Core/Src/stm32g0xx_it.c.obj
                0x08000386                PendSV_Handler
 .text.SysTick_Handler
                0x08000388        0x8 CMakeFiles/Scratch_control-code.elf.dir/Core/Src/stm32g0xx_it.c.obj
                0x08000388                SysTick_Handler
 .text.DMA1_Channel1_IRQHandler
                0x08000390       0x10 CMakeFiles/Scratch_control-code.elf.dir/Core/Src/stm32g0xx_it.c.obj
                0x08000390                DMA1_Channel1_IRQHandler
 .text.SystemInit
                0x080003a0        0x2 CMakeFiles/Scratch_control-code.elf.dir/Core/Src/system_stm32g0xx.c.obj
                0x080003a0                SystemInit
 *fill*         0x080003a2        0x2 
 .text.HAL_TIM_PWM_MspInit
                0x080003a4       0x90 CMakeFiles/Scratch_control-code.elf.dir/Core/Src/tim.c.obj
                0x080003a4                HAL_TIM_PWM_MspInit
 .text.HAL_TIM_MspPostInit
                0x08000434       0x80 CMakeFiles/Scratch_control-code.elf.dir/Core/Src/tim.c.obj
                0x08000434                HAL_TIM_MspPostInit
 .text.MX_TIM1_Init
                0x080004b4       0xd4 CMakeFiles/Scratch_control-code.elf.dir/Core/Src/tim.c.obj
                0x080004b4                MX_TIM1_Init
 .text.MX_TIM3_Init
                0x08000588       0x88 CMakeFiles/Scratch_control-code.elf.dir/Core/Src/tim.c.obj
                0x08000588                MX_TIM3_Init
 .text.Reset_Handler
                0x08000610       0x50 CMakeFiles/Scratch_control-code.elf.dir/Core/Startup/startup_stm32g030f6px.s.obj
                0x08000610                Reset_Handler
 .text.Default_Handler
                0x08000660        0x2 CMakeFiles/Scratch_control-code.elf.dir/Core/Startup/startup_stm32g030f6px.s.obj
                0x08000660                TIM1_CC_IRQHandler
                0x08000660                I2C1_IRQHandler
                0x08000660                RTC_TAMP_IRQHandler
                0x08000660                SPI1_IRQHandler
                0x08000660                DMA1_Ch4_5_DMAMUX1_OVR_IRQHandler
                0x08000660                EXTI2_3_IRQHandler
                0x08000660                ADC1_IRQHandler
                0x08000660                I2C2_IRQHandler
                0x08000660                TIM17_IRQHandler
                0x08000660                TIM16_IRQHandler
                0x08000660                TIM3_IRQHandler
                0x08000660                EXTI4_15_IRQHandler
                0x08000660                RCC_IRQHandler
                0x08000660                Default_Handler
                0x08000660                TIM14_IRQHandler
                0x08000660                EXTI0_1_IRQHandler
                0x08000660                SPI2_IRQHandler
                0x08000660                WWDG_IRQHandler
                0x08000660                DMA1_Channel2_3_IRQHandler
                0x08000660                USART2_IRQHandler
                0x08000660                FLASH_IRQHandler
                0x08000660                USART1_IRQHandler
                0x08000660                TIM1_BRK_UP_TRG_COM_IRQHandler
 *fill*         0x08000662        0x2 
 .text.HAL_InitTick
                0x08000664       0x58 CMakeFiles/Scratch_control-code.elf.dir/Drivers/STM32G0xx_HAL_Driver/Src/stm32g0xx_hal.c.obj
                0x08000664                HAL_InitTick
 .text.HAL_Init
                0x080006bc       0x28 CMakeFiles/Scratch_control-code.elf.dir/Drivers/STM32G0xx_HAL_Driver/Src/stm32g0xx_hal.c.obj
                0x080006bc                HAL_Init
 .text.HAL_IncTick
                0x080006e4       0x18 CMakeFiles/Scratch_control-code.elf.dir/Drivers/STM32G0xx_HAL_Driver/Src/stm32g0xx_hal.c.obj
                0x080006e4                HAL_IncTick
 .text.HAL_GetTick
                0x080006fc        0xc CMakeFiles/Scratch_control-code.elf.dir/Drivers/STM32G0xx_HAL_Driver/Src/stm32g0xx_hal.c.obj
                0x080006fc                HAL_GetTick
 .text.HAL_Delay
                0x08000708       0x24 CMakeFiles/Scratch_control-code.elf.dir/Drivers/STM32G0xx_HAL_Driver/Src/stm32g0xx_hal.c.obj
                0x08000708                HAL_Delay
 .text.HAL_NVIC_SetPriority
                0x0800072c       0x60 CMakeFiles/Scratch_control-code.elf.dir/Drivers/STM32G0xx_HAL_Driver/Src/stm32g0xx_hal_cortex.c.obj
                0x0800072c                HAL_NVIC_SetPriority
 .text.HAL_NVIC_EnableIRQ
                0x0800078c       0x18 CMakeFiles/Scratch_control-code.elf.dir/Drivers/STM32G0xx_HAL_Driver/Src/stm32g0xx_hal_cortex.c.obj
                0x0800078c                HAL_NVIC_EnableIRQ
 .text.HAL_SYSTICK_Config
                0x080007a4       0x38 CMakeFiles/Scratch_control-code.elf.dir/Drivers/STM32G0xx_HAL_Driver/Src/stm32g0xx_hal_cortex.c.obj
                0x080007a4                HAL_SYSTICK_Config
 .text.DMA_CalcDMAMUXChannelBaseAndMask
                0x080007dc       0x38 CMakeFiles/Scratch_control-code.elf.dir/Drivers/STM32G0xx_HAL_Driver/Src/stm32g0xx_hal_dma.c.obj
 .text.DMA_CalcDMAMUXRequestGenBaseAndMask
                0x08000814       0x28 CMakeFiles/Scratch_control-code.elf.dir/Drivers/STM32G0xx_HAL_Driver/Src/stm32g0xx_hal_dma.c.obj
 .text.HAL_DMA_Init
                0x0800083c       0xb0 CMakeFiles/Scratch_control-code.elf.dir/Drivers/STM32G0xx_HAL_Driver/Src/stm32g0xx_hal_dma.c.obj
                0x0800083c                HAL_DMA_Init
 .text.HAL_DMA_IRQHandler
                0x080008ec       0xcc CMakeFiles/Scratch_control-code.elf.dir/Drivers/STM32G0xx_HAL_Driver/Src/stm32g0xx_hal_dma.c.obj
                0x080008ec                HAL_DMA_IRQHandler
 .text.HAL_GPIO_Init
                0x080009b8      0x178 CMakeFiles/Scratch_control-code.elf.dir/Drivers/STM32G0xx_HAL_Driver/Src/stm32g0xx_hal_gpio.c.obj
                0x080009b8                HAL_GPIO_Init
 .text.HAL_GPIO_WritePin
                0x08000b30        0xc CMakeFiles/Scratch_control-code.elf.dir/Drivers/STM32G0xx_HAL_Driver/Src/stm32g0xx_hal_gpio.c.obj
                0x08000b30                HAL_GPIO_WritePin
 .text.HAL_GPIO_TogglePin
                0x08000b3c       0x10 CMakeFiles/Scratch_control-code.elf.dir/Drivers/STM32G0xx_HAL_Driver/Src/stm32g0xx_hal_gpio.c.obj
                0x08000b3c                HAL_GPIO_TogglePin
 .text.HAL_PWREx_ControlVoltageScaling
                0x08000b4c       0x54 CMakeFiles/Scratch_control-code.elf.dir/Drivers/STM32G0xx_HAL_Driver/Src/stm32g0xx_hal_pwr_ex.c.obj
                0x08000b4c                HAL_PWREx_ControlVoltageScaling
 .text.HAL_RCC_OscConfig
                0x08000ba0      0x4a4 CMakeFiles/Scratch_control-code.elf.dir/Drivers/STM32G0xx_HAL_Driver/Src/stm32g0xx_hal_rcc.c.obj
                0x08000ba0                HAL_RCC_OscConfig
 .text.HAL_RCC_GetSysClockFreq
                0x08001044       0xb8 CMakeFiles/Scratch_control-code.elf.dir/Drivers/STM32G0xx_HAL_Driver/Src/stm32g0xx_hal_rcc.c.obj
                0x08001044                HAL_RCC_GetSysClockFreq
 .text.HAL_RCC_ClockConfig
                0x080010fc      0x18c CMakeFiles/Scratch_control-code.elf.dir/Drivers/STM32G0xx_HAL_Driver/Src/stm32g0xx_hal_rcc.c.obj
                0x080010fc                HAL_RCC_ClockConfig
 .text.TIM_OC1_SetConfig
                0x08001288       0x7c CMakeFiles/Scratch_control-code.elf.dir/Drivers/STM32G0xx_HAL_Driver/Src/stm32g0xx_hal_tim.c.obj
 .text.TIM_OC3_SetConfig
                0x08001304       0x8c CMakeFiles/Scratch_control-code.elf.dir/Drivers/STM32G0xx_HAL_Driver/Src/stm32g0xx_hal_tim.c.obj
 .text.TIM_OC4_SetConfig
                0x08001390       0x68 CMakeFiles/Scratch_control-code.elf.dir/Drivers/STM32G0xx_HAL_Driver/Src/stm32g0xx_hal_tim.c.obj
 .text.TIM_OC5_SetConfig
                0x080013f8       0x64 CMakeFiles/Scratch_control-code.elf.dir/Drivers/STM32G0xx_HAL_Driver/Src/stm32g0xx_hal_tim.c.obj
 .text.TIM_OC6_SetConfig
                0x0800145c       0x68 CMakeFiles/Scratch_control-code.elf.dir/Drivers/STM32G0xx_HAL_Driver/Src/stm32g0xx_hal_tim.c.obj
 .text.TIM_Base_SetConfig
                0x080014c4       0x84 CMakeFiles/Scratch_control-code.elf.dir/Drivers/STM32G0xx_HAL_Driver/Src/stm32g0xx_hal_tim.c.obj
                0x080014c4                TIM_Base_SetConfig
 .text.HAL_TIM_PWM_Init
                0x08001548       0x60 CMakeFiles/Scratch_control-code.elf.dir/Drivers/STM32G0xx_HAL_Driver/Src/stm32g0xx_hal_tim.c.obj
                0x08001548                HAL_TIM_PWM_Init
 .text.TIM_OC2_SetConfig
                0x080015a8       0x80 CMakeFiles/Scratch_control-code.elf.dir/Drivers/STM32G0xx_HAL_Driver/Src/stm32g0xx_hal_tim.c.obj
                0x080015a8                TIM_OC2_SetConfig
 .text.HAL_TIM_PWM_ConfigChannel
                0x08001628      0x144 CMakeFiles/Scratch_control-code.elf.dir/Drivers/STM32G0xx_HAL_Driver/Src/stm32g0xx_hal_tim.c.obj
                0x08001628                HAL_TIM_PWM_ConfigChannel
 .text.HAL_TIMEx_MasterConfigSynchronization
                0x0800176c       0x70 CMakeFiles/Scratch_control-code.elf.dir/Drivers/STM32G0xx_HAL_Driver/Src/stm32g0xx_hal_tim_ex.c.obj
                0x0800176c                HAL_TIMEx_MasterConfigSynchronization
 .text.HAL_TIMEx_ConfigBreakDeadTime
                0x080017dc       0xcc CMakeFiles/Scratch_control-code.elf.dir/Drivers/STM32G0xx_HAL_Driver/Src/stm32g0xx_hal_tim_ex.c.obj
                0x080017dc                HAL_TIMEx_ConfigBreakDeadTime
 .text.__libc_init_array
                0x080018a8       0x44 d:/gcc-arm-none-eabi-10.3-2021.10/bin/../lib/gcc/arm-none-eabi/10.3.1/../../../../arm-none-eabi/lib/thumb/v6-m/nofp\libg.a(lib_a-init.o)
                0x080018a8                __libc_init_array
 .text.memset   0x080018ec       0xa8 d:/gcc-arm-none-eabi-10.3-2021.10/bin/../lib/gcc/arm-none-eabi/10.3.1/../../../../arm-none-eabi/lib/thumb/v6-m/nofp\libg.a(lib_a-memset.o)
                0x080018ec                memset
 .text.startup.register_fini
                0x08001994       0x18 d:/gcc-arm-none-eabi-10.3-2021.10/bin/../lib/gcc/arm-none-eabi/10.3.1/../../../../arm-none-eabi/lib/thumb/v6-m/nofp\libg.a(lib_a-__call_atexit.o)
 .text.atexit   0x080019ac       0x10 d:/gcc-arm-none-eabi-10.3-2021.10/bin/../lib/gcc/arm-none-eabi/10.3.1/../../../../arm-none-eabi/lib/thumb/v6-m/nofp\libg.a(lib_a-atexit.o)
                0x080019ac                atexit
 .text.__libc_fini_array
                0x080019bc       0x28 d:/gcc-arm-none-eabi-10.3-2021.10/bin/../lib/gcc/arm-none-eabi/10.3.1/../../../../arm-none-eabi/lib/thumb/v6-m/nofp\libg.a(lib_a-fini.o)
                0x080019bc                __libc_fini_array
 .text.__retarget_lock_acquire_recursive
                0x080019e4        0x4 d:/gcc-arm-none-eabi-10.3-2021.10/bin/../lib/gcc/arm-none-eabi/10.3.1/../../../../arm-none-eabi/lib/thumb/v6-m/nofp\libg.a(lib_a-lock.o)
                0x080019e4                __retarget_lock_acquire_recursive
 .text.__retarget_lock_release_recursive
                0x080019e8        0x4 d:/gcc-arm-none-eabi-10.3-2021.10/bin/../lib/gcc/arm-none-eabi/10.3.1/../../../../arm-none-eabi/lib/thumb/v6-m/nofp\libg.a(lib_a-lock.o)
                0x080019e8                __retarget_lock_release_recursive
 .text.__register_exitproc
                0x080019ec       0xac d:/gcc-arm-none-eabi-10.3-2021.10/bin/../lib/gcc/arm-none-eabi/10.3.1/../../../../arm-none-eabi/lib/thumb/v6-m/nofp\libg.a(lib_a-__atexit.o)
                0x080019ec                __register_exitproc
 *(.glue_7)
 .glue_7        0x08001a98        0x0 linker stubs
 *(.glue_7t)
 .glue_7t       0x08001a98        0x0 linker stubs
 *(.eh_frame)
 .eh_frame      0x08001a98        0x0 d:/gcc-arm-none-eabi-10.3-2021.10/bin/../lib/gcc/arm-none-eabi/10.3.1/thumb/v6-m/nofp/crtbegin.o
 *(.init)
 .init          0x08001a98        0x4 d:/gcc-arm-none-eabi-10.3-2021.10/bin/../lib/gcc/arm-none-eabi/10.3.1/thumb/v6-m/nofp/crti.o
                0x08001a98                _init
 .init          0x08001a9c        0x8 d:/gcc-arm-none-eabi-10.3-2021.10/bin/../lib/gcc/arm-none-eabi/10.3.1/thumb/v6-m/nofp/crtn.o
 *(.fini)
 .fini          0x08001aa4        0x4 d:/gcc-arm-none-eabi-10.3-2021.10/bin/../lib/gcc/arm-none-eabi/10.3.1/thumb/v6-m/nofp/crti.o
                0x08001aa4                _fini
 .fini          0x08001aa8        0x8 d:/gcc-arm-none-eabi-10.3-2021.10/bin/../lib/gcc/arm-none-eabi/10.3.1/thumb/v6-m/nofp/crtn.o
                0x08001ab0                . = ALIGN (0x4)
                0x08001ab0                _etext = .

.vfp11_veneer   0x08001ab0        0x0
 .vfp11_veneer  0x08001ab0        0x0 linker stubs

.v4_bx          0x08001ab0        0x0
 .v4_bx         0x08001ab0        0x0 linker stubs

.iplt           0x08001ab0        0x0
 .iplt          0x08001ab0        0x0 d:/gcc-arm-none-eabi-10.3-2021.10/bin/../lib/gcc/arm-none-eabi/10.3.1/thumb/v6-m/nofp/crtbegin.o

.rodata         0x08001ab0       0x98
                0x08001ab0                . = ALIGN (0x4)
 *(.rodata)
 *(.rodata*)
 .rodata.AHBPrescTable
                0x08001ab0       0x40 CMakeFiles/Scratch_control-code.elf.dir/Core/Src/system_stm32g0xx.c.obj
                0x08001ab0                AHBPrescTable
 .rodata.HAL_TIM_PWM_ConfigChannel
                0x08001af0       0x54 CMakeFiles/Scratch_control-code.elf.dir/Drivers/STM32G0xx_HAL_Driver/Src/stm32g0xx_hal_tim.c.obj
 .rodata._global_impure_ptr
                0x08001b44        0x4 d:/gcc-arm-none-eabi-10.3-2021.10/bin/../lib/gcc/arm-none-eabi/10.3.1/../../../../arm-none-eabi/lib/thumb/v6-m/nofp\libg.a(lib_a-impure.o)
                0x08001b44                _global_impure_ptr
                0x08001b48                . = ALIGN (0x4)

.rel.dyn        0x08001b48        0x0
 .rel.iplt      0x08001b48        0x0 d:/gcc-arm-none-eabi-10.3-2021.10/bin/../lib/gcc/arm-none-eabi/10.3.1/thumb/v6-m/nofp/crtbegin.o

.ARM.extab      0x08001b48        0x0
                0x08001b48                . = ALIGN (0x4)
 *(.ARM.extab* .gnu.linkonce.armextab.*)
                0x08001b48                . = ALIGN (0x4)

.ARM            0x08001b48        0x0
                0x08001b48                . = ALIGN (0x4)
                0x08001b48                __exidx_start = .
 *(.ARM.exidx*)
                0x08001b48                __exidx_end = .
                0x08001b48                . = ALIGN (0x4)

.preinit_array  0x08001b48        0x0
                0x08001b48                . = ALIGN (0x4)
                0x08001b48                PROVIDE (__preinit_array_start = .)
 *(.preinit_array*)
                0x08001b48                PROVIDE (__preinit_array_end = .)
                0x08001b48                . = ALIGN (0x4)

.init_array     0x08001b48        0x8
                0x08001b48                . = ALIGN (0x4)
                0x08001b48                PROVIDE (__init_array_start = .)
 *(SORT_BY_NAME(.init_array.*))
 .init_array.00000
                0x08001b48        0x4 d:/gcc-arm-none-eabi-10.3-2021.10/bin/../lib/gcc/arm-none-eabi/10.3.1/../../../../arm-none-eabi/lib/thumb/v6-m/nofp\libg.a(lib_a-__call_atexit.o)
 *(.init_array*)
 .init_array    0x08001b4c        0x4 d:/gcc-arm-none-eabi-10.3-2021.10/bin/../lib/gcc/arm-none-eabi/10.3.1/thumb/v6-m/nofp/crtbegin.o
                0x08001b50                PROVIDE (__init_array_end = .)
                0x08001b50                . = ALIGN (0x4)

.fini_array     0x08001b50        0x4
                0x08001b50                . = ALIGN (0x4)
                0x08001b50                PROVIDE (__fini_array_start = .)
 *(SORT_BY_NAME(.fini_array.*))
 *(.fini_array*)
 .fini_array    0x08001b50        0x4 d:/gcc-arm-none-eabi-10.3-2021.10/bin/../lib/gcc/arm-none-eabi/10.3.1/thumb/v6-m/nofp/crtbegin.o
                0x08001b54                PROVIDE (__fini_array_end = .)
                0x08001b54                . = ALIGN (0x4)
                0x08001b54                _sidata = LOADADDR (.data)

.data           0x20000000      0x43c load address 0x08001b54
                0x20000000                . = ALIGN (0x4)
                0x20000000                _sdata = .
 *(.data)
 *(.data*)
 .data.SystemCoreClock
                0x20000000        0x4 CMakeFiles/Scratch_control-code.elf.dir/Core/Src/system_stm32g0xx.c.obj
                0x20000000                SystemCoreClock
 .data.uwTickFreq
                0x20000004        0x1 CMakeFiles/Scratch_control-code.elf.dir/Drivers/STM32G0xx_HAL_Driver/Src/stm32g0xx_hal.c.obj
                0x20000004                uwTickFreq
 *fill*         0x20000005        0x3 
 .data.uwTickPrio
                0x20000008        0x4 CMakeFiles/Scratch_control-code.elf.dir/Drivers/STM32G0xx_HAL_Driver/Src/stm32g0xx_hal.c.obj
                0x20000008                uwTickPrio
 *fill*         0x2000000c        0x4 
 .data.impure_data
                0x20000010      0x428 d:/gcc-arm-none-eabi-10.3-2021.10/bin/../lib/gcc/arm-none-eabi/10.3.1/../../../../arm-none-eabi/lib/thumb/v6-m/nofp\libg.a(lib_a-impure.o)
 .data.__atexit_recursive_mutex
                0x20000438        0x4 d:/gcc-arm-none-eabi-10.3-2021.10/bin/../lib/gcc/arm-none-eabi/10.3.1/../../../../arm-none-eabi/lib/thumb/v6-m/nofp\libg.a(lib_a-__call_atexit.o)
                0x20000438                __atexit_recursive_mutex
 *(.RamFunc)
 *(.RamFunc*)
                0x2000043c                . = ALIGN (0x4)
                0x2000043c                _edata = .

.igot.plt       0x2000043c        0x0 load address 0x08001f90
 .igot.plt      0x2000043c        0x0 d:/gcc-arm-none-eabi-10.3-2021.10/bin/../lib/gcc/arm-none-eabi/10.3.1/thumb/v6-m/nofp/crtbegin.o
                0x2000043c                . = ALIGN (0x4)

.bss            0x2000043c      0x118 load address 0x08001f90
                0x2000043c                _sbss = .
                0x2000043c                __bss_start__ = _sbss
 *(.bss)
 .bss           0x2000043c       0x1c d:/gcc-arm-none-eabi-10.3-2021.10/bin/../lib/gcc/arm-none-eabi/10.3.1/thumb/v6-m/nofp/crtbegin.o
 *(.bss*)
 .bss.hdma_tim3_ch2
                0x20000458       0x5c CMakeFiles/Scratch_control-code.elf.dir/Core/Src/tim.c.obj
                0x20000458                hdma_tim3_ch2
 .bss.htim1     0x200004b4       0x4c CMakeFiles/Scratch_control-code.elf.dir/Core/Src/tim.c.obj
                0x200004b4                htim1
 .bss.htim3     0x20000500       0x4c CMakeFiles/Scratch_control-code.elf.dir/Core/Src/tim.c.obj
                0x20000500                htim3
 .bss.uwTick    0x2000054c        0x4 CMakeFiles/Scratch_control-code.elf.dir/Drivers/STM32G0xx_HAL_Driver/Src/stm32g0xx_hal.c.obj
                0x2000054c                uwTick
 .bss.__lock___atexit_recursive_mutex
                0x20000550        0x1 d:/gcc-arm-none-eabi-10.3-2021.10/bin/../lib/gcc/arm-none-eabi/10.3.1/../../../../arm-none-eabi/lib/thumb/v6-m/nofp\libg.a(lib_a-lock.o)
                0x20000550                __lock___atexit_recursive_mutex
 *(COMMON)
                0x20000554                . = ALIGN (0x4)
 *fill*         0x20000551        0x3 
                0x20000554                _ebss = .
                0x20000554                __bss_end__ = _ebss

._user_heap_stack
                0x20000554      0x604 load address 0x08001f90
                0x20000558                . = ALIGN (0x8)
 *fill*         0x20000554        0x4 
                [!provide]                PROVIDE (end = .)
                0x20000558                PROVIDE (_end = .)
                0x20000758                . = (. + _Min_Heap_Size)
 *fill*         0x20000558      0x200 
                0x20000b58                . = (. + _Min_Stack_Size)
 *fill*         0x20000758      0x400 
                0x20000b58                . = ALIGN (0x8)

/DISCARD/
 libc.a(*)
 libm.a(*)
 libgcc.a(*)

.ARM.attributes
                0x00000000       0x28
 *(.ARM.attributes)
 .ARM.attributes
                0x00000000       0x1e d:/gcc-arm-none-eabi-10.3-2021.10/bin/../lib/gcc/arm-none-eabi/10.3.1/thumb/v6-m/nofp/crti.o
 .ARM.attributes
                0x0000001e       0x2c d:/gcc-arm-none-eabi-10.3-2021.10/bin/../lib/gcc/arm-none-eabi/10.3.1/thumb/v6-m/nofp/crtbegin.o
 .ARM.attributes
                0x0000004a       0x2c CMakeFiles/Scratch_control-code.elf.dir/Core/Src/dma.c.obj
 .ARM.attributes
                0x00000076       0x2c CMakeFiles/Scratch_control-code.elf.dir/Core/Src/gpio.c.obj
 .ARM.attributes
                0x000000a2       0x2c CMakeFiles/Scratch_control-code.elf.dir/Core/Src/main.c.obj
 .ARM.attributes
                0x000000ce       0x2c CMakeFiles/Scratch_control-code.elf.dir/Core/Src/stm32g0xx_hal_msp.c.obj
 .ARM.attributes
                0x000000fa       0x2c CMakeFiles/Scratch_control-code.elf.dir/Core/Src/stm32g0xx_it.c.obj
 .ARM.attributes
                0x00000126       0x2c CMakeFiles/Scratch_control-code.elf.dir/Core/Src/system_stm32g0xx.c.obj
 .ARM.attributes
                0x00000152       0x2c CMakeFiles/Scratch_control-code.elf.dir/Core/Src/tim.c.obj
 .ARM.attributes
                0x0000017e       0x22 CMakeFiles/Scratch_control-code.elf.dir/Core/Startup/startup_stm32g030f6px.s.obj
 .ARM.attributes
                0x000001a0       0x2c CMakeFiles/Scratch_control-code.elf.dir/Drivers/STM32G0xx_HAL_Driver/Src/stm32g0xx_hal.c.obj
 .ARM.attributes
                0x000001cc       0x2c CMakeFiles/Scratch_control-code.elf.dir/Drivers/STM32G0xx_HAL_Driver/Src/stm32g0xx_hal_cortex.c.obj
 .ARM.attributes
                0x000001f8       0x2c CMakeFiles/Scratch_control-code.elf.dir/Drivers/STM32G0xx_HAL_Driver/Src/stm32g0xx_hal_dma.c.obj
 .ARM.attributes
                0x00000224       0x2c CMakeFiles/Scratch_control-code.elf.dir/Drivers/STM32G0xx_HAL_Driver/Src/stm32g0xx_hal_gpio.c.obj
 .ARM.attributes
                0x00000250       0x2c CMakeFiles/Scratch_control-code.elf.dir/Drivers/STM32G0xx_HAL_Driver/Src/stm32g0xx_hal_pwr_ex.c.obj
 .ARM.attributes
                0x0000027c       0x2c CMakeFiles/Scratch_control-code.elf.dir/Drivers/STM32G0xx_HAL_Driver/Src/stm32g0xx_hal_rcc.c.obj
 .ARM.attributes
                0x000002a8       0x2c CMakeFiles/Scratch_control-code.elf.dir/Drivers/STM32G0xx_HAL_Driver/Src/stm32g0xx_hal_tim.c.obj
 .ARM.attributes
                0x000002d4       0x2c CMakeFiles/Scratch_control-code.elf.dir/Drivers/STM32G0xx_HAL_Driver/Src/stm32g0xx_hal_tim_ex.c.obj
 .ARM.attributes
                0x00000300       0x1e d:/gcc-arm-none-eabi-10.3-2021.10/bin/../lib/gcc/arm-none-eabi/10.3.1/thumb/v6-m/nofp\libgcc.a(_udivsi3.o)
 .ARM.attributes
                0x0000031e       0x1e d:/gcc-arm-none-eabi-10.3-2021.10/bin/../lib/gcc/arm-none-eabi/10.3.1/thumb/v6-m/nofp\libgcc.a(_dvmd_tls.o)
 .ARM.attributes
                0x0000033c       0x2c d:/gcc-arm-none-eabi-10.3-2021.10/bin/../lib/gcc/arm-none-eabi/10.3.1/../../../../arm-none-eabi/lib/thumb/v6-m/nofp\libg.a(lib_a-impure.o)
 .ARM.attributes
                0x00000368       0x2c d:/gcc-arm-none-eabi-10.3-2021.10/bin/../lib/gcc/arm-none-eabi/10.3.1/../../../../arm-none-eabi/lib/thumb/v6-m/nofp\libg.a(lib_a-init.o)
 .ARM.attributes
                0x00000394       0x2c d:/gcc-arm-none-eabi-10.3-2021.10/bin/../lib/gcc/arm-none-eabi/10.3.1/../../../../arm-none-eabi/lib/thumb/v6-m/nofp\libg.a(lib_a-memset.o)
 .ARM.attributes
                0x000003c0       0x2c d:/gcc-arm-none-eabi-10.3-2021.10/bin/../lib/gcc/arm-none-eabi/10.3.1/../../../../arm-none-eabi/lib/thumb/v6-m/nofp\libg.a(lib_a-__call_atexit.o)
 .ARM.attributes
                0x000003ec       0x2c d:/gcc-arm-none-eabi-10.3-2021.10/bin/../lib/gcc/arm-none-eabi/10.3.1/../../../../arm-none-eabi/lib/thumb/v6-m/nofp\libg.a(lib_a-atexit.o)
 .ARM.attributes
                0x00000418       0x2c d:/gcc-arm-none-eabi-10.3-2021.10/bin/../lib/gcc/arm-none-eabi/10.3.1/../../../../arm-none-eabi/lib/thumb/v6-m/nofp\libg.a(lib_a-fini.o)
 .ARM.attributes
                0x00000444       0x2c d:/gcc-arm-none-eabi-10.3-2021.10/bin/../lib/gcc/arm-none-eabi/10.3.1/../../../../arm-none-eabi/lib/thumb/v6-m/nofp\libg.a(lib_a-lock.o)
 .ARM.attributes
                0x00000470       0x2c d:/gcc-arm-none-eabi-10.3-2021.10/bin/../lib/gcc/arm-none-eabi/10.3.1/../../../../arm-none-eabi/lib/thumb/v6-m/nofp\libg.a(lib_a-__atexit.o)
 .ARM.attributes
                0x0000049c       0x1e d:/gcc-arm-none-eabi-10.3-2021.10/bin/../lib/gcc/arm-none-eabi/10.3.1/thumb/v6-m/nofp/crtn.o
OUTPUT(Scratch_control-code.elf elf32-littlearm)
LOAD linker stubs
LOAD d:/gcc-arm-none-eabi-10.3-2021.10/bin/../lib/gcc/arm-none-eabi/10.3.1/../../../../arm-none-eabi/lib/thumb/v6-m/nofp\libc.a
LOAD d:/gcc-arm-none-eabi-10.3-2021.10/bin/../lib/gcc/arm-none-eabi/10.3.1/../../../../arm-none-eabi/lib/thumb/v6-m/nofp\libm.a
LOAD d:/gcc-arm-none-eabi-10.3-2021.10/bin/../lib/gcc/arm-none-eabi/10.3.1/thumb/v6-m/nofp\libgcc.a

.debug_info     0x00000000     0xbe2c
 .debug_info    0x00000000      0x378 CMakeFiles/Scratch_control-code.elf.dir/Core/Src/dma.c.obj
 .debug_info    0x00000378      0x462 CMakeFiles/Scratch_control-code.elf.dir/Core/Src/gpio.c.obj
 .debug_info    0x000007da      0x513 CMakeFiles/Scratch_control-code.elf.dir/Core/Src/main.c.obj
 .debug_info    0x00000ced      0x292 CMakeFiles/Scratch_control-code.elf.dir/Core/Src/stm32g0xx_hal_msp.c.obj
 .debug_info    0x00000f7f      0x47d CMakeFiles/Scratch_control-code.elf.dir/Core/Src/stm32g0xx_it.c.obj
 .debug_info    0x000013fc      0x38b CMakeFiles/Scratch_control-code.elf.dir/Core/Src/system_stm32g0xx.c.obj
 .debug_info    0x00001787     0x1053 CMakeFiles/Scratch_control-code.elf.dir/Core/Src/tim.c.obj
 .debug_info    0x000027da       0x22 CMakeFiles/Scratch_control-code.elf.dir/Core/Startup/startup_stm32g030f6px.s.obj
 .debug_info    0x000027fc      0x9cf CMakeFiles/Scratch_control-code.elf.dir/Drivers/STM32G0xx_HAL_Driver/Src/stm32g0xx_hal.c.obj
 .debug_info    0x000031cb      0xa31 CMakeFiles/Scratch_control-code.elf.dir/Drivers/STM32G0xx_HAL_Driver/Src/stm32g0xx_hal_cortex.c.obj
 .debug_info    0x00003bfc      0xa52 CMakeFiles/Scratch_control-code.elf.dir/Drivers/STM32G0xx_HAL_Driver/Src/stm32g0xx_hal_dma.c.obj
 .debug_info    0x0000464e      0x62d CMakeFiles/Scratch_control-code.elf.dir/Drivers/STM32G0xx_HAL_Driver/Src/stm32g0xx_hal_gpio.c.obj
 .debug_info    0x00004c7b      0x556 CMakeFiles/Scratch_control-code.elf.dir/Drivers/STM32G0xx_HAL_Driver/Src/stm32g0xx_hal_pwr_ex.c.obj
 .debug_info    0x000051d1      0xd32 CMakeFiles/Scratch_control-code.elf.dir/Drivers/STM32G0xx_HAL_Driver/Src/stm32g0xx_hal_rcc.c.obj
 .debug_info    0x00005f03     0x3fe2 CMakeFiles/Scratch_control-code.elf.dir/Drivers/STM32G0xx_HAL_Driver/Src/stm32g0xx_hal_tim.c.obj
 .debug_info    0x00009ee5     0x1f47 CMakeFiles/Scratch_control-code.elf.dir/Drivers/STM32G0xx_HAL_Driver/Src/stm32g0xx_hal_tim_ex.c.obj

.debug_abbrev   0x00000000     0x1cb2
 .debug_abbrev  0x00000000      0x13e CMakeFiles/Scratch_control-code.elf.dir/Core/Src/dma.c.obj
 .debug_abbrev  0x0000013e      0x177 CMakeFiles/Scratch_control-code.elf.dir/Core/Src/gpio.c.obj
 .debug_abbrev  0x000002b5      0x1ad CMakeFiles/Scratch_control-code.elf.dir/Core/Src/main.c.obj
 .debug_abbrev  0x00000462       0xe9 CMakeFiles/Scratch_control-code.elf.dir/Core/Src/stm32g0xx_hal_msp.c.obj
 .debug_abbrev  0x0000054b      0x14f CMakeFiles/Scratch_control-code.elf.dir/Core/Src/stm32g0xx_it.c.obj
 .debug_abbrev  0x0000069a      0x142 CMakeFiles/Scratch_control-code.elf.dir/Core/Src/system_stm32g0xx.c.obj
 .debug_abbrev  0x000007dc      0x222 CMakeFiles/Scratch_control-code.elf.dir/Core/Src/tim.c.obj
 .debug_abbrev  0x000009fe       0x12 CMakeFiles/Scratch_control-code.elf.dir/Core/Startup/startup_stm32g030f6px.s.obj
 .debug_abbrev  0x00000a10      0x29c CMakeFiles/Scratch_control-code.elf.dir/Drivers/STM32G0xx_HAL_Driver/Src/stm32g0xx_hal.c.obj
 .debug_abbrev  0x00000cac      0x2af CMakeFiles/Scratch_control-code.elf.dir/Drivers/STM32G0xx_HAL_Driver/Src/stm32g0xx_hal_cortex.c.obj
 .debug_abbrev  0x00000f5b      0x20a CMakeFiles/Scratch_control-code.elf.dir/Drivers/STM32G0xx_HAL_Driver/Src/stm32g0xx_hal_dma.c.obj
 .debug_abbrev  0x00001165      0x1fd CMakeFiles/Scratch_control-code.elf.dir/Drivers/STM32G0xx_HAL_Driver/Src/stm32g0xx_hal_gpio.c.obj
 .debug_abbrev  0x00001362      0x1f8 CMakeFiles/Scratch_control-code.elf.dir/Drivers/STM32G0xx_HAL_Driver/Src/stm32g0xx_hal_pwr_ex.c.obj
 .debug_abbrev  0x0000155a      0x29a CMakeFiles/Scratch_control-code.elf.dir/Drivers/STM32G0xx_HAL_Driver/Src/stm32g0xx_hal_rcc.c.obj
 .debug_abbrev  0x000017f4      0x254 CMakeFiles/Scratch_control-code.elf.dir/Drivers/STM32G0xx_HAL_Driver/Src/stm32g0xx_hal_tim.c.obj
 .debug_abbrev  0x00001a48      0x26a CMakeFiles/Scratch_control-code.elf.dir/Drivers/STM32G0xx_HAL_Driver/Src/stm32g0xx_hal_tim_ex.c.obj

.debug_aranges  0x00000000      0xa90
 .debug_aranges
                0x00000000       0x20 CMakeFiles/Scratch_control-code.elf.dir/Core/Src/dma.c.obj
 .debug_aranges
                0x00000020       0x20 CMakeFiles/Scratch_control-code.elf.dir/Core/Src/gpio.c.obj
 .debug_aranges
                0x00000040       0x30 CMakeFiles/Scratch_control-code.elf.dir/Core/Src/main.c.obj
 .debug_aranges
                0x00000070       0x20 CMakeFiles/Scratch_control-code.elf.dir/Core/Src/stm32g0xx_hal_msp.c.obj
 .debug_aranges
                0x00000090       0x48 CMakeFiles/Scratch_control-code.elf.dir/Core/Src/stm32g0xx_it.c.obj
 .debug_aranges
                0x000000d8       0x28 CMakeFiles/Scratch_control-code.elf.dir/Core/Src/system_stm32g0xx.c.obj
 .debug_aranges
                0x00000100       0x40 CMakeFiles/Scratch_control-code.elf.dir/Core/Src/tim.c.obj
 .debug_aranges
                0x00000140       0x28 CMakeFiles/Scratch_control-code.elf.dir/Core/Startup/startup_stm32g030f6px.s.obj
 .debug_aranges
                0x00000168      0x100 CMakeFiles/Scratch_control-code.elf.dir/Drivers/STM32G0xx_HAL_Driver/Src/stm32g0xx_hal.c.obj
 .debug_aranges
                0x00000268       0x90 CMakeFiles/Scratch_control-code.elf.dir/Drivers/STM32G0xx_HAL_Driver/Src/stm32g0xx_hal_cortex.c.obj
 .debug_aranges
                0x000002f8       0x90 CMakeFiles/Scratch_control-code.elf.dir/Drivers/STM32G0xx_HAL_Driver/Src/stm32g0xx_hal_dma.c.obj
 .debug_aranges
                0x00000388       0x60 CMakeFiles/Scratch_control-code.elf.dir/Drivers/STM32G0xx_HAL_Driver/Src/stm32g0xx_hal_gpio.c.obj
 .debug_aranges
                0x000003e8       0x98 CMakeFiles/Scratch_control-code.elf.dir/Drivers/STM32G0xx_HAL_Driver/Src/stm32g0xx_hal_pwr_ex.c.obj
 .debug_aranges
                0x00000480       0x98 CMakeFiles/Scratch_control-code.elf.dir/Drivers/STM32G0xx_HAL_Driver/Src/stm32g0xx_hal_rcc.c.obj
 .debug_aranges
                0x00000518      0x3e0 CMakeFiles/Scratch_control-code.elf.dir/Drivers/STM32G0xx_HAL_Driver/Src/stm32g0xx_hal_tim.c.obj
 .debug_aranges
                0x000008f8      0x198 CMakeFiles/Scratch_control-code.elf.dir/Drivers/STM32G0xx_HAL_Driver/Src/stm32g0xx_hal_tim_ex.c.obj

.debug_ranges   0x00000000      0xa18
 .debug_ranges  0x00000000       0x10 CMakeFiles/Scratch_control-code.elf.dir/Core/Src/dma.c.obj
 .debug_ranges  0x00000010       0x10 CMakeFiles/Scratch_control-code.elf.dir/Core/Src/gpio.c.obj
 .debug_ranges  0x00000020       0x20 CMakeFiles/Scratch_control-code.elf.dir/Core/Src/main.c.obj
 .debug_ranges  0x00000040       0x10 CMakeFiles/Scratch_control-code.elf.dir/Core/Src/stm32g0xx_hal_msp.c.obj
 .debug_ranges  0x00000050       0x38 CMakeFiles/Scratch_control-code.elf.dir/Core/Src/stm32g0xx_it.c.obj
 .debug_ranges  0x00000088       0x18 CMakeFiles/Scratch_control-code.elf.dir/Core/Src/system_stm32g0xx.c.obj
 .debug_ranges  0x000000a0       0x30 CMakeFiles/Scratch_control-code.elf.dir/Core/Src/tim.c.obj
 .debug_ranges  0x000000d0       0x20 CMakeFiles/Scratch_control-code.elf.dir/Core/Startup/startup_stm32g030f6px.s.obj
 .debug_ranges  0x000000f0       0xf0 CMakeFiles/Scratch_control-code.elf.dir/Drivers/STM32G0xx_HAL_Driver/Src/stm32g0xx_hal.c.obj
 .debug_ranges  0x000001e0       0xe0 CMakeFiles/Scratch_control-code.elf.dir/Drivers/STM32G0xx_HAL_Driver/Src/stm32g0xx_hal_cortex.c.obj
 .debug_ranges  0x000002c0       0x80 CMakeFiles/Scratch_control-code.elf.dir/Drivers/STM32G0xx_HAL_Driver/Src/stm32g0xx_hal_dma.c.obj
 .debug_ranges  0x00000340       0x50 CMakeFiles/Scratch_control-code.elf.dir/Drivers/STM32G0xx_HAL_Driver/Src/stm32g0xx_hal_gpio.c.obj
 .debug_ranges  0x00000390       0x88 CMakeFiles/Scratch_control-code.elf.dir/Drivers/STM32G0xx_HAL_Driver/Src/stm32g0xx_hal_pwr_ex.c.obj
 .debug_ranges  0x00000418       0xa8 CMakeFiles/Scratch_control-code.elf.dir/Drivers/STM32G0xx_HAL_Driver/Src/stm32g0xx_hal_rcc.c.obj
 .debug_ranges  0x000004c0      0x3d0 CMakeFiles/Scratch_control-code.elf.dir/Drivers/STM32G0xx_HAL_Driver/Src/stm32g0xx_hal_tim.c.obj
 .debug_ranges  0x00000890      0x188 CMakeFiles/Scratch_control-code.elf.dir/Drivers/STM32G0xx_HAL_Driver/Src/stm32g0xx_hal_tim_ex.c.obj

.debug_line     0x00000000     0xbf88
 .debug_line    0x00000000      0x24f CMakeFiles/Scratch_control-code.elf.dir/Core/Src/dma.c.obj
 .debug_line    0x0000024f      0x29d CMakeFiles/Scratch_control-code.elf.dir/Core/Src/gpio.c.obj
 .debug_line    0x000004ec      0x48c CMakeFiles/Scratch_control-code.elf.dir/Core/Src/main.c.obj
 .debug_line    0x00000978      0x247 CMakeFiles/Scratch_control-code.elf.dir/Core/Src/stm32g0xx_hal_msp.c.obj
 .debug_line    0x00000bbf      0x302 CMakeFiles/Scratch_control-code.elf.dir/Core/Src/stm32g0xx_it.c.obj
 .debug_line    0x00000ec1      0x335 CMakeFiles/Scratch_control-code.elf.dir/Core/Src/system_stm32g0xx.c.obj
 .debug_line    0x000011f6      0x673 CMakeFiles/Scratch_control-code.elf.dir/Core/Src/tim.c.obj
 .debug_line    0x00001869       0xce CMakeFiles/Scratch_control-code.elf.dir/Core/Startup/startup_stm32g030f6px.s.obj
 .debug_line    0x00001937      0x6d4 CMakeFiles/Scratch_control-code.elf.dir/Drivers/STM32G0xx_HAL_Driver/Src/stm32g0xx_hal.c.obj
 .debug_line    0x0000200b      0x772 CMakeFiles/Scratch_control-code.elf.dir/Drivers/STM32G0xx_HAL_Driver/Src/stm32g0xx_hal_cortex.c.obj
 .debug_line    0x0000277d      0xbc2 CMakeFiles/Scratch_control-code.elf.dir/Drivers/STM32G0xx_HAL_Driver/Src/stm32g0xx_hal_dma.c.obj
 .debug_line    0x0000333f      0x756 CMakeFiles/Scratch_control-code.elf.dir/Drivers/STM32G0xx_HAL_Driver/Src/stm32g0xx_hal_gpio.c.obj
 .debug_line    0x00003a95      0x613 CMakeFiles/Scratch_control-code.elf.dir/Drivers/STM32G0xx_HAL_Driver/Src/stm32g0xx_hal_pwr_ex.c.obj
 .debug_line    0x000040a8      0xe1e CMakeFiles/Scratch_control-code.elf.dir/Drivers/STM32G0xx_HAL_Driver/Src/stm32g0xx_hal_rcc.c.obj
 .debug_line    0x00004ec6     0x50b4 CMakeFiles/Scratch_control-code.elf.dir/Drivers/STM32G0xx_HAL_Driver/Src/stm32g0xx_hal_tim.c.obj
 .debug_line    0x00009f7a     0x200e CMakeFiles/Scratch_control-code.elf.dir/Drivers/STM32G0xx_HAL_Driver/Src/stm32g0xx_hal_tim_ex.c.obj

.debug_str      0x00000000     0x387a
 .debug_str     0x00000000      0x468 CMakeFiles/Scratch_control-code.elf.dir/Core/Src/dma.c.obj
                                0x4b2 (size before relaxing)
 .debug_str     0x00000468      0x125 CMakeFiles/Scratch_control-code.elf.dir/Core/Src/gpio.c.obj
                                0x3e6 (size before relaxing)
 .debug_str     0x0000058d      0x23e CMakeFiles/Scratch_control-code.elf.dir/Core/Src/main.c.obj
                                0x49d (size before relaxing)
 .debug_str     0x000007cb       0x71 CMakeFiles/Scratch_control-code.elf.dir/Core/Src/stm32g0xx_hal_msp.c.obj
                                0x31d (size before relaxing)
 .debug_str     0x0000083c      0x37e CMakeFiles/Scratch_control-code.elf.dir/Core/Src/stm32g0xx_it.c.obj
                                0x591 (size before relaxing)
 .debug_str     0x00000bba       0xe1 CMakeFiles/Scratch_control-code.elf.dir/Core/Src/system_stm32g0xx.c.obj
                                0x386 (size before relaxing)
 .debug_str     0x00000c9b      0x5c7 CMakeFiles/Scratch_control-code.elf.dir/Core/Src/tim.c.obj
                                0xc6f (size before relaxing)
 .debug_str     0x00001262       0x7b CMakeFiles/Scratch_control-code.elf.dir/Core/Startup/startup_stm32g030f6px.s.obj
                                 0xd5 (size before relaxing)
 .debug_str     0x000012dd      0x40e CMakeFiles/Scratch_control-code.elf.dir/Drivers/STM32G0xx_HAL_Driver/Src/stm32g0xx_hal.c.obj
                                0x8c9 (size before relaxing)
 .debug_str     0x000016eb      0x374 CMakeFiles/Scratch_control-code.elf.dir/Drivers/STM32G0xx_HAL_Driver/Src/stm32g0xx_hal_cortex.c.obj
                                0x792 (size before relaxing)
 .debug_str     0x00001a5f      0x2e7 CMakeFiles/Scratch_control-code.elf.dir/Drivers/STM32G0xx_HAL_Driver/Src/stm32g0xx_hal_dma.c.obj
                                0x820 (size before relaxing)
 .debug_str     0x00001d46      0x17b CMakeFiles/Scratch_control-code.elf.dir/Drivers/STM32G0xx_HAL_Driver/Src/stm32g0xx_hal_gpio.c.obj
                                0x49b (size before relaxing)
 .debug_str     0x00001ec1      0x2e3 CMakeFiles/Scratch_control-code.elf.dir/Drivers/STM32G0xx_HAL_Driver/Src/stm32g0xx_hal_pwr_ex.c.obj
                                0x586 (size before relaxing)
 .debug_str     0x000021a4      0x235 CMakeFiles/Scratch_control-code.elf.dir/Drivers/STM32G0xx_HAL_Driver/Src/stm32g0xx_hal_rcc.c.obj
                                0x7fc (size before relaxing)
 .debug_str     0x000023d9      0xee6 CMakeFiles/Scratch_control-code.elf.dir/Drivers/STM32G0xx_HAL_Driver/Src/stm32g0xx_hal_tim.c.obj
                               0x1855 (size before relaxing)
 .debug_str     0x000032bf      0x5bb CMakeFiles/Scratch_control-code.elf.dir/Drivers/STM32G0xx_HAL_Driver/Src/stm32g0xx_hal_tim_ex.c.obj
                               0x11d6 (size before relaxing)

.comment        0x00000000       0x49
 .comment       0x00000000       0x49 CMakeFiles/Scratch_control-code.elf.dir/Core/Src/dma.c.obj
                                 0x4a (size before relaxing)
 .comment       0x00000049       0x4a CMakeFiles/Scratch_control-code.elf.dir/Core/Src/gpio.c.obj
 .comment       0x00000049       0x4a CMakeFiles/Scratch_control-code.elf.dir/Core/Src/main.c.obj
 .comment       0x00000049       0x4a CMakeFiles/Scratch_control-code.elf.dir/Core/Src/stm32g0xx_hal_msp.c.obj
 .comment       0x00000049       0x4a CMakeFiles/Scratch_control-code.elf.dir/Core/Src/stm32g0xx_it.c.obj
 .comment       0x00000049       0x4a CMakeFiles/Scratch_control-code.elf.dir/Core/Src/system_stm32g0xx.c.obj
 .comment       0x00000049       0x4a CMakeFiles/Scratch_control-code.elf.dir/Core/Src/tim.c.obj
 .comment       0x00000049       0x4a CMakeFiles/Scratch_control-code.elf.dir/Drivers/STM32G0xx_HAL_Driver/Src/stm32g0xx_hal.c.obj
 .comment       0x00000049       0x4a CMakeFiles/Scratch_control-code.elf.dir/Drivers/STM32G0xx_HAL_Driver/Src/stm32g0xx_hal_cortex.c.obj
 .comment       0x00000049       0x4a CMakeFiles/Scratch_control-code.elf.dir/Drivers/STM32G0xx_HAL_Driver/Src/stm32g0xx_hal_dma.c.obj
 .comment       0x00000049       0x4a CMakeFiles/Scratch_control-code.elf.dir/Drivers/STM32G0xx_HAL_Driver/Src/stm32g0xx_hal_gpio.c.obj
 .comment       0x00000049       0x4a CMakeFiles/Scratch_control-code.elf.dir/Drivers/STM32G0xx_HAL_Driver/Src/stm32g0xx_hal_pwr_ex.c.obj
 .comment       0x00000049       0x4a CMakeFiles/Scratch_control-code.elf.dir/Drivers/STM32G0xx_HAL_Driver/Src/stm32g0xx_hal_rcc.c.obj
 .comment       0x00000049       0x4a CMakeFiles/Scratch_control-code.elf.dir/Drivers/STM32G0xx_HAL_Driver/Src/stm32g0xx_hal_tim.c.obj
 .comment       0x00000049       0x4a CMakeFiles/Scratch_control-code.elf.dir/Drivers/STM32G0xx_HAL_Driver/Src/stm32g0xx_hal_tim_ex.c.obj

.debug_frame    0x00000000     0x1c00
 .debug_frame   0x00000000       0x28 CMakeFiles/Scratch_control-code.elf.dir/Core/Src/dma.c.obj
 .debug_frame   0x00000028       0x30 CMakeFiles/Scratch_control-code.elf.dir/Core/Src/gpio.c.obj
 .debug_frame   0x00000058       0x50 CMakeFiles/Scratch_control-code.elf.dir/Core/Src/main.c.obj
 .debug_frame   0x000000a8       0x24 CMakeFiles/Scratch_control-code.elf.dir/Core/Src/stm32g0xx_hal_msp.c.obj
 .debug_frame   0x000000cc       0x80 CMakeFiles/Scratch_control-code.elf.dir/Core/Src/stm32g0xx_it.c.obj
 .debug_frame   0x0000014c       0x38 CMakeFiles/Scratch_control-code.elf.dir/Core/Src/system_stm32g0xx.c.obj
 .debug_frame   0x00000184       0x90 CMakeFiles/Scratch_control-code.elf.dir/Core/Src/tim.c.obj
 .debug_frame   0x00000214      0x20c CMakeFiles/Scratch_control-code.elf.dir/Drivers/STM32G0xx_HAL_Driver/Src/stm32g0xx_hal.c.obj
 .debug_frame   0x00000420      0x114 CMakeFiles/Scratch_control-code.elf.dir/Drivers/STM32G0xx_HAL_Driver/Src/stm32g0xx_hal_cortex.c.obj
 .debug_frame   0x00000534      0x188 CMakeFiles/Scratch_control-code.elf.dir/Drivers/STM32G0xx_HAL_Driver/Src/stm32g0xx_hal_dma.c.obj
 .debug_frame   0x000006bc       0xd0 CMakeFiles/Scratch_control-code.elf.dir/Drivers/STM32G0xx_HAL_Driver/Src/stm32g0xx_hal_gpio.c.obj
 .debug_frame   0x0000078c      0x120 CMakeFiles/Scratch_control-code.elf.dir/Drivers/STM32G0xx_HAL_Driver/Src/stm32g0xx_hal_pwr_ex.c.obj
 .debug_frame   0x000008ac      0x16c CMakeFiles/Scratch_control-code.elf.dir/Drivers/STM32G0xx_HAL_Driver/Src/stm32g0xx_hal_rcc.c.obj
 .debug_frame   0x00000a18      0xb18 CMakeFiles/Scratch_control-code.elf.dir/Drivers/STM32G0xx_HAL_Driver/Src/stm32g0xx_hal_tim.c.obj
 .debug_frame   0x00001530      0x4c0 CMakeFiles/Scratch_control-code.elf.dir/Drivers/STM32G0xx_HAL_Driver/Src/stm32g0xx_hal_tim_ex.c.obj
 .debug_frame   0x000019f0       0x20 d:/gcc-arm-none-eabi-10.3-2021.10/bin/../lib/gcc/arm-none-eabi/10.3.1/thumb/v6-m/nofp\libgcc.a(_udivsi3.o)
 .debug_frame   0x00001a10       0x2c d:/gcc-arm-none-eabi-10.3-2021.10/bin/../lib/gcc/arm-none-eabi/10.3.1/../../../../arm-none-eabi/lib/thumb/v6-m/nofp\libg.a(lib_a-init.o)
 .debug_frame   0x00001a3c       0x30 d:/gcc-arm-none-eabi-10.3-2021.10/bin/../lib/gcc/arm-none-eabi/10.3.1/../../../../arm-none-eabi/lib/thumb/v6-m/nofp\libg.a(lib_a-memset.o)
 .debug_frame   0x00001a6c       0x54 d:/gcc-arm-none-eabi-10.3-2021.10/bin/../lib/gcc/arm-none-eabi/10.3.1/../../../../arm-none-eabi/lib/thumb/v6-m/nofp\libg.a(lib_a-__call_atexit.o)
 .debug_frame   0x00001ac0       0x28 d:/gcc-arm-none-eabi-10.3-2021.10/bin/../lib/gcc/arm-none-eabi/10.3.1/../../../../arm-none-eabi/lib/thumb/v6-m/nofp\libg.a(lib_a-atexit.o)
 .debug_frame   0x00001ae8       0x2c d:/gcc-arm-none-eabi-10.3-2021.10/bin/../lib/gcc/arm-none-eabi/10.3.1/../../../../arm-none-eabi/lib/thumb/v6-m/nofp\libg.a(lib_a-fini.o)
 .debug_frame   0x00001b14       0xb0 d:/gcc-arm-none-eabi-10.3-2021.10/bin/../lib/gcc/arm-none-eabi/10.3.1/../../../../arm-none-eabi/lib/thumb/v6-m/nofp\libg.a(lib_a-lock.o)
 .debug_frame   0x00001bc4       0x3c d:/gcc-arm-none-eabi-10.3-2021.10/bin/../lib/gcc/arm-none-eabi/10.3.1/../../../../arm-none-eabi/lib/thumb/v6-m/nofp\libg.a(lib_a-__atexit.o)

.debug_loc      0x00000000     0xa07d
 .debug_loc     0x00000000       0xa9 CMakeFiles/Scratch_control-code.elf.dir/Core/Src/system_stm32g0xx.c.obj
 .debug_loc     0x000000a9       0xe7 CMakeFiles/Scratch_control-code.elf.dir/Core/Src/tim.c.obj
 .debug_loc     0x00000190      0x1bd CMakeFiles/Scratch_control-code.elf.dir/Drivers/STM32G0xx_HAL_Driver/Src/stm32g0xx_hal.c.obj
 .debug_loc     0x0000034d      0x458 CMakeFiles/Scratch_control-code.elf.dir/Drivers/STM32G0xx_HAL_Driver/Src/stm32g0xx_hal_cortex.c.obj
 .debug_loc     0x000007a5      0x93e CMakeFiles/Scratch_control-code.elf.dir/Drivers/STM32G0xx_HAL_Driver/Src/stm32g0xx_hal_dma.c.obj
 .debug_loc     0x000010e3      0x3a7 CMakeFiles/Scratch_control-code.elf.dir/Drivers/STM32G0xx_HAL_Driver/Src/stm32g0xx_hal_gpio.c.obj
 .debug_loc     0x0000148a      0x2e0 CMakeFiles/Scratch_control-code.elf.dir/Drivers/STM32G0xx_HAL_Driver/Src/stm32g0xx_hal_pwr_ex.c.obj
 .debug_loc     0x0000176a      0x717 CMakeFiles/Scratch_control-code.elf.dir/Drivers/STM32G0xx_HAL_Driver/Src/stm32g0xx_hal_rcc.c.obj
 .debug_loc     0x00001e81     0x5880 CMakeFiles/Scratch_control-code.elf.dir/Drivers/STM32G0xx_HAL_Driver/Src/stm32g0xx_hal_tim.c.obj
 .debug_loc     0x00007701     0x297c CMakeFiles/Scratch_control-code.elf.dir/Drivers/STM32G0xx_HAL_Driver/Src/stm32g0xx_hal_tim_ex.c.obj
